******************************************************************************
                  TI ARM Linker PC v20.2.7                     
******************************************************************************
>> Linked Wed Apr 22 19:08:08 2026

OUTPUT FILE NAME:   <TR28386_T_CM.out>
ENTRY POINT SYMBOL: "_c_int00_noargs"  address: 00202141


MEMORY CONFIGURATION

         name            origin    length      used     unused   attr    fill
----------------------  --------  ---------  --------  --------  ----  --------
  CMBANK0_RESETISR      00200000   00000008  00000006  00000002  RWIX
  CMBANK0_SECTOR0       00200008   00003ff8  00002364  00001c94  RWIX
  CMBANK0_SECTOR1       00204000   00004000  00000000  00004000  RWIX
  CMBANK0_SECTOR2       00208000   00004000  00000000  00004000  RWIX
  CMBANK0_SECTOR3       0020c000   00004000  00000000  00004000  RWIX
  CMBANK0_SECTOR4       00210000   00010000  00000000  00010000  RWIX
  CMBANK0_SECTOR5       00220000   00010000  00000000  00010000  RWIX
  CMBANK0_SECTOR6       00230000   00010000  00000000  00010000  RWIX
  CMBANK0_SECTOR7       00240000   00010000  00000000  00010000  RWIX
  CMBANK0_SECTOR8       00250000   00010000  00000000  00010000  RWIX
  CMBANK0_SECTOR9       00260000   00010000  00000000  00010000  RWIX
  CMBANK0_SECTOR10      00270000   00004000  00000000  00004000  RWIX
  CMBANK0_SECTOR11      00274000   00004000  00000000  00004000  RWIX
  CMBANK0_SECTOR12      00278000   00004000  00000000  00004000  RWIX
  CMBANK0_SECTOR13      0027c000   00004000  00000000  00004000  RWIX
  C1RAM                 1fffc000   00002000  00000200  00001e00  RWIX
  C0RAM                 1fffe000   00002000  00000330  00001cd0  RWIX
  BOOT_RSVD             20000000   00000800  00000000  00000800  RWIX
  S0RAM                 20000800   00003800  00000140  000036c0  RWIX
  S1RAM                 20004000   00004000  00000000  00004000  RWIX
  S2RAM                 20008000   00004000  00000000  00004000  RWIX
  S3RAM                 2000c000   00004000  000002ce  00003d32  RWIX
  E0RAM                 20010000   00004000  00000000  00004000  RWIX
  CPU1TOCMMSGRAM0       20080000   00000800  00000000  00000800  RWIX
  CPU1TOCMMSGRAM1       20080800   00000800  00000000  00000800  RWIX
  CMTOCPU1MSGRAM0       20082000   00000800  00000000  00000800  RWIX
  CMTOCPU1MSGRAM1       20082800   00000800  00000000  00000800  RWIX
  CPU2TOCMMSGRAM0       20084000   00000800  00000000  00000800  RWIX
  CPU2TOCMMSGRAM1       20084800   00000800  00000000  00000800  RWIX
  CMTOCPU2MSGRAM0       20086000   00000800  00000000  00000800  RWIX
  CMTOCPU2MSGRAM1       20086800   00000800  00000000  00000800  RWIX


SEGMENT ALLOCATION MAP

run origin  load origin   length   init length attrs members
----------  ----------- ---------- ----------- ----- -------
00200000    00200000    00000006   00000006    r-x
  00200000    00200000    00000006   00000006    r-x .resetisr
00200340    00200340    000000c0   000000c0    r-x
  00200340    00200340    000000c0   000000c0    r-x .text.1
00200400    00200400    00000140   00000000    rw-
  00200400    00200400    00000140   00000000    rw- .vftable
00200540    00200540    00001e38   00001e38    r-x
  00200540    00200540    00001dcc   00001dcc    r-x .text.2
  00202310    00202310    00000068   00000068    r-- .cinit
1fffc000    1fffc000    00000200   00000000    rw-
  1fffc000    1fffc000    00000200   00000000    rw- .stack
1fffe000    00200010    00000330   00000330    r-x
  1fffe000    00200010    00000330   00000330    r-x .TI.ramfunc
20000800    20000800    00000140   00000000    rw-
  20000800    20000800    00000140   00000000    rw- .vtable
2000c000    2000c000    000002ce   00000000    rw-
  2000c000    2000c000    00000270   00000000    rw- .bss
  2000c270    2000c270    0000005e   00000000    rw- .data


SECTION ALLOCATION MAP

 output                                  attributes/
section   page    origin      length       input sections
--------  ----  ----------  ----------   ----------------
.resetisr 
*          0    00200000    00000006     
                  00200000    00000006     startup_cm.obj (.resetisr:resetISR)

.vftable   0    00200400    00000140     UNINITIALIZED
                  00200400    00000140     startup_cm.obj (.vftable:retain)

.cinit     0    00202310    00000068     
                  00202310    00000024     (.cinit..vftable.load) [load image, compression = lzss]
                  00202334    0000000c     (__TI_handler_table)
                  00202340    00000008     (.cinit..bss.load) [load image, compression = zero_init]
                  00202348    00000008     (.cinit..data.load) [load image, compression = lzss]
                  00202350    00000008     (.cinit..vtable.load) [load image, compression = zero_init]
                  00202358    00000020     (__TI_cinit_table)

.vtable    0    20000800    00000140     UNINITIALIZED
                  20000800    00000140     interrupt.obj (.vtable)

.stack     0    1fffc000    00000200     UNINITIALIZED
                  1fffc000    00000004     rtsv7M4_T_le_eabi.lib : boot_cortex_m.c.obj (.stack)
                  1fffc004    000001fc     --HOLE--

.bss       0    2000c000    00000270     UNINITIALIZED
                  2000c000    00000264     (.common:Ethernet_device_struct)
                  2000c264    0000000c     (.common:xTimer)

.data      0    2000c270    0000005e     UNINITIALIZED
                  2000c270    0000005c     ethernet.obj (.data)
                  2000c2cc    00000002     main.obj (.data)

.TI.ramfunc 
*          0    00200010    00000330     RUN ADDR = 1fffe000
                  00200010    000000bc     flash.obj (.TI.ramfunc:Flash_initModule)
                  002000cc    00000008     flash.obj (.tramp.Flash_isCtrlBaseValid.1)
                  002000d4    00000008     cm.obj (.tramp.__error__.1)
                  002000dc    00000008     flash.obj (.tramp.Flash_isECCBaseValid.1)
                  002000e4    00000008     flash.obj (.tramp.Flash_unlockCtrlRegisters.1)
                  002000ec    00000008     flash.obj (.tramp.Flash_unlockECCRegisters.1)
                  002000f4    00000060     flash.obj (.TI.ramfunc:Flash_setBankPowerMode)
                  00200154    0000004c     flash.obj (.TI.ramfunc:Flash_setPumpPowerMode)
                  002001a0    0000004c     flash.obj (.TI.ramfunc:Flash_setWaitstates)
                  002001ec    00000044     flash.obj (.TI.ramfunc:Flash_disableDataCache)
                  00200230    00000044     flash.obj (.TI.ramfunc:Flash_disableProgramCache)
                  00200274    00000044     flash.obj (.TI.ramfunc:Flash_enableDataCache)
                  002002b8    00000044     flash.obj (.TI.ramfunc:Flash_enableECC)
                  002002fc    00000044     flash.obj (.TI.ramfunc:Flash_enableProgramCache)

__llvm_prf_cnts 
*          0    2000c000    00000000     UNINITIALIZED

.text.1    0    00200340    000000c0     
                  00200340    000000a9     DevTimer.obj (.text:CPUTimer_startTimer)
                  002003e9    00000001     --HOLE-- [fill = 0]
                  002003ea    00000016     ethernet.obj (.text:Ethernet_HW_descQueueGetCount)

.text.2    0    00200540    00001dcc     
                  00200540    000004f4     ethernet.obj (.text:Ethernet_genericISR)
                  00200a34    0000031c     ethernet.obj (.text:Ethernet_addPacketsIntoTxQueue)
                  00200d50    00000218     ethernet.obj (.text:Ethernet_retrieveRxPacket)
                  00200f68    0000017c     ethernet.obj (.text:Ethernet_removePacketsFromTxQueue)
                  002010e4    000000e8     ethernet.obj (.text:Ethernet_removePacketsFromRxQueue)
                  002011cc    000000d4     DevTimer.obj (.text:Initial_TIMER)
                  002012a0    000000a8     ethernet.obj (.text:Ethernet_addPacketsIntoRxQueue)
                  00201348    000000a8     interrupt.obj (.text:Interrupt_enable)
                  002013f0    000000a1     DevTimer.obj (.text:CPUTimer_setPreScaler)
                  00201491    00000001     --HOLE-- [fill = 0]
                  00201492    00000002     main.obj (.text:Cycle_1000ms)
                  00201494    000000a0     interrupt.obj (.text:Interrupt_registerHandler)
                  00201534    0000009c     main.obj (.text:GPIO_togglePin)
                  002015d0    0000009c     rtsv7M4_T_le_eabi.lib : memcpy_t2.asm.obj (.text)
                  0020166c    00000099     DevTimer.obj (.text:CPUTimer_enableInterrupt)
                  00201705    00000001     --HOLE-- [fill = 0]
                  00201706    00000002     main.obj (.text:Cycle_100ms)
                  00201708    00000099     DevTimer.obj (.text:CPUTimer_reloadTimerCounter)
                  002017a1    00000001     --HOLE-- [fill = 0]
                  002017a2    00000002     DevEthernet.obj (.text:Initial_Ethernet)
                  002017a4    00000099     DevTimer.obj (.text:CPUTimer_stopTimer)
                  0020183d    00000001     --HOLE-- [fill = 0]
                  0020183e    00000096     ethernet.obj (.text:Ethernet_writePHYRegister)
                  002018d4    00000085     DevTimer.obj (.text:CPUTimer_setPeriod)
                  00201959    00000001     --HOLE-- [fill = 0]
                  0020195a    00000002     DevIPC.obj (.text:Initial_IPC)
                  0020195c    00000080     ethernet.obj (.text:Ethernet_getOneStepTransmitTimestampPTP)
                  002019dc    00000080     ethernet.obj (.text:Ethernet_submitRxPacket)
                  00201a5c    00000080     startup_cm.obj (.text:nmiISR)
                  00201adc    0000007a     rtsv7M4_T_le_eabi.lib : memset_t2.asm.obj (.text)
                  00201b56    00000002     startup_cm.obj (.text:defaultISR)
                  00201b58    00000078     main.obj (.text:main)
                  00201bd0    00000076     cm.obj (.text:CM_enableAllPeripherals)
                  00201c46    00000072     ethernet.obj (.text:Ethernet_readPHYRegister)
                  00201cb8    00000070     ethernet.obj (.text:Ethernet_receiveISR)
                  00201d28    00000070     ethernet.obj (.text:Ethernet_transmitISR)
                  00201d98    00000068     rtsv7M4_T_le_eabi.lib : copy_decompress_lzss.c.obj (.text:decompress:lzss:__TI_decompress_lzss)
                  00201e00    00000048     sysctl.obj (.text:SysCtl_enablePeripheral)
                  00201e48    00000044     rtsv7M4_T_le_eabi.lib : autoinit.c.obj (.text:__TI_auto_init_nobinit_nopinit:__TI_auto_init_nobinit_nopinit)
                  00201e8c    00000040     cm.obj (.text:CM_init)
                  00201ecc    00000008     flash.obj (.tramp.Flash_initModule.1)
                  00201ed4    00000040     flash.obj (.text:Flash_unlockCtrlRegisters)
                  00201f14    0000003c     ethernet.obj (.text:Ethernet_performPushOnPacketQueue)
                  00201f50    0000003c     flash.obj (.text:Flash_unlockECCRegisters)
                  00201f8c    00000034     DevTimer.obj (.text:CPUTimer_isBaseValid)
                  00201fc0    00000034     DevTimer.obj (.text:isr_CpuTimer1)
                  00201ff4    00000030     ethernet.obj (.text:Ethernet_configureEEEClockGatingControl)
                  00202024    00000030     ethernet.obj (.text:Ethernet_nextDescAvailable)
                  00202054    0000002c     ethernet.obj (.text:Ethernet_isTimestampIntActive)
                  00202080    0000002c     ethernet.obj (.text:Ethernet_isTransmitTimestampStatusSet)
                  002020ac    00000026     ethernet.obj (.text:Ethernet_getRxERICount)
                  002020d2    00000026     ethernet.obj (.text:Ethernet_performPopOnPacketQueue)
                  002020f8    00000024     main.obj (.text:Cycle_10ms)
                  0020211c    00000024     ethernet.obj (.text:Ethernet_enableDmaInterrupt)
                  00202140    00000024     rtsv7M4_T_le_eabi.lib : boot_cortex_m.c.obj (.text:_c_int00_noargs:_c_int00_noargs)
                  00202164    00000020     flash.obj (.text:Flash_isCtrlBaseValid)
                  00202184    00000020     flash.obj (.text:Flash_isECCBaseValid)
                  002021a4    0000001e     ethernet.obj (.text:Ethernet_clearDMAChannelInterrupt)
                  002021c2    0000001e     ethernet.obj (.text:Ethernet_getPHYMode)
                  002021e0    0000001e     ethernet.obj (.text:Ethernet_writeRxDescTailPointer)
                  002021fe    0000001e     ethernet.obj (.text:Ethernet_writeTxDescTailPointer)
                  0020221c    0000001c     rtsv7M4_T_le_eabi.lib : copy_zero_init.c.obj (.text:decompress:ZI:__TI_zero_init_nomemset:__TI_zero_init_nomemset)
                  00202238    0000001a     main.obj (.text:GPIO_isPinValid)
                  00202252    00000018     main.obj (.text:Interrupt_enableInProcessor)
                  0020226a    00000002     startup_cm.obj (.text:faultISR)
                  0020226c    00000018     DevTimer.obj (.text:isr_CpuTimer2)
                  00202284    00000016     ethernet.obj (.text:Ethernet_disableTxEEEMode)
                  0020229a    00000002     DevTimer.obj (.text:isr_CpuTimer0)
                  0020229c    00000014     cm.obj (.text:Interrupt_setVectorTableOffset)
                  002022b0    00000010     main.obj (.text:Cycle_1ms)
                  002022c0    00000010     cm.obj (.text:SysCtl_disableWatchdog)
                  002022d0    0000000e     ethernet.obj (.text:Ethernet_returnTopOfPacketQueue)
                  002022de    0000000e     cm.obj (.text:__error__)
                  002022ec    0000000e     rtsv7M4_T_le_eabi.lib : copy_decompress_none.c.obj (.text:decompress:none:__TI_decompress_none)
                  002022fa    00000008     main.obj (.text:CPU_clearPRIMASK)
                  00202302    00000004     rtsv7M4_T_le_eabi.lib : pre_init.c.obj (.text:_system_pre_init)
                  00202306    00000004                           : exit.c.obj (.text:abort:abort)
                  0020230a    00000002     DevEthernet.obj (.text:updateEthernetTask)

MODULE SUMMARY

       Module                       code   ro data   rw data
       ------                       ----   -------   -------
    .\
       main.obj                     390    0         2      
    +--+----------------------------+------+---------+---------+
       Total:                       390    0         2      
                                                            
    .\Dev\
       DevTimer.obj                 1264   0         12     
       DevEthernet.obj              4      0         0      
       DevIPC.obj                   2      0         0      
    +--+----------------------------+------+---------+---------+
       Total:                       1270   0         12     
                                                            
    .\SDK\driverlib_cm\
       ethernet.obj                 4658   0         704    
       flash.obj                    1812   0         0      
       interrupt.obj                328    0         320    
       sysctl.obj                   72     0         0      
    +--+----------------------------+------+---------+---------+
       Total:                       6870   0         1024   
                                                            
    .\SDK\source\
       startup_cm.obj               138    0         320    
       cm.obj                       248    0         0      
    +--+----------------------------+------+---------+---------+
       Total:                       386    0         320    
                                                            
    C:\ti\ti-cgt-arm_20.2.7.LTS\lib\rtsv7M4_T_le_eabi.lib
       memcpy_t2.asm.obj            156    0         0      
       memset_t2.asm.obj            122    0         0      
       copy_decompress_lzss.c.obj   104    0         0      
       autoinit.c.obj               68     0         0      
       boot_cortex_m.c.obj          36     0         0      
       copy_zero_init.c.obj         28     0         0      
       copy_decompress_none.c.obj   14     0         0      
       exit.c.obj                   4      0         0      
       pre_init.c.obj               4      0         0      
    +--+----------------------------+------+---------+---------+
       Total:                       536    0         0      
                                                            
       Stack:                       0      0         512    
       Linker Generated:            0      104       0      
    +--+----------------------------+------+---------+---------+
       Grand Total:                 9452   104       1870   


LINKER GENERATED COPY TABLES

__TI_cinit_table @ 00202358 records: 4, size/record: 8, table size: 32
	.vftable: load addr=00202310, load size=00000024 bytes, run addr=00200400, run size=00000140 bytes, compression=lzss
	.bss: load addr=00202340, load size=00000008 bytes, run addr=2000c000, run size=00000270 bytes, compression=zero_init
	.data: load addr=00202348, load size=00000008 bytes, run addr=2000c270, run size=0000005e bytes, compression=lzss
	.vtable: load addr=00202350, load size=00000008 bytes, run addr=20000800, run size=00000140 bytes, compression=zero_init


LINKER GENERATED HANDLER TABLE

__TI_handler_table @ 00202334 records: 3, size/record: 4, table size: 12
	index: 0, handler: __TI_decompress_lzss
	index: 1, handler: __TI_decompress_none
	index: 2, handler: __TI_zero_init


FAR CALL TRAMPOLINES

callee name               trampoline name
   callee addr  tramp addr   call addr  call info
--------------  -----------  ---------  ----------------
Flash_initModule          $Tramp$TT$L$PI$$Flash_initModule
   1fffe001     00201ecc     00201ea2   cm.obj (.text:CM_init)
Flash_isCtrlBaseValid     $Tramp$TT$L$PI$$Flash_isCtrlBaseValid
   00202165     1fffe0bc     1fffe010   flash.obj (.TI.ramfunc:Flash_initModule)
                             1fffe0f2   flash.obj (.TI.ramfunc:Flash_setBankPowerMode)
                             1fffe14e   flash.obj (.TI.ramfunc:Flash_setPumpPowerMode)
                             1fffe19a   flash.obj (.TI.ramfunc:Flash_setWaitstates)
                             1fffe1e2   flash.obj (.TI.ramfunc:Flash_disableDataCache)
                             1fffe226   flash.obj (.TI.ramfunc:Flash_disableProgramCache)
                             1fffe26a   flash.obj (.TI.ramfunc:Flash_enableDataCache)
                             1fffe2f2   flash.obj (.TI.ramfunc:Flash_enableProgramCache)
__error__                 $Tramp$TT$L$PI$$__error__
   002022df     1fffe0c4     1fffe01a   flash.obj (.TI.ramfunc:Flash_initModule)
                             1fffe02a   flash.obj (.TI.ramfunc:Flash_initModule)
                             1fffe03a   flash.obj (.TI.ramfunc:Flash_initModule)
                             1fffe0fe   flash.obj (.TI.ramfunc:Flash_setBankPowerMode)
                             1fffe15a   flash.obj (.TI.ramfunc:Flash_setPumpPowerMode)
                             1fffe1a6   flash.obj (.TI.ramfunc:Flash_setWaitstates)
                             1fffe1b8   flash.obj (.TI.ramfunc:Flash_setWaitstates)
                             1fffe1ee   flash.obj (.TI.ramfunc:Flash_disableDataCache)
                             1fffe232   flash.obj (.TI.ramfunc:Flash_disableProgramCache)
                             1fffe276   flash.obj (.TI.ramfunc:Flash_enableDataCache)
                             1fffe2ba   flash.obj (.TI.ramfunc:Flash_enableECC)
                             1fffe2fe   flash.obj (.TI.ramfunc:Flash_enableProgramCache)
Flash_isECCBaseValid      $Tramp$TT$L$PI$$Flash_isECCBaseValid
   00202185     1fffe0cc     1fffe020   flash.obj (.TI.ramfunc:Flash_initModule)
                             1fffe2ae   flash.obj (.TI.ramfunc:Flash_enableECC)
Flash_unlockCtrlRegisters  $Tramp$TT$L$PI$$Flash_unlockCtrlRegisters
   00201ed5     1fffe0d4     1fffe040   flash.obj (.TI.ramfunc:Flash_initModule)
Flash_unlockECCRegisters  $Tramp$TT$L$PI$$Flash_unlockECCRegisters
   00201f51     1fffe0dc     1fffe046   flash.obj (.TI.ramfunc:Flash_initModule)

[6 trampolines]
[25 trampoline calls]


GLOBAL SYMBOLS: SORTED ALPHABETICALLY BY Name 

address   name                                      
-------   ----                                      
00202307  C$$EXIT                                   
00201bd1  CM_enableAllPeripherals                   
00201e8d  CM_init                                   
002003eb  Ethernet_HW_descQueueGetCount             
002012a1  Ethernet_addPacketsIntoRxQueue            
00200a35  Ethernet_addPacketsIntoTxQueue            
002021a5  Ethernet_clearDMAChannelInterrupt         
00201ff5  Ethernet_configureEEEClockGatingControl   
2000c000  Ethernet_device_struct                    
00202285  Ethernet_disableTxEEEMode                 
2000c28c  Ethernet_earlyRxInterruptCount            
2000c290  Ethernet_earlyTxInterruptCount            
2000c2a8  Ethernet_eeeRxLPIEntryCount               
2000c2ac  Ethernet_eeeRxLPIExitCount                
2000c2a0  Ethernet_eeeTxLPIEntryCount               
2000c2a4  Ethernet_eeeTxLPIExitCount                
0020211d  Ethernet_enableDmaInterrupt               
00200541  Ethernet_genericISR                       
2000c288  Ethernet_genericInterruptCount            
2000c294  Ethernet_genericRxCompletionInterruptCount
0020195d  Ethernet_getOneStepTransmitTimestampPTP   
002021c3  Ethernet_getPHYMode                       
002020ad  Ethernet_getRxERICount                    
00202055  Ethernet_isTimestampIntActive             
00202081  Ethernet_isTransmitTimestampStatusSet     
2000c2b4  Ethernet_magicPktReceivedCount            
00202025  Ethernet_nextDescAvailable                
2000c278  Ethernet_numGetPacketBufferCallback       
2000c274  Ethernet_numRxCallback                    
2000c270  Ethernet_numTxPktFreeCallback             
002020d3  Ethernet_performPopOnPacketQueue          
00201f15  Ethernet_performPushOnPacketQueue         
2000c298  Ethernet_phyLinkStatusChangeInterruptCount
2000c2b0  Ethernet_pmtInterruptCount                
00201c47  Ethernet_readPHYRegister                  
00201cb9  Ethernet_receiveISR                       
002010e5  Ethernet_removePacketsFromRxQueue         
00200f69  Ethernet_removePacketsFromTxQueue         
00200d51  Ethernet_retrieveRxPacket                 
2000c2b8  Ethernet_rwakeupPktReceivedCount          
2000c2c0  Ethernet_rxChan0BufUnavail                
2000c2c8  Ethernet_rxChan1BufUnavail                
2000c284  Ethernet_rxContextTimeStamp               
2000c280  Ethernet_rxInterruptCount                 
2000c29c  Ethernet_rxReplacementFailedCount         
002019dd  Ethernet_submitRxPacket                   
00201d29  Ethernet_transmitISR                      
2000c2bc  Ethernet_txChan0BufUnavail                
2000c2c4  Ethernet_txChan1BufUnavail                
2000c27c  Ethernet_txInterruptCount                 
0020183f  Ethernet_writePHYRegister                 
002021e1  Ethernet_writeRxDescTailPointer           
002021ff  Ethernet_writeTxDescTailPointer           
1fffe001  Flash_initModule                          
002017a3  Initial_Ethernet                          
0020195b  Initial_IPC                               
002011cd  Initial_TIMER                             
00201349  Interrupt_enable                          
00201495  Interrupt_registerHandler                 
00200340  RamfuncsLoadEnd                           
00000330  RamfuncsLoadSize                          
00200010  RamfuncsLoadStart                         
1fffe330  RamfuncsRunEnd                            
00000330  RamfuncsRunSize                           
1fffe000  RamfuncsRunStart                          
00201e01  SysCtl_enablePeripheral                   
1fffc200  __STACK_END                               
00000200  __STACK_SIZE                              
00202358  __TI_CINIT_Base                           
00202378  __TI_CINIT_Limit                          
00202334  __TI_Handler_Table_Base                   
00202340  __TI_Handler_Table_Limit                  
00201e49  __TI_auto_init_nobinit_nopinit            
00201d99  __TI_decompress_lzss                      
002022ed  __TI_decompress_none                      
ffffffff  __TI_pprof_out_hndl                       
ffffffff  __TI_prof_data_size                       
ffffffff  __TI_prof_data_start                      
00202310  __TI_static_base__                        
0020221d  __TI_zero_init_nomemset                   
00201add  __aeabi_memclr                            
00201add  __aeabi_memclr4                           
00201add  __aeabi_memclr8                           
002015d1  __aeabi_memcpy                            
002015d1  __aeabi_memcpy4                           
002015d1  __aeabi_memcpy8                           
00201adf  __aeabi_memset                            
00201adf  __aeabi_memset4                           
00201adf  __aeabi_memset8                           
ffffffff  __binit__                                 
ffffffff  __c_args__                                
002022df  __error__                                 
UNDEFED   __mpu_init                                
1fffc000  __stack                                   
2000c000  __start___llvm_prf_cnts                   
2000c000  __stop___llvm_prf_cnts                    
00202141  _c_int00_noargs                           
UNDEFED   _system_post_cinit                        
00202303  _system_pre_init                          
00202307  abort                                     
ffffffff  binit                                     
0020229b  isr_CpuTimer0                             
00201fc1  isr_CpuTimer1                             
0020226d  isr_CpuTimer2                             
00201b59  main                                      
002015d1  memcpy                                    
00201ae5  memset                                    
0020230b  updateEthernetTask                        
00200400  vectorTableFlash                          
20000800  vectorTableRAM                            
2000c264  xTimer                                    


GLOBAL SYMBOLS: SORTED BY Symbol Address 

address   name                                      
-------   ----                                      
00000200  __STACK_SIZE                              
00000330  RamfuncsLoadSize                          
00000330  RamfuncsRunSize                           
00200010  RamfuncsLoadStart                         
00200340  RamfuncsLoadEnd                           
002003eb  Ethernet_HW_descQueueGetCount             
00200400  vectorTableFlash                          
00200541  Ethernet_genericISR                       
00200a35  Ethernet_addPacketsIntoTxQueue            
00200d51  Ethernet_retrieveRxPacket                 
00200f69  Ethernet_removePacketsFromTxQueue         
002010e5  Ethernet_removePacketsFromRxQueue         
002011cd  Initial_TIMER                             
002012a1  Ethernet_addPacketsIntoRxQueue            
00201349  Interrupt_enable                          
00201495  Interrupt_registerHandler                 
002015d1  __aeabi_memcpy                            
002015d1  __aeabi_memcpy4                           
002015d1  __aeabi_memcpy8                           
002015d1  memcpy                                    
002017a3  Initial_Ethernet                          
0020183f  Ethernet_writePHYRegister                 
0020195b  Initial_IPC                               
0020195d  Ethernet_getOneStepTransmitTimestampPTP   
002019dd  Ethernet_submitRxPacket                   
00201add  __aeabi_memclr                            
00201add  __aeabi_memclr4                           
00201add  __aeabi_memclr8                           
00201adf  __aeabi_memset                            
00201adf  __aeabi_memset4                           
00201adf  __aeabi_memset8                           
00201ae5  memset                                    
00201b59  main                                      
00201bd1  CM_enableAllPeripherals                   
00201c47  Ethernet_readPHYRegister                  
00201cb9  Ethernet_receiveISR                       
00201d29  Ethernet_transmitISR                      
00201d99  __TI_decompress_lzss                      
00201e01  SysCtl_enablePeripheral                   
00201e49  __TI_auto_init_nobinit_nopinit            
00201e8d  CM_init                                   
00201f15  Ethernet_performPushOnPacketQueue         
00201fc1  isr_CpuTimer1                             
00201ff5  Ethernet_configureEEEClockGatingControl   
00202025  Ethernet_nextDescAvailable                
00202055  Ethernet_isTimestampIntActive             
00202081  Ethernet_isTransmitTimestampStatusSet     
002020ad  Ethernet_getRxERICount                    
002020d3  Ethernet_performPopOnPacketQueue          
0020211d  Ethernet_enableDmaInterrupt               
00202141  _c_int00_noargs                           
002021a5  Ethernet_clearDMAChannelInterrupt         
002021c3  Ethernet_getPHYMode                       
002021e1  Ethernet_writeRxDescTailPointer           
002021ff  Ethernet_writeTxDescTailPointer           
0020221d  __TI_zero_init_nomemset                   
0020226d  isr_CpuTimer2                             
00202285  Ethernet_disableTxEEEMode                 
0020229b  isr_CpuTimer0                             
002022df  __error__                                 
002022ed  __TI_decompress_none                      
00202303  _system_pre_init                          
00202307  C$$EXIT                                   
00202307  abort                                     
0020230b  updateEthernetTask                        
00202310  __TI_static_base__                        
00202334  __TI_Handler_Table_Base                   
00202340  __TI_Handler_Table_Limit                  
00202358  __TI_CINIT_Base                           
00202378  __TI_CINIT_Limit                          
1fffc000  __stack                                   
1fffc200  __STACK_END                               
1fffe000  RamfuncsRunStart                          
1fffe001  Flash_initModule                          
1fffe330  RamfuncsRunEnd                            
20000800  vectorTableRAM                            
2000c000  Ethernet_device_struct                    
2000c000  __start___llvm_prf_cnts                   
2000c000  __stop___llvm_prf_cnts                    
2000c264  xTimer                                    
2000c270  Ethernet_numTxPktFreeCallback             
2000c274  Ethernet_numRxCallback                    
2000c278  Ethernet_numGetPacketBufferCallback       
2000c27c  Ethernet_txInterruptCount                 
2000c280  Ethernet_rxInterruptCount                 
2000c284  Ethernet_rxContextTimeStamp               
2000c288  Ethernet_genericInterruptCount            
2000c28c  Ethernet_earlyRxInterruptCount            
2000c290  Ethernet_earlyTxInterruptCount            
2000c294  Ethernet_genericRxCompletionInterruptCount
2000c298  Ethernet_phyLinkStatusChangeInterruptCount
2000c29c  Ethernet_rxReplacementFailedCount         
2000c2a0  Ethernet_eeeTxLPIEntryCount               
2000c2a4  Ethernet_eeeTxLPIExitCount                
2000c2a8  Ethernet_eeeRxLPIEntryCount               
2000c2ac  Ethernet_eeeRxLPIExitCount                
2000c2b0  Ethernet_pmtInterruptCount                
2000c2b4  Ethernet_magicPktReceivedCount            
2000c2b8  Ethernet_rwakeupPktReceivedCount          
2000c2bc  Ethernet_txChan0BufUnavail                
2000c2c0  Ethernet_rxChan0BufUnavail                
2000c2c4  Ethernet_txChan1BufUnavail                
2000c2c8  Ethernet_rxChan1BufUnavail                
ffffffff  __TI_pprof_out_hndl                       
ffffffff  __TI_prof_data_size                       
ffffffff  __TI_prof_data_start                      
ffffffff  __binit__                                 
ffffffff  __c_args__                                
ffffffff  binit                                     
UNDEFED   __mpu_init                                
UNDEFED   _system_post_cinit                        

[111 symbols]
