<?xml version="1.0" encoding="ISO-8859-1" ?>
<link_info>
   <banner>TI ARM Linker PC v20.2.7.LTS</banner>
   <copyright>Copyright (c) 1996-2018 Texas Instruments Incorporated</copyright>
   <link_time>0x69e830d1</link_time>
   <link_errors>0x0</link_errors>
   <output_file>TR28386_T_CM.out</output_file>
   <entry_point>
      <name>_c_int00_noargs</name>
      <address>0x201fc5</address>
   </entry_point>
   <input_file_list>
      <input_file id="fl-2">
         <path>.\</path>
         <kind>object</kind>
         <file>main.obj</file>
         <name>main.obj</name>
      </input_file>
      <input_file id="fl-3">
         <path>.\CSU\</path>
         <kind>object</kind>
         <file>CSU_Ethernet.obj</file>
         <name>CSU_Ethernet.obj</name>
      </input_file>
      <input_file id="fl-4">
         <path>.\CSU\</path>
         <kind>object</kind>
         <file>CSU_IPC.obj</file>
         <name>CSU_IPC.obj</name>
      </input_file>
      <input_file id="fl-5">
         <path>.\Dev\</path>
         <kind>object</kind>
         <file>DevEthernet.obj</file>
         <name>DevEthernet.obj</name>
      </input_file>
      <input_file id="fl-6">
         <path>.\Dev\</path>
         <kind>object</kind>
         <file>DevIPC.obj</file>
         <name>DevIPC.obj</name>
      </input_file>
      <input_file id="fl-7">
         <path>.\Dev\</path>
         <kind>object</kind>
         <file>DevTimer.obj</file>
         <name>DevTimer.obj</name>
      </input_file>
      <input_file id="fl-8">
         <path>.\SDK\driverlib_cm\</path>
         <kind>object</kind>
         <file>aes.obj</file>
         <name>aes.obj</name>
      </input_file>
      <input_file id="fl-9">
         <path>.\SDK\driverlib_cm\</path>
         <kind>object</kind>
         <file>can.obj</file>
         <name>can.obj</name>
      </input_file>
      <input_file id="fl-a">
         <path>.\SDK\driverlib_cm\</path>
         <kind>object</kind>
         <file>cmmpu.obj</file>
         <name>cmmpu.obj</name>
      </input_file>
      <input_file id="fl-b">
         <path>.\SDK\driverlib_cm\</path>
         <kind>object</kind>
         <file>cputimer.obj</file>
         <name>cputimer.obj</name>
      </input_file>
      <input_file id="fl-c">
         <path>.\SDK\driverlib_cm\</path>
         <kind>object</kind>
         <file>dcsm.obj</file>
         <name>dcsm.obj</name>
      </input_file>
      <input_file id="fl-d">
         <path>.\SDK\driverlib_cm\</path>
         <kind>object</kind>
         <file>escss.obj</file>
         <name>escss.obj</name>
      </input_file>
      <input_file id="fl-e">
         <path>.\SDK\driverlib_cm\</path>
         <kind>object</kind>
         <file>ethernet.obj</file>
         <name>ethernet.obj</name>
      </input_file>
      <input_file id="fl-f">
         <path>.\SDK\driverlib_cm\</path>
         <kind>object</kind>
         <file>flash.obj</file>
         <name>flash.obj</name>
      </input_file>
      <input_file id="fl-10">
         <path>.\SDK\driverlib_cm\</path>
         <kind>object</kind>
         <file>gcrc.obj</file>
         <name>gcrc.obj</name>
      </input_file>
      <input_file id="fl-11">
         <path>.\SDK\driverlib_cm\</path>
         <kind>object</kind>
         <file>gpio.obj</file>
         <name>gpio.obj</name>
      </input_file>
      <input_file id="fl-12">
         <path>.\SDK\driverlib_cm\</path>
         <kind>object</kind>
         <file>i2c.obj</file>
         <name>i2c.obj</name>
      </input_file>
      <input_file id="fl-13">
         <path>.\SDK\driverlib_cm\</path>
         <kind>object</kind>
         <file>interrupt.obj</file>
         <name>interrupt.obj</name>
      </input_file>
      <input_file id="fl-14">
         <path>.\SDK\driverlib_cm\</path>
         <kind>object</kind>
         <file>ipc.obj</file>
         <name>ipc.obj</name>
      </input_file>
      <input_file id="fl-15">
         <path>.\SDK\driverlib_cm\</path>
         <kind>object</kind>
         <file>mcan.obj</file>
         <name>mcan.obj</name>
      </input_file>
      <input_file id="fl-16">
         <path>.\SDK\driverlib_cm\</path>
         <kind>object</kind>
         <file>memcfg.obj</file>
         <name>memcfg.obj</name>
      </input_file>
      <input_file id="fl-17">
         <path>.\SDK\driverlib_cm\</path>
         <kind>object</kind>
         <file>mpu.obj</file>
         <name>mpu.obj</name>
      </input_file>
      <input_file id="fl-18">
         <path>.\SDK\driverlib_cm\</path>
         <kind>object</kind>
         <file>platform_port.obj</file>
         <name>platform_port.obj</name>
      </input_file>
      <input_file id="fl-19">
         <path>.\SDK\driverlib_cm\</path>
         <kind>object</kind>
         <file>ssi.obj</file>
         <name>ssi.obj</name>
      </input_file>
      <input_file id="fl-1a">
         <path>.\SDK\driverlib_cm\</path>
         <kind>object</kind>
         <file>sysctl.obj</file>
         <name>sysctl.obj</name>
      </input_file>
      <input_file id="fl-1b">
         <path>.\SDK\driverlib_cm\</path>
         <kind>object</kind>
         <file>systick.obj</file>
         <name>systick.obj</name>
      </input_file>
      <input_file id="fl-1c">
         <path>.\SDK\driverlib_cm\</path>
         <kind>object</kind>
         <file>uart.obj</file>
         <name>uart.obj</name>
      </input_file>
      <input_file id="fl-1d">
         <path>.\SDK\driverlib_cm\</path>
         <kind>object</kind>
         <file>udma.obj</file>
         <name>udma.obj</name>
      </input_file>
      <input_file id="fl-1e">
         <path>.\SDK\driverlib_cm\</path>
         <kind>object</kind>
         <file>usb.obj</file>
         <name>usb.obj</name>
      </input_file>
      <input_file id="fl-1f">
         <path>.\SDK\source\</path>
         <kind>object</kind>
         <file>cm.obj</file>
         <name>cm.obj</name>
      </input_file>
      <input_file id="fl-20">
         <path>.\SDK\source\</path>
         <kind>object</kind>
         <file>startup_cm.obj</file>
         <name>startup_cm.obj</name>
      </input_file>
      <input_file id="fl-27">
         <kind>object</kind>
         <file>&lt;internal&gt;</file>
         <name>&lt;internal&gt;</name>
      </input_file>
      <input_file id="fl-dd">
         <path>C:\ti\ti-cgt-arm_20.2.7.LTS\lib\</path>
         <kind>archive</kind>
         <file>rtsv7M4_T_le_eabi.lib</file>
         <name>fs_add_t2.asm.obj</name>
      </input_file>
      <input_file id="fl-de">
         <path>C:\ti\ti-cgt-arm_20.2.7.LTS\lib\</path>
         <kind>archive</kind>
         <file>rtsv7M4_T_le_eabi.lib</file>
         <name>fs_cmp_t2.asm.obj</name>
      </input_file>
      <input_file id="fl-df">
         <path>C:\ti\ti-cgt-arm_20.2.7.LTS\lib\</path>
         <kind>archive</kind>
         <file>rtsv7M4_T_le_eabi.lib</file>
         <name>fs_div_t2.asm.obj</name>
      </input_file>
      <input_file id="fl-e0">
         <path>C:\ti\ti-cgt-arm_20.2.7.LTS\lib\</path>
         <kind>archive</kind>
         <file>rtsv7M4_T_le_eabi.lib</file>
         <name>fs_mul_t2.asm.obj</name>
      </input_file>
      <input_file id="fl-e1">
         <path>C:\ti\ti-cgt-arm_20.2.7.LTS\lib\</path>
         <kind>archive</kind>
         <file>rtsv7M4_T_le_eabi.lib</file>
         <name>fs_toi_t2.asm.obj</name>
      </input_file>
      <input_file id="fl-e2">
         <path>C:\ti\ti-cgt-arm_20.2.7.LTS\lib\</path>
         <kind>archive</kind>
         <file>rtsv7M4_T_le_eabi.lib</file>
         <name>fs_tou_t2.asm.obj</name>
      </input_file>
      <input_file id="fl-e3">
         <path>C:\ti\ti-cgt-arm_20.2.7.LTS\lib\</path>
         <kind>archive</kind>
         <file>rtsv7M4_T_le_eabi.lib</file>
         <name>i_tofs_t2.asm.obj</name>
      </input_file>
      <input_file id="fl-e4">
         <path>C:\ti\ti-cgt-arm_20.2.7.LTS\lib\</path>
         <kind>archive</kind>
         <file>rtsv7M4_T_le_eabi.lib</file>
         <name>memcpy_t2.asm.obj</name>
      </input_file>
      <input_file id="fl-e5">
         <path>C:\ti\ti-cgt-arm_20.2.7.LTS\lib\</path>
         <kind>archive</kind>
         <file>rtsv7M4_T_le_eabi.lib</file>
         <name>u_tofs_t2.asm.obj</name>
      </input_file>
      <input_file id="fl-e6">
         <path>C:\ti\ti-cgt-arm_20.2.7.LTS\lib\</path>
         <kind>archive</kind>
         <file>rtsv7M4_T_le_eabi.lib</file>
         <name>memset_t2.asm.obj</name>
      </input_file>
      <input_file id="fl-e7">
         <path>C:\ti\ti-cgt-arm_20.2.7.LTS\lib\</path>
         <kind>archive</kind>
         <file>rtsv7M4_T_le_eabi.lib</file>
         <name>copy_zero_init.c.obj</name>
      </input_file>
      <input_file id="fl-e8">
         <path>C:\ti\ti-cgt-arm_20.2.7.LTS\lib\</path>
         <kind>archive</kind>
         <file>rtsv7M4_T_le_eabi.lib</file>
         <name>copy_decompress_none.c.obj</name>
      </input_file>
      <input_file id="fl-e9">
         <path>C:\ti\ti-cgt-arm_20.2.7.LTS\lib\</path>
         <kind>archive</kind>
         <file>rtsv7M4_T_le_eabi.lib</file>
         <name>copy_decompress_lzss.c.obj</name>
      </input_file>
      <input_file id="fl-ea">
         <path>C:\ti\ti-cgt-arm_20.2.7.LTS\lib\</path>
         <kind>archive</kind>
         <file>rtsv7M4_T_le_eabi.lib</file>
         <name>boot_cortex_m.c.obj</name>
      </input_file>
      <input_file id="fl-eb">
         <path>C:\ti\ti-cgt-arm_20.2.7.LTS\lib\</path>
         <kind>archive</kind>
         <file>rtsv7M4_T_le_eabi.lib</file>
         <name>autoinit.c.obj</name>
      </input_file>
      <input_file id="fl-ec">
         <path>C:\ti\ti-cgt-arm_20.2.7.LTS\lib\</path>
         <kind>archive</kind>
         <file>rtsv7M4_T_le_eabi.lib</file>
         <name>pre_init.c.obj</name>
      </input_file>
      <input_file id="fl-ed">
         <path>C:\ti\ti-cgt-arm_20.2.7.LTS\lib\</path>
         <kind>archive</kind>
         <file>rtsv7M4_T_le_eabi.lib</file>
         <name>cpy_tbl.c.obj</name>
      </input_file>
      <input_file id="fl-ee">
         <path>C:\ti\ti-cgt-arm_20.2.7.LTS\lib\</path>
         <kind>archive</kind>
         <file>rtsv7M4_T_le_eabi.lib</file>
         <name>exit.c.obj</name>
      </input_file>
      <input_file id="fl-ef">
         <path>C:\ti\ti-cgt-arm_20.2.7.LTS\lib\</path>
         <kind>archive</kind>
         <file>rtsv7M4_T_le_eabi.lib</file>
         <name>_lock.c.obj</name>
      </input_file>
      <input_file id="fl-f0">
         <path>C:\ti\ti-cgt-arm_20.2.7.LTS\lib\</path>
         <kind>archive</kind>
         <file>rtsv7M4_T_le_eabi.lib</file>
         <name>args_main.c.obj</name>
      </input_file>
   </input_file_list>
   <object_component_list>
      <object_component id="oc-43">
         <name>.resetisr:resetISR</name>
         <load_address>0x200000</load_address>
         <run_address>0x200000</run_address>
         <size>0x6</size>
         <input_file_ref idref="fl-20"/>
      </object_component>
      <object_component id="oc-40">
         <name>.vftable:retain</name>
         <load_address>0x200400</load_address>
         <run_address>0x200400</run_address>
         <size>0x140</size>
         <input_file_ref idref="fl-20"/>
      </object_component>
      <object_component id="oc-32a">
         <name>.vtable</name>
         <uninitialized>true</uninitialized>
         <run_address>0x20000800</run_address>
         <size>0x140</size>
         <input_file_ref idref="fl-13"/>
      </object_component>
      <object_component id="oc-27c">
         <name>.text:CPUTimer_startTimer</name>
         <load_address>0x200340</load_address>
         <run_address>0x200340</run_address>
         <size>0xa9</size>
         <input_file_ref idref="fl-7"/>
      </object_component>
      <object_component id="oc-128">
         <name>.text:Ethernet_HW_descQueueGetCount</name>
         <load_address>0x2003ea</load_address>
         <run_address>0x2003ea</run_address>
         <size>0x16</size>
         <input_file_ref idref="fl-e"/>
      </object_component>
      <object_component id="oc-3a">
         <name>.text:Ethernet_genericISR</name>
         <load_address>0x200540</load_address>
         <run_address>0x200540</run_address>
         <size>0x4f4</size>
         <input_file_ref idref="fl-e"/>
      </object_component>
      <object_component id="oc-134">
         <name>.text:Ethernet_addPacketsIntoTxQueue</name>
         <load_address>0x200a34</load_address>
         <run_address>0x200a34</run_address>
         <size>0x31c</size>
         <input_file_ref idref="fl-e"/>
      </object_component>
      <object_component id="oc-15f">
         <name>.text:Ethernet_retrieveRxPacket</name>
         <load_address>0x200d50</load_address>
         <run_address>0x200d50</run_address>
         <size>0x218</size>
         <input_file_ref idref="fl-e"/>
      </object_component>
      <object_component id="oc-87">
         <name>.text:Ethernet_removePacketsFromTxQueue</name>
         <load_address>0x200f68</load_address>
         <run_address>0x200f68</run_address>
         <size>0x17c</size>
         <input_file_ref idref="fl-e"/>
      </object_component>
      <object_component id="oc-9a">
         <name>.text:Ethernet_removePacketsFromRxQueue</name>
         <load_address>0x2010e4</load_address>
         <run_address>0x2010e4</run_address>
         <size>0xe8</size>
         <input_file_ref idref="fl-e"/>
      </object_component>
      <object_component id="oc-1b9">
         <name>.text:Initial_TIMER</name>
         <load_address>0x2011cc</load_address>
         <run_address>0x2011cc</run_address>
         <size>0xc4</size>
         <input_file_ref idref="fl-7"/>
      </object_component>
      <object_component id="oc-a1">
         <name>.text:Ethernet_addPacketsIntoRxQueue</name>
         <load_address>0x201290</load_address>
         <run_address>0x201290</run_address>
         <size>0xa8</size>
         <input_file_ref idref="fl-e"/>
      </object_component>
      <object_component id="oc-25e">
         <name>.text:CPUTimer_setPreScaler</name>
         <load_address>0x201338</load_address>
         <run_address>0x201338</run_address>
         <size>0xa1</size>
         <input_file_ref idref="fl-7"/>
      </object_component>
      <object_component id="oc-1d1">
         <name>.text:Cycle_1000ms</name>
         <load_address>0x2013da</load_address>
         <run_address>0x2013da</run_address>
         <size>0x2</size>
         <input_file_ref idref="fl-2"/>
      </object_component>
      <object_component id="oc-270">
         <name>.text:Interrupt_registerHandler</name>
         <load_address>0x2013dc</load_address>
         <run_address>0x2013dc</run_address>
         <size>0xa0</size>
         <input_file_ref idref="fl-13"/>
      </object_component>
      <object_component id="oc-57">
         <name>.text</name>
         <load_address>0x20147c</load_address>
         <run_address>0x20147c</run_address>
         <size>0x9c</size>
         <input_file_ref idref="fl-e4"/>
      </object_component>
      <object_component id="oc-276">
         <name>.text:CPUTimer_enableInterrupt</name>
         <load_address>0x201518</load_address>
         <run_address>0x201518</run_address>
         <size>0x99</size>
         <input_file_ref idref="fl-7"/>
      </object_component>
      <object_component id="oc-1cb">
         <name>.text:Cycle_100ms</name>
         <load_address>0x2015b2</load_address>
         <run_address>0x2015b2</run_address>
         <size>0x2</size>
         <input_file_ref idref="fl-2"/>
      </object_component>
      <object_component id="oc-26a">
         <name>.text:CPUTimer_reloadTimerCounter</name>
         <load_address>0x2015b4</load_address>
         <run_address>0x2015b4</run_address>
         <size>0x99</size>
         <input_file_ref idref="fl-7"/>
      </object_component>
      <object_component id="oc-1c5">
         <name>.text:Cycle_10ms</name>
         <load_address>0x20164e</load_address>
         <run_address>0x20164e</run_address>
         <size>0x2</size>
         <input_file_ref idref="fl-2"/>
      </object_component>
      <object_component id="oc-264">
         <name>.text:CPUTimer_stopTimer</name>
         <load_address>0x201650</load_address>
         <run_address>0x201650</run_address>
         <size>0x99</size>
         <input_file_ref idref="fl-7"/>
      </object_component>
      <object_component id="oc-d1">
         <name>.text:Ethernet_writePHYRegister</name>
         <load_address>0x2016ea</load_address>
         <run_address>0x2016ea</run_address>
         <size>0x96</size>
         <input_file_ref idref="fl-e"/>
      </object_component>
      <object_component id="oc-258">
         <name>.text:CPUTimer_setPeriod</name>
         <load_address>0x201780</load_address>
         <run_address>0x201780</run_address>
         <size>0x85</size>
         <input_file_ref idref="fl-7"/>
      </object_component>
      <object_component id="oc-1b3">
         <name>.text:Initial_Ethernet</name>
         <load_address>0x201806</load_address>
         <run_address>0x201806</run_address>
         <size>0x2</size>
         <input_file_ref idref="fl-5"/>
      </object_component>
      <object_component id="oc-c5">
         <name>.text:Ethernet_getOneStepTransmitTimestampPTP</name>
         <load_address>0x201808</load_address>
         <run_address>0x201808</run_address>
         <size>0x80</size>
         <input_file_ref idref="fl-e"/>
      </object_component>
      <object_component id="oc-165">
         <name>.text:Ethernet_submitRxPacket</name>
         <load_address>0x201888</load_address>
         <run_address>0x201888</run_address>
         <size>0x80</size>
         <input_file_ref idref="fl-e"/>
      </object_component>
      <object_component id="oc-dd">
         <name>.text:nmiISR</name>
         <load_address>0x201908</load_address>
         <run_address>0x201908</run_address>
         <size>0x80</size>
         <input_file_ref idref="fl-20"/>
      </object_component>
      <object_component id="oc-10a">
         <name>.text</name>
         <load_address>0x201988</load_address>
         <run_address>0x201988</run_address>
         <size>0x7a</size>
         <input_file_ref idref="fl-e6"/>
      </object_component>
      <object_component id="oc-249">
         <name>.text:CM_enableAllPeripherals</name>
         <load_address>0x201a02</load_address>
         <run_address>0x201a02</run_address>
         <size>0x76</size>
         <input_file_ref idref="fl-1f"/>
      </object_component>
      <object_component id="oc-116">
         <name>.text:main</name>
         <load_address>0x201a78</load_address>
         <run_address>0x201a78</run_address>
         <size>0x74</size>
         <input_file_ref idref="fl-2"/>
      </object_component>
      <object_component id="oc-cb">
         <name>.text:Ethernet_readPHYRegister</name>
         <load_address>0x201aec</load_address>
         <run_address>0x201aec</run_address>
         <size>0x72</size>
         <input_file_ref idref="fl-e"/>
      </object_component>
      <object_component id="oc-1ad">
         <name>.text:Initial_IPC</name>
         <load_address>0x201b5e</load_address>
         <run_address>0x201b5e</run_address>
         <size>0x2</size>
         <input_file_ref idref="fl-6"/>
      </object_component>
      <object_component id="oc-34">
         <name>.text:Ethernet_receiveISR</name>
         <load_address>0x201b60</load_address>
         <run_address>0x201b60</run_address>
         <size>0x70</size>
         <input_file_ref idref="fl-e"/>
      </object_component>
      <object_component id="oc-2e">
         <name>.text:Ethernet_transmitISR</name>
         <load_address>0x201bd0</load_address>
         <run_address>0x201bd0</run_address>
         <size>0x70</size>
         <input_file_ref idref="fl-e"/>
      </object_component>
      <object_component id="oc-1a">
         <name>.text:decompress:lzss:__TI_decompress_lzss</name>
         <load_address>0x201c40</load_address>
         <run_address>0x201c40</run_address>
         <size>0x68</size>
         <input_file_ref idref="fl-e9"/>
      </object_component>
      <object_component id="oc-318">
         <name>.text:SysCtl_enablePeripheral</name>
         <load_address>0x201ca8</load_address>
         <run_address>0x201ca8</run_address>
         <size>0x48</size>
         <input_file_ref idref="fl-1a"/>
      </object_component>
      <object_component id="oc-1ed">
         <name>.text:__TI_auto_init_nobinit_nopinit:__TI_auto_init_nobinit_nopinit</name>
         <load_address>0x201cf0</load_address>
         <run_address>0x201cf0</run_address>
         <size>0x44</size>
         <input_file_ref idref="fl-eb"/>
      </object_component>
      <object_component id="oc-1a7">
         <name>.text:CM_init</name>
         <load_address>0x201d34</load_address>
         <run_address>0x201d34</run_address>
         <size>0x40</size>
         <input_file_ref idref="fl-1f"/>
      </object_component>
      <object_component id="oc-3bc">
         <name>.tramp.Flash_initModule.1</name>
         <load_address>0x201d74</load_address>
         <run_address>0x201d74</run_address>
         <size>0x8</size>
         <input_file_ref idref="fl-f"/>
      </object_component>
      <object_component id="oc-2da">
         <name>.text:Flash_unlockCtrlRegisters</name>
         <load_address>0x201d7c</load_address>
         <run_address>0x201d7c</run_address>
         <size>0x40</size>
         <input_file_ref idref="fl-f"/>
      </object_component>
      <object_component id="oc-172">
         <name>.text:Ethernet_performPushOnPacketQueue</name>
         <load_address>0x201dbc</load_address>
         <run_address>0x201dbc</run_address>
         <size>0x3c</size>
         <input_file_ref idref="fl-e"/>
      </object_component>
      <object_component id="oc-2e0">
         <name>.text:Flash_unlockECCRegisters</name>
         <load_address>0x201df8</load_address>
         <run_address>0x201df8</run_address>
         <size>0x3c</size>
         <input_file_ref idref="fl-f"/>
      </object_component>
      <object_component id="oc-320">
         <name>.text:CPUTimer_isBaseValid</name>
         <load_address>0x201e34</load_address>
         <run_address>0x201e34</run_address>
         <size>0x34</size>
         <input_file_ref idref="fl-7"/>
      </object_component>
      <object_component id="oc-288">
         <name>.text:isr_CpuTimer1</name>
         <load_address>0x201e68</load_address>
         <run_address>0x201e68</run_address>
         <size>0x34</size>
         <input_file_ref idref="fl-7"/>
      </object_component>
      <object_component id="oc-ad">
         <name>.text:Ethernet_configureEEEClockGatingControl</name>
         <load_address>0x201e9c</load_address>
         <run_address>0x201e9c</run_address>
         <size>0x30</size>
         <input_file_ref idref="fl-e"/>
      </object_component>
      <object_component id="oc-159">
         <name>.text:Ethernet_nextDescAvailable</name>
         <load_address>0x201ecc</load_address>
         <run_address>0x201ecc</run_address>
         <size>0x30</size>
         <input_file_ref idref="fl-e"/>
      </object_component>
      <object_component id="oc-b9">
         <name>.text:Ethernet_isTimestampIntActive</name>
         <load_address>0x201efc</load_address>
         <run_address>0x201efc</run_address>
         <size>0x2c</size>
         <input_file_ref idref="fl-e"/>
      </object_component>
      <object_component id="oc-bf">
         <name>.text:Ethernet_isTransmitTimestampStatusSet</name>
         <load_address>0x201f28</load_address>
         <run_address>0x201f28</run_address>
         <size>0x2c</size>
         <input_file_ref idref="fl-e"/>
      </object_component>
      <object_component id="oc-230">
         <name>.text:Ethernet_getRxERICount</name>
         <load_address>0x201f54</load_address>
         <run_address>0x201f54</run_address>
         <size>0x26</size>
         <input_file_ref idref="fl-e"/>
      </object_component>
      <object_component id="oc-12e">
         <name>.text:Ethernet_performPopOnPacketQueue</name>
         <load_address>0x201f7a</load_address>
         <run_address>0x201f7a</run_address>
         <size>0x26</size>
         <input_file_ref idref="fl-e"/>
      </object_component>
      <object_component id="oc-16b">
         <name>.text:Ethernet_enableDmaInterrupt</name>
         <load_address>0x201fa0</load_address>
         <run_address>0x201fa0</run_address>
         <size>0x24</size>
         <input_file_ref idref="fl-e"/>
      </object_component>
      <object_component id="oc-75">
         <name>.text:_c_int00_noargs:_c_int00_noargs</name>
         <load_address>0x201fc4</load_address>
         <run_address>0x201fc4</run_address>
         <size>0x24</size>
         <input_file_ref idref="fl-ea"/>
      </object_component>
      <object_component id="oc-2ce">
         <name>.text:Flash_isCtrlBaseValid</name>
         <load_address>0x201fe8</load_address>
         <run_address>0x201fe8</run_address>
         <size>0x20</size>
         <input_file_ref idref="fl-f"/>
      </object_component>
      <object_component id="oc-2d4">
         <name>.text:Flash_isECCBaseValid</name>
         <load_address>0x202008</load_address>
         <run_address>0x202008</run_address>
         <size>0x20</size>
         <input_file_ref idref="fl-f"/>
      </object_component>
      <object_component id="oc-8d">
         <name>.text:Ethernet_clearDMAChannelInterrupt</name>
         <load_address>0x202028</load_address>
         <run_address>0x202028</run_address>
         <size>0x1e</size>
         <input_file_ref idref="fl-e"/>
      </object_component>
      <object_component id="oc-185">
         <name>.text:Ethernet_getPHYMode</name>
         <load_address>0x202046</load_address>
         <run_address>0x202046</run_address>
         <size>0x1e</size>
         <input_file_ref idref="fl-e"/>
      </object_component>
      <object_component id="oc-a7">
         <name>.text:Ethernet_writeRxDescTailPointer</name>
         <load_address>0x202064</load_address>
         <run_address>0x202064</run_address>
         <size>0x1e</size>
         <input_file_ref idref="fl-e"/>
      </object_component>
      <object_component id="oc-221">
         <name>.text:Ethernet_writeTxDescTailPointer</name>
         <load_address>0x202082</load_address>
         <run_address>0x202082</run_address>
         <size>0x1e</size>
         <input_file_ref idref="fl-e"/>
      </object_component>
      <object_component id="oc-63">
         <name>.text:decompress:ZI:__TI_zero_init_nomemset:__TI_zero_init_nomemset</name>
         <load_address>0x2020a0</load_address>
         <run_address>0x2020a0</run_address>
         <size>0x1c</size>
         <input_file_ref idref="fl-e7"/>
      </object_component>
      <object_component id="oc-28e">
         <name>.text:isr_CpuTimer2</name>
         <load_address>0x2020bc</load_address>
         <run_address>0x2020bc</run_address>
         <size>0x18</size>
         <input_file_ref idref="fl-7"/>
      </object_component>
      <object_component id="oc-b3">
         <name>.text:Ethernet_disableTxEEEMode</name>
         <load_address>0x2020d4</load_address>
         <run_address>0x2020d4</run_address>
         <size>0x16</size>
         <input_file_ref idref="fl-e"/>
      </object_component>
      <object_component id="oc-e9">
         <name>.text:defaultISR</name>
         <load_address>0x2020ea</load_address>
         <run_address>0x2020ea</run_address>
         <size>0x2</size>
         <input_file_ref idref="fl-20"/>
      </object_component>
      <object_component id="oc-24f">
         <name>.text:Interrupt_setVectorTableOffset</name>
         <load_address>0x2020ec</load_address>
         <run_address>0x2020ec</run_address>
         <size>0x14</size>
         <input_file_ref idref="fl-1f"/>
      </object_component>
      <object_component id="oc-1bf">
         <name>.text:Cycle_1ms</name>
         <load_address>0x202100</load_address>
         <run_address>0x202100</run_address>
         <size>0x10</size>
         <input_file_ref idref="fl-2"/>
      </object_component>
      <object_component id="oc-23d">
         <name>.text:SysCtl_disableWatchdog</name>
         <load_address>0x202110</load_address>
         <run_address>0x202110</run_address>
         <size>0x10</size>
         <input_file_ref idref="fl-1f"/>
      </object_component>
      <object_component id="oc-22a">
         <name>.text:Ethernet_returnTopOfPacketQueue</name>
         <load_address>0x202120</load_address>
         <run_address>0x202120</run_address>
         <size>0xe</size>
         <input_file_ref idref="fl-e"/>
      </object_component>
      <object_component id="oc-17e">
         <name>.text:__error__</name>
         <load_address>0x20212e</load_address>
         <run_address>0x20212e</run_address>
         <size>0xe</size>
         <input_file_ref idref="fl-1f"/>
      </object_component>
      <object_component id="oc-20">
         <name>.text:decompress:none:__TI_decompress_none</name>
         <load_address>0x20213c</load_address>
         <run_address>0x20213c</run_address>
         <size>0xe</size>
         <input_file_ref idref="fl-e8"/>
      </object_component>
      <object_component id="oc-110">
         <name>.text:_system_pre_init</name>
         <load_address>0x20214a</load_address>
         <run_address>0x20214a</run_address>
         <size>0x4</size>
         <input_file_ref idref="fl-ec"/>
      </object_component>
      <object_component id="oc-1e1">
         <name>.text:abort:abort</name>
         <load_address>0x20214e</load_address>
         <run_address>0x20214e</run_address>
         <size>0x4</size>
         <input_file_ref idref="fl-ee"/>
      </object_component>
      <object_component id="oc-e3">
         <name>.text:faultISR</name>
         <load_address>0x202152</load_address>
         <run_address>0x202152</run_address>
         <size>0x2</size>
         <input_file_ref idref="fl-20"/>
      </object_component>
      <object_component id="oc-282">
         <name>.text:isr_CpuTimer0</name>
         <load_address>0x202154</load_address>
         <run_address>0x202154</run_address>
         <size>0x2</size>
         <input_file_ref idref="fl-7"/>
      </object_component>
      <object_component id="oc-1d7">
         <name>.text:updateEthernetTask</name>
         <load_address>0x202156</load_address>
         <run_address>0x202156</run_address>
         <size>0x2</size>
         <input_file_ref idref="fl-5"/>
      </object_component>
      <object_component id="oc-3b1">
         <name>.cinit..vftable.load</name>
         <load_address>0x202160</load_address>
         <run_address>0x202160</run_address>
         <size>0x24</size>
      </object_component>
      <object_component id="oc-3af">
         <name>__TI_handler_table</name>
         <load_address>0x202184</load_address>
         <run_address>0x202184</run_address>
         <size>0xc</size>
      </object_component>
      <object_component id="oc-3b4">
         <name>.cinit..bss.load</name>
         <load_address>0x202190</load_address>
         <run_address>0x202190</run_address>
         <size>0x8</size>
      </object_component>
      <object_component id="oc-3b3">
         <name>.cinit..data.load</name>
         <load_address>0x202198</load_address>
         <run_address>0x202198</run_address>
         <size>0x8</size>
      </object_component>
      <object_component id="oc-3b2">
         <name>.cinit..vtable.load</name>
         <load_address>0x2021a0</load_address>
         <run_address>0x2021a0</run_address>
         <size>0x8</size>
      </object_component>
      <object_component id="oc-3b0">
         <name>__TI_cinit_table</name>
         <load_address>0x2021a8</load_address>
         <run_address>0x2021a8</run_address>
         <size>0x20</size>
      </object_component>
      <object_component id="oc-49">
         <name>.stack</name>
         <uninitialized>true</uninitialized>
         <run_address>0x1fffc000</run_address>
         <size>0x4</size>
         <input_file_ref idref="fl-ea"/>
      </object_component>
      <object_component id="oc-3b6">
         <name>.stack</name>
         <uninitialized>true</uninitialized>
         <run_address>0x1fffc000</run_address>
         <size>0x0</size>
      </object_component>
      <object_component id="oc-96">
         <name>.data</name>
         <load_address>0x2000c270</load_address>
         <run_address>0x2000c270</run_address>
         <size>0x5c</size>
         <input_file_ref idref="fl-e"/>
      </object_component>
      <object_component id="oc-1dd">
         <name>.common:xTimer</name>
         <uninitialized>true</uninitialized>
         <run_address>0x2000c264</run_address>
         <size>0xc</size>
      </object_component>
      <object_component id="oc-93">
         <name>.common:Ethernet_device_struct</name>
         <uninitialized>true</uninitialized>
         <run_address>0x2000c000</run_address>
         <size>0x264</size>
      </object_component>
      <object_component id="oc-243">
         <name>.TI.ramfunc:Flash_initModule</name>
         <load_address>0x200010</load_address>
         <run_address>0x1fffe000</run_address>
         <size>0xbc</size>
         <input_file_ref idref="fl-f"/>
      </object_component>
      <object_component id="oc-3b7">
         <name>.tramp.Flash_isCtrlBaseValid.1</name>
         <load_address>0x2000cc</load_address>
         <run_address>0x1fffe0bc</run_address>
         <size>0x8</size>
         <input_file_ref idref="fl-f"/>
      </object_component>
      <object_component id="oc-3b8">
         <name>.tramp.__error__.1</name>
         <load_address>0x2000d4</load_address>
         <run_address>0x1fffe0c4</run_address>
         <size>0x8</size>
         <input_file_ref idref="fl-1f"/>
      </object_component>
      <object_component id="oc-3b9">
         <name>.tramp.Flash_isECCBaseValid.1</name>
         <load_address>0x2000dc</load_address>
         <run_address>0x1fffe0cc</run_address>
         <size>0x8</size>
         <input_file_ref idref="fl-f"/>
      </object_component>
      <object_component id="oc-3ba">
         <name>.tramp.Flash_unlockCtrlRegisters.1</name>
         <load_address>0x2000e4</load_address>
         <run_address>0x1fffe0d4</run_address>
         <size>0x8</size>
         <input_file_ref idref="fl-f"/>
      </object_component>
      <object_component id="oc-3bb">
         <name>.tramp.Flash_unlockECCRegisters.1</name>
         <load_address>0x2000ec</load_address>
         <run_address>0x1fffe0dc</run_address>
         <size>0x8</size>
         <input_file_ref idref="fl-f"/>
      </object_component>
      <object_component id="oc-2e6">
         <name>.TI.ramfunc:Flash_setBankPowerMode</name>
         <load_address>0x2000f4</load_address>
         <run_address>0x1fffe0e4</run_address>
         <size>0x60</size>
         <input_file_ref idref="fl-f"/>
      </object_component>
      <object_component id="oc-2ec">
         <name>.TI.ramfunc:Flash_setPumpPowerMode</name>
         <load_address>0x200154</load_address>
         <run_address>0x1fffe144</run_address>
         <size>0x4c</size>
         <input_file_ref idref="fl-f"/>
      </object_component>
      <object_component id="oc-2fe">
         <name>.TI.ramfunc:Flash_setWaitstates</name>
         <load_address>0x2001a0</load_address>
         <run_address>0x1fffe190</run_address>
         <size>0x4c</size>
         <input_file_ref idref="fl-f"/>
      </object_component>
      <object_component id="oc-2f2">
         <name>.TI.ramfunc:Flash_disableDataCache</name>
         <load_address>0x2001ec</load_address>
         <run_address>0x1fffe1dc</run_address>
         <size>0x44</size>
         <input_file_ref idref="fl-f"/>
      </object_component>
      <object_component id="oc-2f8">
         <name>.TI.ramfunc:Flash_disableProgramCache</name>
         <load_address>0x200230</load_address>
         <run_address>0x1fffe220</run_address>
         <size>0x44</size>
         <input_file_ref idref="fl-f"/>
      </object_component>
      <object_component id="oc-304">
         <name>.TI.ramfunc:Flash_enableDataCache</name>
         <load_address>0x200274</load_address>
         <run_address>0x1fffe264</run_address>
         <size>0x44</size>
         <input_file_ref idref="fl-f"/>
      </object_component>
      <object_component id="oc-310">
         <name>.TI.ramfunc:Flash_enableECC</name>
         <load_address>0x2002b8</load_address>
         <run_address>0x1fffe2a8</run_address>
         <size>0x44</size>
         <input_file_ref idref="fl-f"/>
      </object_component>
      <object_component id="oc-30a">
         <name>.TI.ramfunc:Flash_enableProgramCache</name>
         <load_address>0x2002fc</load_address>
         <run_address>0x1fffe2ec</run_address>
         <size>0x44</size>
         <input_file_ref idref="fl-f"/>
      </object_component>
      <object_component id="oc-228">
         <name>.debug_info</name>
         <load_address>0x0</load_address>
         <run_address>0x0</run_address>
         <size>0x3d6</size>
         <input_file_ref idref="fl-2"/>
      </object_component>
      <object_component id="oc-117">
         <name>.debug_info</name>
         <load_address>0x3d6</load_address>
         <run_address>0x3d6</run_address>
         <size>0x1bb</size>
         <input_file_ref idref="fl-2"/>
      </object_component>
      <object_component id="oc-1c0">
         <name>.debug_info</name>
         <load_address>0x591</load_address>
         <run_address>0x591</run_address>
         <size>0x11c</size>
         <input_file_ref idref="fl-2"/>
      </object_component>
      <object_component id="oc-1c6">
         <name>.debug_info</name>
         <load_address>0x6ad</load_address>
         <run_address>0x6ad</run_address>
         <size>0x11e</size>
         <input_file_ref idref="fl-2"/>
      </object_component>
      <object_component id="oc-1cc">
         <name>.debug_info</name>
         <load_address>0x7cb</load_address>
         <run_address>0x7cb</run_address>
         <size>0x120</size>
         <input_file_ref idref="fl-2"/>
      </object_component>
      <object_component id="oc-1d2">
         <name>.debug_info</name>
         <load_address>0x8eb</load_address>
         <run_address>0x8eb</run_address>
         <size>0x122</size>
         <input_file_ref idref="fl-2"/>
      </object_component>
      <object_component id="oc-140">
         <name>.debug_info</name>
         <load_address>0xa0d</load_address>
         <run_address>0xa0d</run_address>
         <size>0x224f</size>
         <input_file_ref idref="fl-2"/>
      </object_component>
      <object_component id="oc-2c8">
         <name>.debug_info</name>
         <load_address>0x2c5c</load_address>
         <run_address>0x2c5c</run_address>
         <size>0x297</size>
         <input_file_ref idref="fl-2"/>
      </object_component>
      <object_component id="oc-197">
         <name>.debug_info</name>
         <load_address>0x2ef3</load_address>
         <run_address>0x2ef3</run_address>
         <size>0x4e1</size>
         <input_file_ref idref="fl-2"/>
      </object_component>
      <object_component id="oc-35a">
         <name>.debug_info</name>
         <load_address>0x33d4</load_address>
         <run_address>0x33d4</run_address>
         <size>0x147</size>
         <input_file_ref idref="fl-2"/>
      </object_component>
      <object_component id="oc-29c">
         <name>.debug_info</name>
         <load_address>0x351b</load_address>
         <run_address>0x351b</run_address>
         <size>0xae</size>
         <input_file_ref idref="fl-2"/>
      </object_component>
      <object_component id="oc-148">
         <name>.debug_info</name>
         <load_address>0x35c9</load_address>
         <run_address>0x35c9</run_address>
         <size>0x26b</size>
         <input_file_ref idref="fl-2"/>
      </object_component>
      <object_component id="oc-13b">
         <name>.debug_info</name>
         <load_address>0x3834</load_address>
         <run_address>0x3834</run_address>
         <size>0x8b</size>
         <input_file_ref idref="fl-2"/>
      </object_component>
      <object_component id="oc-18d">
         <name>.debug_info</name>
         <load_address>0x38bf</load_address>
         <run_address>0x38bf</run_address>
         <size>0x2a4</size>
         <input_file_ref idref="fl-2"/>
      </object_component>
      <object_component id="oc-d8">
         <name>.debug_info</name>
         <load_address>0x3b63</load_address>
         <run_address>0x3b63</run_address>
         <size>0xbb</size>
         <input_file_ref idref="fl-2"/>
      </object_component>
      <object_component id="oc-152">
         <name>.debug_info</name>
         <load_address>0x3c1e</load_address>
         <run_address>0x3c1e</run_address>
         <size>0x2c</size>
         <input_file_ref idref="fl-2"/>
      </object_component>
      <object_component id="oc-14d">
         <name>.debug_info</name>
         <load_address>0x3c4a</load_address>
         <run_address>0x3c4a</run_address>
         <size>0x35</size>
         <input_file_ref idref="fl-2"/>
      </object_component>
      <object_component id="oc-1b4">
         <name>.debug_info</name>
         <load_address>0x3c7f</load_address>
         <run_address>0x3c7f</run_address>
         <size>0x14c</size>
         <input_file_ref idref="fl-5"/>
      </object_component>
      <object_component id="oc-1d8">
         <name>.debug_info</name>
         <load_address>0x3dcb</load_address>
         <run_address>0x3dcb</run_address>
         <size>0x150</size>
         <input_file_ref idref="fl-5"/>
      </object_component>
      <object_component id="oc-1af">
         <name>.debug_info</name>
         <load_address>0x3f1b</load_address>
         <run_address>0x3f1b</run_address>
         <size>0x133</size>
         <input_file_ref idref="fl-6"/>
      </object_component>
      <object_component id="oc-1de">
         <name>.debug_info</name>
         <load_address>0x404e</load_address>
         <run_address>0x404e</run_address>
         <size>0x3e3</size>
         <input_file_ref idref="fl-7"/>
      </object_component>
      <object_component id="oc-321">
         <name>.debug_info</name>
         <load_address>0x4431</load_address>
         <run_address>0x4431</run_address>
         <size>0x217</size>
         <input_file_ref idref="fl-7"/>
      </object_component>
      <object_component id="oc-278">
         <name>.debug_info</name>
         <load_address>0x4648</load_address>
         <run_address>0x4648</run_address>
         <size>0x260</size>
         <input_file_ref idref="fl-7"/>
      </object_component>
      <object_component id="oc-26b">
         <name>.debug_info</name>
         <load_address>0x48a8</load_address>
         <run_address>0x48a8</run_address>
         <size>0x266</size>
         <input_file_ref idref="fl-7"/>
      </object_component>
      <object_component id="oc-265">
         <name>.debug_info</name>
         <load_address>0x4b0e</load_address>
         <run_address>0x4b0e</run_address>
         <size>0x254</size>
         <input_file_ref idref="fl-7"/>
      </object_component>
      <object_component id="oc-27d">
         <name>.debug_info</name>
         <load_address>0x4d62</load_address>
         <run_address>0x4d62</run_address>
         <size>0x259</size>
         <input_file_ref idref="fl-7"/>
      </object_component>
      <object_component id="oc-259">
         <name>.debug_info</name>
         <load_address>0x4fbb</load_address>
         <run_address>0x4fbb</run_address>
         <size>0x27c</size>
         <input_file_ref idref="fl-7"/>
      </object_component>
      <object_component id="oc-25f">
         <name>.debug_info</name>
         <load_address>0x5237</load_address>
         <run_address>0x5237</run_address>
         <size>0x27a</size>
         <input_file_ref idref="fl-7"/>
      </object_component>
      <object_component id="oc-1ba">
         <name>.debug_info</name>
         <load_address>0x54b1</load_address>
         <run_address>0x54b1</run_address>
         <size>0x3a5</size>
         <input_file_ref idref="fl-7"/>
      </object_component>
      <object_component id="oc-283">
         <name>.debug_info</name>
         <load_address>0x5856</load_address>
         <run_address>0x5856</run_address>
         <size>0x13d</size>
         <input_file_ref idref="fl-7"/>
      </object_component>
      <object_component id="oc-289">
         <name>.debug_info</name>
         <load_address>0x5993</load_address>
         <run_address>0x5993</run_address>
         <size>0x13d</size>
         <input_file_ref idref="fl-7"/>
      </object_component>
      <object_component id="oc-28f">
         <name>.debug_info</name>
         <load_address>0x5ad0</load_address>
         <run_address>0x5ad0</run_address>
         <size>0x13d</size>
         <input_file_ref idref="fl-7"/>
      </object_component>
      <object_component id="oc-52">
         <name>.debug_info</name>
         <load_address>0x5c0d</load_address>
         <run_address>0x5c0d</run_address>
         <size>0x84</size>
         <input_file_ref idref="fl-a"/>
      </object_component>
      <object_component id="oc-94">
         <name>.debug_info</name>
         <load_address>0x5c91</load_address>
         <run_address>0x5c91</run_address>
         <size>0x433</size>
         <input_file_ref idref="fl-e"/>
      </object_component>
      <object_component id="oc-97">
         <name>.debug_info</name>
         <load_address>0x60c4</load_address>
         <run_address>0x60c4</run_address>
         <size>0x7a4</size>
         <input_file_ref idref="fl-e"/>
      </object_component>
      <object_component id="oc-30">
         <name>.debug_info</name>
         <load_address>0x6868</load_address>
         <run_address>0x6868</run_address>
         <size>0x22c</size>
         <input_file_ref idref="fl-e"/>
      </object_component>
      <object_component id="oc-36">
         <name>.debug_info</name>
         <load_address>0x6a94</load_address>
         <run_address>0x6a94</run_address>
         <size>0x22a</size>
         <input_file_ref idref="fl-e"/>
      </object_component>
      <object_component id="oc-3c">
         <name>.debug_info</name>
         <load_address>0x6cbe</load_address>
         <run_address>0x6cbe</run_address>
         <size>0x739</size>
         <input_file_ref idref="fl-e"/>
      </object_component>
      <object_component id="oc-bb">
         <name>.debug_info</name>
         <load_address>0x73f7</load_address>
         <run_address>0x73f7</run_address>
         <size>0x1a1</size>
         <input_file_ref idref="fl-e"/>
      </object_component>
      <object_component id="oc-c1">
         <name>.debug_info</name>
         <load_address>0x7598</load_address>
         <run_address>0x7598</run_address>
         <size>0x1b1</size>
         <input_file_ref idref="fl-e"/>
      </object_component>
      <object_component id="oc-136">
         <name>.debug_info</name>
         <load_address>0x7749</load_address>
         <run_address>0x7749</run_address>
         <size>0x2a5</size>
         <input_file_ref idref="fl-e"/>
      </object_component>
      <object_component id="oc-89">
         <name>.debug_info</name>
         <load_address>0x79ee</load_address>
         <run_address>0x79ee</run_address>
         <size>0x35b</size>
         <input_file_ref idref="fl-e"/>
      </object_component>
      <object_component id="oc-a3">
         <name>.debug_info</name>
         <load_address>0x7d49</load_address>
         <run_address>0x7d49</run_address>
         <size>0x24d</size>
         <input_file_ref idref="fl-e"/>
      </object_component>
      <object_component id="oc-161">
         <name>.debug_info</name>
         <load_address>0x7f96</load_address>
         <run_address>0x7f96</run_address>
         <size>0x339</size>
         <input_file_ref idref="fl-e"/>
      </object_component>
      <object_component id="oc-167">
         <name>.debug_info</name>
         <load_address>0x82cf</load_address>
         <run_address>0x82cf</run_address>
         <size>0x25d</size>
         <input_file_ref idref="fl-e"/>
      </object_component>
      <object_component id="oc-9b">
         <name>.debug_info</name>
         <load_address>0x852c</load_address>
         <run_address>0x852c</run_address>
         <size>0x3b7</size>
         <input_file_ref idref="fl-e"/>
      </object_component>
      <object_component id="oc-16c">
         <name>.debug_info</name>
         <load_address>0x88e3</load_address>
         <run_address>0x88e3</run_address>
         <size>0x208</size>
         <input_file_ref idref="fl-e"/>
      </object_component>
      <object_component id="oc-8e">
         <name>.debug_info</name>
         <load_address>0x8aeb</load_address>
         <run_address>0x8aeb</run_address>
         <size>0x214</size>
         <input_file_ref idref="fl-e"/>
      </object_component>
      <object_component id="oc-222">
         <name>.debug_info</name>
         <load_address>0x8cff</load_address>
         <run_address>0x8cff</run_address>
         <size>0x224</size>
         <input_file_ref idref="fl-e"/>
      </object_component>
      <object_component id="oc-a8">
         <name>.debug_info</name>
         <load_address>0x8f23</load_address>
         <run_address>0x8f23</run_address>
         <size>0x224</size>
         <input_file_ref idref="fl-e"/>
      </object_component>
      <object_component id="oc-231">
         <name>.debug_info</name>
         <load_address>0x9147</load_address>
         <run_address>0x9147</run_address>
         <size>0x20b</size>
         <input_file_ref idref="fl-e"/>
      </object_component>
      <object_component id="oc-12f">
         <name>.debug_info</name>
         <load_address>0x9352</load_address>
         <run_address>0x9352</run_address>
         <size>0x1f4</size>
         <input_file_ref idref="fl-e"/>
      </object_component>
      <object_component id="oc-22b">
         <name>.debug_info</name>
         <load_address>0x9546</load_address>
         <run_address>0x9546</run_address>
         <size>0x1cd</size>
         <input_file_ref idref="fl-e"/>
      </object_component>
      <object_component id="oc-173">
         <name>.debug_info</name>
         <load_address>0x9713</load_address>
         <run_address>0x9713</run_address>
         <size>0x215</size>
         <input_file_ref idref="fl-e"/>
      </object_component>
      <object_component id="oc-c7">
         <name>.debug_info</name>
         <load_address>0x9928</load_address>
         <run_address>0x9928</run_address>
         <size>0x260</size>
         <input_file_ref idref="fl-e"/>
      </object_component>
      <object_component id="oc-187">
         <name>.debug_info</name>
         <load_address>0x9b88</load_address>
         <run_address>0x9b88</run_address>
         <size>0x1c0</size>
         <input_file_ref idref="fl-e"/>
      </object_component>
      <object_component id="oc-cd">
         <name>.debug_info</name>
         <load_address>0x9d48</load_address>
         <run_address>0x9d48</run_address>
         <size>0x1f9</size>
         <input_file_ref idref="fl-e"/>
      </object_component>
      <object_component id="oc-d3">
         <name>.debug_info</name>
         <load_address>0x9f41</load_address>
         <run_address>0x9f41</run_address>
         <size>0x22e</size>
         <input_file_ref idref="fl-e"/>
      </object_component>
      <object_component id="oc-b5">
         <name>.debug_info</name>
         <load_address>0xa16f</load_address>
         <run_address>0xa16f</run_address>
         <size>0x1a2</size>
         <input_file_ref idref="fl-e"/>
      </object_component>
      <object_component id="oc-af">
         <name>.debug_info</name>
         <load_address>0xa311</load_address>
         <run_address>0xa311</run_address>
         <size>0x205</size>
         <input_file_ref idref="fl-e"/>
      </object_component>
      <object_component id="oc-12a">
         <name>.debug_info</name>
         <load_address>0xa516</load_address>
         <run_address>0xa516</run_address>
         <size>0x1ea</size>
         <input_file_ref idref="fl-e"/>
      </object_component>
      <object_component id="oc-15b">
         <name>.debug_info</name>
         <load_address>0xa700</load_address>
         <run_address>0xa700</run_address>
         <size>0x200</size>
         <input_file_ref idref="fl-e"/>
      </object_component>
      <object_component id="oc-317">
         <name>.debug_info</name>
         <load_address>0xa900</load_address>
         <run_address>0xa900</run_address>
         <size>0x218</size>
         <input_file_ref idref="fl-f"/>
      </object_component>
      <object_component id="oc-2cf">
         <name>.debug_info</name>
         <load_address>0xab18</load_address>
         <run_address>0xab18</run_address>
         <size>0x1a1</size>
         <input_file_ref idref="fl-f"/>
      </object_component>
      <object_component id="oc-2d5">
         <name>.debug_info</name>
         <load_address>0xacb9</load_address>
         <run_address>0xacb9</run_address>
         <size>0x19b</size>
         <input_file_ref idref="fl-f"/>
      </object_component>
      <object_component id="oc-2ff">
         <name>.debug_info</name>
         <load_address>0xae54</load_address>
         <run_address>0xae54</run_address>
         <size>0x213</size>
         <input_file_ref idref="fl-f"/>
      </object_component>
      <object_component id="oc-2e7">
         <name>.debug_info</name>
         <load_address>0xb067</load_address>
         <run_address>0xb067</run_address>
         <size>0x228</size>
         <input_file_ref idref="fl-f"/>
      </object_component>
      <object_component id="oc-2ed">
         <name>.debug_info</name>
         <load_address>0xb28f</load_address>
         <run_address>0xb28f</run_address>
         <size>0x205</size>
         <input_file_ref idref="fl-f"/>
      </object_component>
      <object_component id="oc-30b">
         <name>.debug_info</name>
         <load_address>0xb494</load_address>
         <run_address>0xb494</run_address>
         <size>0x1d2</size>
         <input_file_ref idref="fl-f"/>
      </object_component>
      <object_component id="oc-2f9">
         <name>.debug_info</name>
         <load_address>0xb666</load_address>
         <run_address>0xb666</run_address>
         <size>0x1d4</size>
         <input_file_ref idref="fl-f"/>
      </object_component>
      <object_component id="oc-305">
         <name>.debug_info</name>
         <load_address>0xb83a</load_address>
         <run_address>0xb83a</run_address>
         <size>0x1cc</size>
         <input_file_ref idref="fl-f"/>
      </object_component>
      <object_component id="oc-2f3">
         <name>.debug_info</name>
         <load_address>0xba06</load_address>
         <run_address>0xba06</run_address>
         <size>0x1ce</size>
         <input_file_ref idref="fl-f"/>
      </object_component>
      <object_component id="oc-311">
         <name>.debug_info</name>
         <load_address>0xbbd4</load_address>
         <run_address>0xbbd4</run_address>
         <size>0x1bb</size>
         <input_file_ref idref="fl-f"/>
      </object_component>
      <object_component id="oc-2db">
         <name>.debug_info</name>
         <load_address>0xbd8f</load_address>
         <run_address>0xbd8f</run_address>
         <size>0x1d4</size>
         <input_file_ref idref="fl-f"/>
      </object_component>
      <object_component id="oc-2e1">
         <name>.debug_info</name>
         <load_address>0xbf63</load_address>
         <run_address>0xbf63</run_address>
         <size>0x1cd</size>
         <input_file_ref idref="fl-f"/>
      </object_component>
      <object_component id="oc-244">
         <name>.debug_info</name>
         <load_address>0xc130</load_address>
         <run_address>0xc130</run_address>
         <size>0x39a</size>
         <input_file_ref idref="fl-f"/>
      </object_component>
      <object_component id="oc-32e">
         <name>.debug_info</name>
         <load_address>0xc4ca</load_address>
         <run_address>0xc4ca</run_address>
         <size>0x1b5</size>
         <input_file_ref idref="fl-13"/>
      </object_component>
      <object_component id="oc-32b">
         <name>.debug_info</name>
         <load_address>0xc67f</load_address>
         <run_address>0xc67f</run_address>
         <size>0x113</size>
         <input_file_ref idref="fl-13"/>
      </object_component>
      <object_component id="oc-272">
         <name>.debug_info</name>
         <load_address>0xc792</load_address>
         <run_address>0xc792</run_address>
         <size>0x248</size>
         <input_file_ref idref="fl-13"/>
      </object_component>
      <object_component id="oc-319">
         <name>.debug_info</name>
         <load_address>0xc9da</load_address>
         <run_address>0xc9da</run_address>
         <size>0x1e1</size>
         <input_file_ref idref="fl-1a"/>
      </object_component>
      <object_component id="oc-23b">
         <name>.debug_info</name>
         <load_address>0xcbbb</load_address>
         <run_address>0xcbbb</run_address>
         <size>0x461</size>
         <input_file_ref idref="fl-1f"/>
      </object_component>
      <object_component id="oc-250">
         <name>.debug_info</name>
         <load_address>0xd01c</load_address>
         <run_address>0xd01c</run_address>
         <size>0x22a</size>
         <input_file_ref idref="fl-1f"/>
      </object_component>
      <object_component id="oc-23e">
         <name>.debug_info</name>
         <load_address>0xd246</load_address>
         <run_address>0xd246</run_address>
         <size>0x1f4</size>
         <input_file_ref idref="fl-1f"/>
      </object_component>
      <object_component id="oc-1a8">
         <name>.debug_info</name>
         <load_address>0xd43a</load_address>
         <run_address>0xd43a</run_address>
         <size>0x1b8</size>
         <input_file_ref idref="fl-1f"/>
      </object_component>
      <object_component id="oc-24c">
         <name>.debug_info</name>
         <load_address>0xd5f2</load_address>
         <run_address>0xd5f2</run_address>
         <size>0x316</size>
         <input_file_ref idref="fl-1f"/>
      </object_component>
      <object_component id="oc-181">
         <name>.debug_info</name>
         <load_address>0xd908</load_address>
         <run_address>0xd908</run_address>
         <size>0x18e</size>
         <input_file_ref idref="fl-1f"/>
      </object_component>
      <object_component id="oc-f1">
         <name>.debug_info</name>
         <load_address>0xda96</load_address>
         <run_address>0xda96</run_address>
         <size>0x350</size>
         <input_file_ref idref="fl-20"/>
      </object_component>
      <object_component id="oc-41">
         <name>.debug_info</name>
         <load_address>0xdde6</load_address>
         <run_address>0xdde6</run_address>
         <size>0x112</size>
         <input_file_ref idref="fl-20"/>
      </object_component>
      <object_component id="oc-44">
         <name>.debug_info</name>
         <load_address>0xdef8</load_address>
         <run_address>0xdef8</run_address>
         <size>0x14d</size>
         <input_file_ref idref="fl-20"/>
      </object_component>
      <object_component id="oc-de">
         <name>.debug_info</name>
         <load_address>0xe045</load_address>
         <run_address>0xe045</run_address>
         <size>0x149</size>
         <input_file_ref idref="fl-20"/>
      </object_component>
      <object_component id="oc-e4">
         <name>.debug_info</name>
         <load_address>0xe18e</load_address>
         <run_address>0xe18e</run_address>
         <size>0x143</size>
         <input_file_ref idref="fl-20"/>
      </object_component>
      <object_component id="oc-eb">
         <name>.debug_info</name>
         <load_address>0xe2d1</load_address>
         <run_address>0xe2d1</run_address>
         <size>0x149</size>
         <input_file_ref idref="fl-20"/>
      </object_component>
      <object_component id="oc-59">
         <name>.debug_info</name>
         <load_address>0xe41a</load_address>
         <run_address>0xe41a</run_address>
         <size>0x119</size>
         <input_file_ref idref="fl-e4"/>
      </object_component>
      <object_component id="oc-10b">
         <name>.debug_info</name>
         <load_address>0xe533</load_address>
         <run_address>0xe533</run_address>
         <size>0x147</size>
         <input_file_ref idref="fl-e6"/>
      </object_component>
      <object_component id="oc-109">
         <name>.debug_info</name>
         <load_address>0xe67a</load_address>
         <run_address>0xe67a</run_address>
         <size>0x1a6</size>
         <input_file_ref idref="fl-e7"/>
      </object_component>
      <object_component id="oc-64">
         <name>.debug_info</name>
         <load_address>0xe820</load_address>
         <run_address>0xe820</run_address>
         <size>0x1d2</size>
         <input_file_ref idref="fl-e7"/>
      </object_component>
      <object_component id="oc-104">
         <name>.debug_info</name>
         <load_address>0xe9f2</load_address>
         <run_address>0xe9f2</run_address>
         <size>0x46</size>
         <input_file_ref idref="fl-e7"/>
      </object_component>
      <object_component id="oc-62">
         <name>.debug_info</name>
         <load_address>0xea38</load_address>
         <run_address>0xea38</run_address>
         <size>0x17a</size>
         <input_file_ref idref="fl-e8"/>
      </object_component>
      <object_component id="oc-21">
         <name>.debug_info</name>
         <load_address>0xebb2</load_address>
         <run_address>0xebb2</run_address>
         <size>0x1ea</size>
         <input_file_ref idref="fl-e8"/>
      </object_component>
      <object_component id="oc-5d">
         <name>.debug_info</name>
         <load_address>0xed9c</load_address>
         <run_address>0xed9c</run_address>
         <size>0x46</size>
         <input_file_ref idref="fl-e8"/>
      </object_component>
      <object_component id="oc-fc">
         <name>.debug_info</name>
         <load_address>0xede2</load_address>
         <run_address>0xede2</run_address>
         <size>0x2c</size>
         <input_file_ref idref="fl-e8"/>
      </object_component>
      <object_component id="oc-fa">
         <name>.debug_info</name>
         <load_address>0xee0e</load_address>
         <run_address>0xee0e</run_address>
         <size>0x170</size>
         <input_file_ref idref="fl-e9"/>
      </object_component>
      <object_component id="oc-1c">
         <name>.debug_info</name>
         <load_address>0xef7e</load_address>
         <run_address>0xef7e</run_address>
         <size>0x250</size>
         <input_file_ref idref="fl-e9"/>
      </object_component>
      <object_component id="oc-4d">
         <name>.debug_info</name>
         <load_address>0xf1ce</load_address>
         <run_address>0xf1ce</run_address>
         <size>0x60</size>
         <input_file_ref idref="fl-e9"/>
      </object_component>
      <object_component id="oc-19c">
         <name>.debug_info</name>
         <load_address>0xf22e</load_address>
         <run_address>0xf22e</run_address>
         <size>0x46</size>
         <input_file_ref idref="fl-e9"/>
      </object_component>
      <object_component id="oc-f5">
         <name>.debug_info</name>
         <load_address>0xf274</load_address>
         <run_address>0xf274</run_address>
         <size>0x39</size>
         <input_file_ref idref="fl-e9"/>
      </object_component>
      <object_component id="oc-4a">
         <name>.debug_info</name>
         <load_address>0xf2ad</load_address>
         <run_address>0xf2ad</run_address>
         <size>0x10b</size>
         <input_file_ref idref="fl-ea"/>
      </object_component>
      <object_component id="oc-76">
         <name>.debug_info</name>
         <load_address>0xf3b8</load_address>
         <run_address>0xf3b8</run_address>
         <size>0x1a9</size>
         <input_file_ref idref="fl-ea"/>
      </object_component>
      <object_component id="oc-2ac">
         <name>.debug_info</name>
         <load_address>0xf561</load_address>
         <run_address>0xf561</run_address>
         <size>0x385</size>
         <input_file_ref idref="fl-eb"/>
      </object_component>
      <object_component id="oc-1ee">
         <name>.debug_info</name>
         <load_address>0xf8e6</load_address>
         <run_address>0xf8e6</run_address>
         <size>0x1a6</size>
         <input_file_ref idref="fl-eb"/>
      </object_component>
      <object_component id="oc-344">
         <name>.debug_info</name>
         <load_address>0xfa8c</load_address>
         <run_address>0xfa8c</run_address>
         <size>0x39</size>
         <input_file_ref idref="fl-eb"/>
      </object_component>
      <object_component id="oc-371">
         <name>.debug_info</name>
         <load_address>0xfac5</load_address>
         <run_address>0xfac5</run_address>
         <size>0x39</size>
         <input_file_ref idref="fl-eb"/>
      </object_component>
      <object_component id="oc-349">
         <name>.debug_info</name>
         <load_address>0xfafe</load_address>
         <run_address>0xfafe</run_address>
         <size>0x39</size>
         <input_file_ref idref="fl-eb"/>
      </object_component>
      <object_component id="oc-34e">
         <name>.debug_info</name>
         <load_address>0xfb37</load_address>
         <run_address>0xfb37</run_address>
         <size>0xcd</size>
         <input_file_ref idref="fl-eb"/>
      </object_component>
      <object_component id="oc-111">
         <name>.debug_info</name>
         <load_address>0xfc04</load_address>
         <run_address>0xfc04</run_address>
         <size>0x153</size>
         <input_file_ref idref="fl-ec"/>
      </object_component>
      <object_component id="oc-1e3">
         <name>.debug_info</name>
         <load_address>0xfd57</load_address>
         <run_address>0xfd57</run_address>
         <size>0x122</size>
         <input_file_ref idref="fl-ee"/>
      </object_component>
      <object_component id="oc-3bf">
         <name>.debug_info</name>
         <load_address>0xfe79</load_address>
         <run_address>0xfe79</run_address>
         <size>0x2bb</size>
      </object_component>
      <object_component id="oc-2c3">
         <name>.debug_line</name>
         <load_address>0x0</load_address>
         <run_address>0x0</run_address>
         <size>0x18f</size>
         <input_file_ref idref="fl-2"/>
      </object_component>
      <object_component id="oc-11b">
         <name>.debug_line</name>
         <load_address>0x18f</load_address>
         <run_address>0x18f</run_address>
         <size>0x69</size>
         <input_file_ref idref="fl-2"/>
      </object_component>
      <object_component id="oc-1c4">
         <name>.debug_line</name>
         <load_address>0x1f8</load_address>
         <run_address>0x1f8</run_address>
         <size>0x45</size>
         <input_file_ref idref="fl-2"/>
      </object_component>
      <object_component id="oc-1ca">
         <name>.debug_line</name>
         <load_address>0x23d</load_address>
         <run_address>0x23d</run_address>
         <size>0x3d</size>
         <input_file_ref idref="fl-2"/>
      </object_component>
      <object_component id="oc-1d0">
         <name>.debug_line</name>
         <load_address>0x27a</load_address>
         <run_address>0x27a</run_address>
         <size>0x3d</size>
         <input_file_ref idref="fl-2"/>
      </object_component>
      <object_component id="oc-1d5">
         <name>.debug_line</name>
         <load_address>0x2b7</load_address>
         <run_address>0x2b7</run_address>
         <size>0x3d</size>
         <input_file_ref idref="fl-2"/>
      </object_component>
      <object_component id="oc-143">
         <name>.debug_line</name>
         <load_address>0x2f4</load_address>
         <run_address>0x2f4</run_address>
         <size>0x88</size>
         <input_file_ref idref="fl-2"/>
      </object_component>
      <object_component id="oc-2cb">
         <name>.debug_line</name>
         <load_address>0x37c</load_address>
         <run_address>0x37c</run_address>
         <size>0x86</size>
         <input_file_ref idref="fl-2"/>
      </object_component>
      <object_component id="oc-19a">
         <name>.debug_line</name>
         <load_address>0x402</load_address>
         <run_address>0x402</run_address>
         <size>0x83</size>
         <input_file_ref idref="fl-2"/>
      </object_component>
      <object_component id="oc-35d">
         <name>.debug_line</name>
         <load_address>0x485</load_address>
         <run_address>0x485</run_address>
         <size>0x85</size>
         <input_file_ref idref="fl-2"/>
      </object_component>
      <object_component id="oc-29f">
         <name>.debug_line</name>
         <load_address>0x50a</load_address>
         <run_address>0x50a</run_address>
         <size>0x7b</size>
         <input_file_ref idref="fl-2"/>
      </object_component>
      <object_component id="oc-14b">
         <name>.debug_line</name>
         <load_address>0x585</load_address>
         <run_address>0x585</run_address>
         <size>0x54</size>
         <input_file_ref idref="fl-2"/>
      </object_component>
      <object_component id="oc-13e">
         <name>.debug_line</name>
         <load_address>0x5d9</load_address>
         <run_address>0x5d9</run_address>
         <size>0x20</size>
         <input_file_ref idref="fl-2"/>
      </object_component>
      <object_component id="oc-190">
         <name>.debug_line</name>
         <load_address>0x5f9</load_address>
         <run_address>0x5f9</run_address>
         <size>0x58</size>
         <input_file_ref idref="fl-2"/>
      </object_component>
      <object_component id="oc-db">
         <name>.debug_line</name>
         <load_address>0x651</load_address>
         <run_address>0x651</run_address>
         <size>0x55</size>
         <input_file_ref idref="fl-2"/>
      </object_component>
      <object_component id="oc-155">
         <name>.debug_line</name>
         <load_address>0x6a6</load_address>
         <run_address>0x6a6</run_address>
         <size>0x50</size>
         <input_file_ref idref="fl-2"/>
      </object_component>
      <object_component id="oc-150">
         <name>.debug_line</name>
         <load_address>0x6f6</load_address>
         <run_address>0x6f6</run_address>
         <size>0x59</size>
         <input_file_ref idref="fl-2"/>
      </object_component>
      <object_component id="oc-1b8">
         <name>.debug_line</name>
         <load_address>0x74f</load_address>
         <run_address>0x74f</run_address>
         <size>0x48</size>
         <input_file_ref idref="fl-5"/>
      </object_component>
      <object_component id="oc-1dc">
         <name>.debug_line</name>
         <load_address>0x797</load_address>
         <run_address>0x797</run_address>
         <size>0x48</size>
         <input_file_ref idref="fl-5"/>
      </object_component>
      <object_component id="oc-1ae">
         <name>.debug_line</name>
         <load_address>0x7df</load_address>
         <run_address>0x7df</run_address>
         <size>0x43</size>
         <input_file_ref idref="fl-6"/>
      </object_component>
      <object_component id="oc-29b">
         <name>.debug_line</name>
         <load_address>0x822</load_address>
         <run_address>0x822</run_address>
         <size>0x133</size>
         <input_file_ref idref="fl-7"/>
      </object_component>
      <object_component id="oc-324">
         <name>.debug_line</name>
         <load_address>0x955</load_address>
         <run_address>0x955</run_address>
         <size>0xa0</size>
         <input_file_ref idref="fl-7"/>
      </object_component>
      <object_component id="oc-277">
         <name>.debug_line</name>
         <load_address>0x9f5</load_address>
         <run_address>0x9f5</run_address>
         <size>0xa5</size>
         <input_file_ref idref="fl-7"/>
      </object_component>
      <object_component id="oc-26e">
         <name>.debug_line</name>
         <load_address>0xa9a</load_address>
         <run_address>0xa9a</run_address>
         <size>0xa5</size>
         <input_file_ref idref="fl-7"/>
      </object_component>
      <object_component id="oc-269">
         <name>.debug_line</name>
         <load_address>0xb3f</load_address>
         <run_address>0xb3f</run_address>
         <size>0xa5</size>
         <input_file_ref idref="fl-7"/>
      </object_component>
      <object_component id="oc-281">
         <name>.debug_line</name>
         <load_address>0xbe4</load_address>
         <run_address>0xbe4</run_address>
         <size>0xa6</size>
         <input_file_ref idref="fl-7"/>
      </object_component>
      <object_component id="oc-25c">
         <name>.debug_line</name>
         <load_address>0xc8a</load_address>
         <run_address>0xc8a</run_address>
         <size>0xa1</size>
         <input_file_ref idref="fl-7"/>
      </object_component>
      <object_component id="oc-263">
         <name>.debug_line</name>
         <load_address>0xd2b</load_address>
         <run_address>0xd2b</run_address>
         <size>0xa2</size>
         <input_file_ref idref="fl-7"/>
      </object_component>
      <object_component id="oc-1be">
         <name>.debug_line</name>
         <load_address>0xdcd</load_address>
         <run_address>0xdcd</run_address>
         <size>0x5f</size>
         <input_file_ref idref="fl-7"/>
      </object_component>
      <object_component id="oc-287">
         <name>.debug_line</name>
         <load_address>0xe2c</load_address>
         <run_address>0xe2c</run_address>
         <size>0x45</size>
         <input_file_ref idref="fl-7"/>
      </object_component>
      <object_component id="oc-28c">
         <name>.debug_line</name>
         <load_address>0xe71</load_address>
         <run_address>0xe71</run_address>
         <size>0x4f</size>
         <input_file_ref idref="fl-7"/>
      </object_component>
      <object_component id="oc-293">
         <name>.debug_line</name>
         <load_address>0xec0</load_address>
         <run_address>0xec0</run_address>
         <size>0x4d</size>
         <input_file_ref idref="fl-7"/>
      </object_component>
      <object_component id="oc-55">
         <name>.debug_line</name>
         <load_address>0xf0d</load_address>
         <run_address>0xf0d</run_address>
         <size>0x20</size>
         <input_file_ref idref="fl-a"/>
      </object_component>
      <object_component id="oc-147">
         <name>.debug_line</name>
         <load_address>0xf2d</load_address>
         <run_address>0xf2d</run_address>
         <size>0x91</size>
         <input_file_ref idref="fl-e"/>
      </object_component>
      <object_component id="oc-158">
         <name>.debug_line</name>
         <load_address>0xfbe</load_address>
         <run_address>0xfbe</run_address>
         <size>0x42</size>
         <input_file_ref idref="fl-e"/>
      </object_component>
      <object_component id="oc-33">
         <name>.debug_line</name>
         <load_address>0x1000</load_address>
         <run_address>0x1000</run_address>
         <size>0x6c</size>
         <input_file_ref idref="fl-e"/>
      </object_component>
      <object_component id="oc-39">
         <name>.debug_line</name>
         <load_address>0x106c</load_address>
         <run_address>0x106c</run_address>
         <size>0x6a</size>
         <input_file_ref idref="fl-e"/>
      </object_component>
      <object_component id="oc-3f">
         <name>.debug_line</name>
         <load_address>0x10d6</load_address>
         <run_address>0x10d6</run_address>
         <size>0x14e</size>
         <input_file_ref idref="fl-e"/>
      </object_component>
      <object_component id="oc-be">
         <name>.debug_line</name>
         <load_address>0x1224</load_address>
         <run_address>0x1224</run_address>
         <size>0x61</size>
         <input_file_ref idref="fl-e"/>
      </object_component>
      <object_component id="oc-c4">
         <name>.debug_line</name>
         <load_address>0x1285</load_address>
         <run_address>0x1285</run_address>
         <size>0x61</size>
         <input_file_ref idref="fl-e"/>
      </object_component>
      <object_component id="oc-139">
         <name>.debug_line</name>
         <load_address>0x12e6</load_address>
         <run_address>0x12e6</run_address>
         <size>0x10a</size>
         <input_file_ref idref="fl-e"/>
      </object_component>
      <object_component id="oc-8c">
         <name>.debug_line</name>
         <load_address>0x13f0</load_address>
         <run_address>0x13f0</run_address>
         <size>0xfc</size>
         <input_file_ref idref="fl-e"/>
      </object_component>
      <object_component id="oc-a6">
         <name>.debug_line</name>
         <load_address>0x14ec</load_address>
         <run_address>0x14ec</run_address>
         <size>0x8e</size>
         <input_file_ref idref="fl-e"/>
      </object_component>
      <object_component id="oc-164">
         <name>.debug_line</name>
         <load_address>0x157a</load_address>
         <run_address>0x157a</run_address>
         <size>0xb7</size>
         <input_file_ref idref="fl-e"/>
      </object_component>
      <object_component id="oc-16a">
         <name>.debug_line</name>
         <load_address>0x1631</load_address>
         <run_address>0x1631</run_address>
         <size>0x69</size>
         <input_file_ref idref="fl-e"/>
      </object_component>
      <object_component id="oc-9e">
         <name>.debug_line</name>
         <load_address>0x169a</load_address>
         <run_address>0x169a</run_address>
         <size>0xab</size>
         <input_file_ref idref="fl-e"/>
      </object_component>
      <object_component id="oc-16f">
         <name>.debug_line</name>
         <load_address>0x1745</load_address>
         <run_address>0x1745</run_address>
         <size>0x5a</size>
         <input_file_ref idref="fl-e"/>
      </object_component>
      <object_component id="oc-91">
         <name>.debug_line</name>
         <load_address>0x179f</load_address>
         <run_address>0x179f</run_address>
         <size>0x5a</size>
         <input_file_ref idref="fl-e"/>
      </object_component>
      <object_component id="oc-225">
         <name>.debug_line</name>
         <load_address>0x17f9</load_address>
         <run_address>0x17f9</run_address>
         <size>0x5a</size>
         <input_file_ref idref="fl-e"/>
      </object_component>
      <object_component id="oc-ab">
         <name>.debug_line</name>
         <load_address>0x1853</load_address>
         <run_address>0x1853</run_address>
         <size>0x5a</size>
         <input_file_ref idref="fl-e"/>
      </object_component>
      <object_component id="oc-234">
         <name>.debug_line</name>
         <load_address>0x18ad</load_address>
         <run_address>0x18ad</run_address>
         <size>0x5b</size>
         <input_file_ref idref="fl-e"/>
      </object_component>
      <object_component id="oc-132">
         <name>.debug_line</name>
         <load_address>0x1908</load_address>
         <run_address>0x1908</run_address>
         <size>0x62</size>
         <input_file_ref idref="fl-e"/>
      </object_component>
      <object_component id="oc-22e">
         <name>.debug_line</name>
         <load_address>0x196a</load_address>
         <run_address>0x196a</run_address>
         <size>0x5a</size>
         <input_file_ref idref="fl-e"/>
      </object_component>
      <object_component id="oc-176">
         <name>.debug_line</name>
         <load_address>0x19c4</load_address>
         <run_address>0x19c4</run_address>
         <size>0x64</size>
[...]
            </trampoline_call_site>
            <trampoline_call_site>
               <caller_address>0x1fffe276</caller_address>
               <caller_object_component_ref idref="oc-304-e29fec28"/>
            </trampoline_call_site>
            <trampoline_call_site>
               <caller_address>0x1fffe2ba</caller_address>
               <caller_object_component_ref idref="oc-310-e29fec28"/>
            </trampoline_call_site>
            <trampoline_call_site>
               <caller_address>0x1fffe2fe</caller_address>
               <caller_object_component_ref idref="oc-30a-e29fec28"/>
            </trampoline_call_site>
         </caller_list>
      </far_call_trampoline>
      <far_call_trampoline>
         <callee_name>Flash_isECCBaseValid</callee_name>
         <callee_addr>0x202008</callee_addr>
         <trampoline_object_component_ref idref="oc-3b9"/>
         <trampoline_address>0x1fffe0cc</trampoline_address>
         <caller_list>
            <trampoline_call_site>
               <caller_address>0x1fffe020</caller_address>
               <caller_object_component_ref idref="oc-243-e29fec28"/>
            </trampoline_call_site>
            <trampoline_call_site>
               <caller_address>0x1fffe2ae</caller_address>
               <caller_object_component_ref idref="oc-310-e29fec28"/>
            </trampoline_call_site>
         </caller_list>
      </far_call_trampoline>
      <far_call_trampoline>
         <callee_name>Flash_unlockCtrlRegisters</callee_name>
         <callee_addr>0x201d7c</callee_addr>
         <trampoline_object_component_ref idref="oc-3ba"/>
         <trampoline_address>0x1fffe0d4</trampoline_address>
         <caller_list>
            <trampoline_call_site>
               <caller_address>0x1fffe040</caller_address>
               <caller_object_component_ref idref="oc-243-e29fec28"/>
            </trampoline_call_site>
         </caller_list>
      </far_call_trampoline>
      <far_call_trampoline>
         <callee_name>Flash_unlockECCRegisters</callee_name>
         <callee_addr>0x201df8</callee_addr>
         <trampoline_object_component_ref idref="oc-3bb"/>
         <trampoline_address>0x1fffe0dc</trampoline_address>
         <caller_list>
            <trampoline_call_site>
               <caller_address>0x1fffe046</caller_address>
               <caller_object_component_ref idref="oc-243-e29fec28"/>
            </trampoline_call_site>
         </caller_list>
      </far_call_trampoline>
   </far_call_trampoline_list>
   <trampoline_count>0x6</trampoline_count>
   <trampoline_call_count>0x19</trampoline_call_count>
   <symbol_table>
      <symbol id="sm-1">
         <name>RamfuncsLoadStart</name>
         <value>0x200010</value>
      </symbol>
      <symbol id="sm-2">
         <name>RamfuncsLoadSize</name>
         <value>0x330</value>
      </symbol>
      <symbol id="sm-3">
         <name>RamfuncsLoadEnd</name>
         <value>0x200340</value>
      </symbol>
      <symbol id="sm-4">
         <name>RamfuncsRunStart</name>
         <value>0x1fffe000</value>
      </symbol>
      <symbol id="sm-5">
         <name>RamfuncsRunSize</name>
         <value>0x330</value>
      </symbol>
      <symbol id="sm-6">
         <name>RamfuncsRunEnd</name>
         <value>0x1fffe330</value>
      </symbol>
      <symbol id="sm-7">
         <name>__start___llvm_prf_cnts</name>
         <value>0x2000c000</value>
      </symbol>
      <symbol id="sm-8">
         <name>__stop___llvm_prf_cnts</name>
         <value>0x2000c000</value>
      </symbol>
      <symbol id="sm-9">
         <name>__TI_CINIT_Base</name>
         <value>0x2021a8</value>
      </symbol>
      <symbol id="sm-a">
         <name>__TI_CINIT_Limit</name>
         <value>0x2021c8</value>
      </symbol>
      <symbol id="sm-b">
         <name>__TI_Handler_Table_Base</name>
         <value>0x202184</value>
      </symbol>
      <symbol id="sm-c">
         <name>__TI_Handler_Table_Limit</name>
         <value>0x202190</value>
      </symbol>
      <symbol id="sm-d">
         <name>binit</name>
         <value>0xffffffff</value>
      </symbol>
      <symbol id="sm-e">
         <name>__binit__</name>
         <value>0xffffffff</value>
      </symbol>
      <symbol id="sm-f">
         <name>__STACK_SIZE</name>
         <value>0x200</value>
      </symbol>
      <symbol id="sm-10">
         <name>__STACK_END</name>
         <value>0x1fffc200</value>
      </symbol>
      <symbol id="sm-11">
         <name>__c_args__</name>
         <value>0xffffffff</value>
      </symbol>
      <symbol id="sm-12">
         <name>__TI_pprof_out_hndl</name>
         <value>0xffffffff</value>
      </symbol>
      <symbol id="sm-13">
         <name>__TI_prof_data_start</name>
         <value>0xffffffff</value>
      </symbol>
      <symbol id="sm-14">
         <name>__TI_prof_data_size</name>
         <value>0xffffffff</value>
      </symbol>
      <symbol id="sm-a9">
         <name>main</name>
         <value>0x201a79</value>
         <object_component_ref idref="oc-116"/>
      </symbol>
      <symbol id="sm-bd">
         <name>updateEthernetTask</name>
         <value>0x202157</value>
         <object_component_ref idref="oc-1d7"/>
      </symbol>
      <symbol id="sm-be">
         <name>Initial_Ethernet</name>
         <value>0x201807</value>
         <object_component_ref idref="oc-1b3"/>
      </symbol>
      <symbol id="sm-c8">
         <name>Initial_IPC</name>
         <value>0x201b5f</value>
         <object_component_ref idref="oc-1ad"/>
      </symbol>
      <symbol id="sm-157">
         <name>xTimer</name>
         <value>0x2000c264</value>
      </symbol>
      <symbol id="sm-158">
         <name>Initial_TIMER</name>
         <value>0x2011cd</value>
         <object_component_ref idref="oc-1b9"/>
      </symbol>
      <symbol id="sm-159">
         <name>isr_CpuTimer2</name>
         <value>0x2020bd</value>
         <object_component_ref idref="oc-28e"/>
      </symbol>
      <symbol id="sm-15a">
         <name>isr_CpuTimer0</name>
         <value>0x202155</value>
         <object_component_ref idref="oc-282"/>
      </symbol>
      <symbol id="sm-15b">
         <name>isr_CpuTimer1</name>
         <value>0x201e69</value>
         <object_component_ref idref="oc-288"/>
      </symbol>
      <symbol id="sm-31f">
         <name>Ethernet_device_struct</name>
         <value>0x2000c000</value>
      </symbol>
      <symbol id="sm-320">
         <name>Ethernet_retrieveRxPacket</name>
         <value>0x200d51</value>
         <object_component_ref idref="oc-15f"/>
      </symbol>
      <symbol id="sm-321">
         <name>Ethernet_rxChan0BufUnavail</name>
         <value>0x2000c2c0</value>
         <object_component_ref idref="oc-96"/>
      </symbol>
      <symbol id="sm-322">
         <name>Ethernet_rxChan1BufUnavail</name>
         <value>0x2000c2c8</value>
         <object_component_ref idref="oc-96"/>
      </symbol>
      <symbol id="sm-323">
         <name>Ethernet_numTxPktFreeCallback</name>
         <value>0x2000c270</value>
         <object_component_ref idref="oc-96"/>
      </symbol>
      <symbol id="sm-324">
         <name>Ethernet_getPHYMode</name>
         <value>0x202047</value>
         <object_component_ref idref="oc-185"/>
      </symbol>
      <symbol id="sm-325">
         <name>Ethernet_writeTxDescTailPointer</name>
         <value>0x202083</value>
         <object_component_ref idref="oc-221"/>
      </symbol>
      <symbol id="sm-326">
         <name>Ethernet_transmitISR</name>
         <value>0x201bd1</value>
         <object_component_ref idref="oc-2e"/>
      </symbol>
      <symbol id="sm-327">
         <name>Ethernet_performPushOnPacketQueue</name>
         <value>0x201dbd</value>
         <object_component_ref idref="oc-172"/>
      </symbol>
      <symbol id="sm-328">
         <name>Ethernet_writePHYRegister</name>
         <value>0x2016eb</value>
         <object_component_ref idref="oc-d1"/>
      </symbol>
      <symbol id="sm-329">
         <name>Ethernet_removePacketsFromTxQueue</name>
         <value>0x200f69</value>
         <object_component_ref idref="oc-87"/>
      </symbol>
      <symbol id="sm-32a">
         <name>Ethernet_performPopOnPacketQueue</name>
         <value>0x201f7b</value>
         <object_component_ref idref="oc-12e"/>
      </symbol>
      <symbol id="sm-32b">
         <name>Ethernet_rwakeupPktReceivedCount</name>
         <value>0x2000c2b8</value>
         <object_component_ref idref="oc-96"/>
      </symbol>
      <symbol id="sm-32c">
         <name>Ethernet_isTimestampIntActive</name>
         <value>0x201efd</value>
         <object_component_ref idref="oc-b9"/>
      </symbol>
      <symbol id="sm-32d">
         <name>Ethernet_genericRxCompletionInterruptCount</name>
         <value>0x2000c294</value>
         <object_component_ref idref="oc-96"/>
      </symbol>
      <symbol id="sm-32e">
         <name>Ethernet_numGetPacketBufferCallback</name>
         <value>0x2000c278</value>
         <object_component_ref idref="oc-96"/>
      </symbol>
      <symbol id="sm-32f">
         <name>Ethernet_receiveISR</name>
         <value>0x201b61</value>
         <object_component_ref idref="oc-34"/>
      </symbol>
      <symbol id="sm-330">
         <name>Ethernet_isTransmitTimestampStatusSet</name>
         <value>0x201f29</value>
         <object_component_ref idref="oc-bf"/>
      </symbol>
      <symbol id="sm-331">
         <name>Ethernet_rxReplacementFailedCount</name>
         <value>0x2000c29c</value>
         <object_component_ref idref="oc-96"/>
      </symbol>
      <symbol id="sm-332">
         <name>Ethernet_readPHYRegister</name>
         <value>0x201aed</value>
         <object_component_ref idref="oc-cb"/>
      </symbol>
      <symbol id="sm-333">
         <name>Ethernet_addPacketsIntoRxQueue</name>
         <value>0x201291</value>
         <object_component_ref idref="oc-a1"/>
      </symbol>
      <symbol id="sm-334">
         <name>Ethernet_HW_descQueueGetCount</name>
         <value>0x2003eb</value>
         <object_component_ref idref="oc-128"/>
      </symbol>
      <symbol id="sm-335">
         <name>Ethernet_genericISR</name>
         <value>0x200541</value>
         <object_component_ref idref="oc-3a"/>
      </symbol>
      <symbol id="sm-336">
         <name>Ethernet_clearDMAChannelInterrupt</name>
         <value>0x202029</value>
         <object_component_ref idref="oc-8d"/>
      </symbol>
      <symbol id="sm-337">
         <name>Ethernet_genericInterruptCount</name>
         <value>0x2000c288</value>
         <object_component_ref idref="oc-96"/>
      </symbol>
      <symbol id="sm-338">
         <name>Ethernet_eeeTxLPIEntryCount</name>
         <value>0x2000c2a0</value>
         <object_component_ref idref="oc-96"/>
      </symbol>
      <symbol id="sm-339">
         <name>Ethernet_eeeRxLPIEntryCount</name>
         <value>0x2000c2a8</value>
         <object_component_ref idref="oc-96"/>
      </symbol>
      <symbol id="sm-33a">
         <name>Ethernet_phyLinkStatusChangeInterruptCount</name>
         <value>0x2000c298</value>
         <object_component_ref idref="oc-96"/>
      </symbol>
      <symbol id="sm-33b">
         <name>Ethernet_rxInterruptCount</name>
         <value>0x2000c280</value>
         <object_component_ref idref="oc-96"/>
      </symbol>
      <symbol id="sm-33c">
         <name>Ethernet_removePacketsFromRxQueue</name>
         <value>0x2010e5</value>
         <object_component_ref idref="oc-9a"/>
      </symbol>
      <symbol id="sm-33d">
         <name>Ethernet_configureEEEClockGatingControl</name>
         <value>0x201e9d</value>
         <object_component_ref idref="oc-ad"/>
      </symbol>
      <symbol id="sm-33e">
         <name>Ethernet_addPacketsIntoTxQueue</name>
         <value>0x200a35</value>
         <object_component_ref idref="oc-134"/>
      </symbol>
      <symbol id="sm-33f">
         <name>Ethernet_enableDmaInterrupt</name>
         <value>0x201fa1</value>
         <object_component_ref idref="oc-16b"/>
      </symbol>
      <symbol id="sm-340">
         <name>Ethernet_txChan0BufUnavail</name>
         <value>0x2000c2bc</value>
         <object_component_ref idref="oc-96"/>
      </symbol>
      <symbol id="sm-341">
         <name>Ethernet_earlyTxInterruptCount</name>
         <value>0x2000c290</value>
         <object_component_ref idref="oc-96"/>
      </symbol>
      <symbol id="sm-342">
         <name>Ethernet_txChan1BufUnavail</name>
         <value>0x2000c2c4</value>
         <object_component_ref idref="oc-96"/>
      </symbol>
      <symbol id="sm-343">
         <name>Ethernet_magicPktReceivedCount</name>
         <value>0x2000c2b4</value>
         <object_component_ref idref="oc-96"/>
      </symbol>
      <symbol id="sm-344">
         <name>Ethernet_rxContextTimeStamp</name>
         <value>0x2000c284</value>
         <object_component_ref idref="oc-96"/>
      </symbol>
      <symbol id="sm-345">
         <name>Ethernet_getOneStepTransmitTimestampPTP</name>
         <value>0x201809</value>
         <object_component_ref idref="oc-c5"/>
      </symbol>
      <symbol id="sm-346">
         <name>Ethernet_numRxCallback</name>
         <value>0x2000c274</value>
         <object_component_ref idref="oc-96"/>
      </symbol>
      <symbol id="sm-347">
         <name>Ethernet_pmtInterruptCount</name>
         <value>0x2000c2b0</value>
         <object_component_ref idref="oc-96"/>
      </symbol>
      <symbol id="sm-348">
         <name>Ethernet_getRxERICount</name>
         <value>0x201f55</value>
         <object_component_ref idref="oc-230"/>
      </symbol>
      <symbol id="sm-349">
         <name>Ethernet_earlyRxInterruptCount</name>
         <value>0x2000c28c</value>
         <object_component_ref idref="oc-96"/>
      </symbol>
      <symbol id="sm-34a">
         <name>Ethernet_nextDescAvailable</name>
         <value>0x201ecd</value>
         <object_component_ref idref="oc-159"/>
      </symbol>
      <symbol id="sm-34b">
         <name>Ethernet_writeRxDescTailPointer</name>
         <value>0x202065</value>
         <object_component_ref idref="oc-a7"/>
      </symbol>
      <symbol id="sm-34c">
         <name>Ethernet_eeeRxLPIExitCount</name>
         <value>0x2000c2ac</value>
         <object_component_ref idref="oc-96"/>
      </symbol>
      <symbol id="sm-34d">
         <name>Ethernet_txInterruptCount</name>
         <value>0x2000c27c</value>
         <object_component_ref idref="oc-96"/>
      </symbol>
      <symbol id="sm-34e">
         <name>Ethernet_disableTxEEEMode</name>
         <value>0x2020d5</value>
         <object_component_ref idref="oc-b3"/>
      </symbol>
      <symbol id="sm-34f">
         <name>Ethernet_submitRxPacket</name>
         <value>0x201889</value>
         <object_component_ref idref="oc-165"/>
      </symbol>
      <symbol id="sm-350">
         <name>Ethernet_eeeTxLPIExitCount</name>
         <value>0x2000c2a4</value>
         <object_component_ref idref="oc-96"/>
      </symbol>
      <symbol id="sm-3f7">
         <name>Flash_initModule</name>
         <value>0x1fffe001</value>
         <object_component_ref idref="oc-243"/>
      </symbol>
      <symbol id="sm-425">
         <name>vectorTableRAM</name>
         <value>0x20000800</value>
         <object_component_ref idref="oc-32a"/>
      </symbol>
      <symbol id="sm-426">
         <name>Interrupt_registerHandler</name>
         <value>0x2013dd</value>
         <object_component_ref idref="oc-270"/>
      </symbol>
      <symbol id="sm-439">
         <name>SysCtl_enablePeripheral</name>
         <value>0x201ca9</value>
         <object_component_ref idref="oc-318"/>
      </symbol>
      <symbol id="sm-477">
         <name>CM_enableAllPeripherals</name>
         <value>0x201a03</value>
         <object_component_ref idref="oc-249"/>
      </symbol>
      <symbol id="sm-478">
         <name>__error__</name>
         <value>0x20212f</value>
         <object_component_ref idref="oc-17e"/>
      </symbol>
      <symbol id="sm-479">
         <name>CM_init</name>
         <value>0x201d35</value>
         <object_component_ref idref="oc-1a7"/>
      </symbol>
      <symbol id="sm-4bc">
         <name>vectorTableFlash</name>
         <value>0x200400</value>
         <object_component_ref idref="oc-40"/>
      </symbol>
      <symbol id="sm-4de">
         <name>memcpy</name>
         <value>0x20147d</value>
         <object_component_ref idref="oc-57"/>
      </symbol>
      <symbol id="sm-4df">
         <name>__aeabi_memcpy</name>
         <value>0x20147d</value>
         <object_component_ref idref="oc-57"/>
      </symbol>
      <symbol id="sm-4e0">
         <name>__aeabi_memcpy8</name>
         <value>0x20147d</value>
         <object_component_ref idref="oc-57"/>
      </symbol>
      <symbol id="sm-4e1">
         <name>__aeabi_memcpy4</name>
         <value>0x20147d</value>
         <object_component_ref idref="oc-57"/>
      </symbol>
      <symbol id="sm-4f1">
         <name>__aeabi_memset</name>
         <value>0x20198b</value>
         <object_component_ref idref="oc-10a"/>
      </symbol>
      <symbol id="sm-4f2">
         <name>memset</name>
         <value>0x201991</value>
         <object_component_ref idref="oc-10a"/>
      </symbol>
      <symbol id="sm-4f3">
         <name>__aeabi_memset8</name>
         <value>0x20198b</value>
         <object_component_ref idref="oc-10a"/>
      </symbol>
      <symbol id="sm-4f4">
         <name>__aeabi_memset4</name>
         <value>0x20198b</value>
         <object_component_ref idref="oc-10a"/>
      </symbol>
      <symbol id="sm-4f5">
         <name>__aeabi_memclr8</name>
         <value>0x201989</value>
         <object_component_ref idref="oc-10a"/>
      </symbol>
      <symbol id="sm-4f6">
         <name>__aeabi_memclr4</name>
         <value>0x201989</value>
         <object_component_ref idref="oc-10a"/>
      </symbol>
      <symbol id="sm-4f7">
         <name>__aeabi_memclr</name>
         <value>0x201989</value>
         <object_component_ref idref="oc-10a"/>
      </symbol>
      <symbol id="sm-50b">
         <name>__TI_zero_init_nomemset</name>
         <value>0x2020a1</value>
         <object_component_ref idref="oc-63"/>
      </symbol>
      <symbol id="sm-522">
         <name>__TI_decompress_none</name>
         <value>0x20213d</value>
         <object_component_ref idref="oc-20"/>
      </symbol>
      <symbol id="sm-545">
         <name>__TI_decompress_lzss</name>
         <value>0x201c41</value>
         <object_component_ref idref="oc-1a"/>
      </symbol>
      <symbol id="sm-557">
         <name>__stack</name>
         <value>0x1fffc000</value>
         <object_component_ref idref="oc-49"/>
      </symbol>
      <symbol id="sm-558">
         <name>_c_int00_noargs</name>
         <value>0x201fc5</value>
         <object_component_ref idref="oc-75"/>
      </symbol>
      <symbol id="sm-580">
         <name>__TI_auto_init_nobinit_nopinit</name>
         <value>0x201cf1</value>
         <object_component_ref idref="oc-1ed"/>
      </symbol>
      <symbol id="sm-58a">
         <name>_system_pre_init</name>
         <value>0x20214b</value>
         <object_component_ref idref="oc-110"/>
      </symbol>
      <symbol id="sm-596">
         <name>C$$EXIT</name>
         <value>0x20214f</value>
         <object_component_ref idref="oc-1e1"/>
      </symbol>
      <symbol id="sm-597">
         <name>abort</name>
         <value>0x20214f</value>
         <object_component_ref idref="oc-1e1"/>
      </symbol>
      <symbol id="sm-59a">
         <name>__TI_static_base__</name>
         <value>0x202160</value>
      </symbol>
      <symbol id="sm-5a0">
         <name>__mpu_init</name>
         <value>0x0</value>
      </symbol>
      <symbol id="sm-5a1">
         <name>_system_post_cinit</name>
         <value>0x0</value>
      </symbol>
   </symbol_table>
   <title>Link successful</title>
</link_info>
