<?xml version="1.0" encoding="ISO-8859-1" ?>
<link_info>
   <banner>TI ARM Linker PC v20.2.7.LTS</banner>
   <copyright>Copyright (c) 1996-2018 Texas Instruments Incorporated</copyright>
   <link_time>0x69f2f230</link_time>
   <link_errors>0x0</link_errors>
   <output_file>TR28386_T_CM.out</output_file>
   <entry_point>
      <name>_c_int00_noargs</name>
      <address>0x20250d</address>
   </entry_point>
   <input_file_list>
      <input_file id="fl-2">
         <path>.\</path>
         <kind>object</kind>
         <file>main.obj</file>
         <name>main.obj</name>
      </input_file>
      <input_file id="fl-3">
         <path>.\CSU\</path>
         <kind>object</kind>
         <file>CSU_Ethernet.obj</file>
         <name>CSU_Ethernet.obj</name>
      </input_file>
      <input_file id="fl-4">
         <path>.\CSU\</path>
         <kind>object</kind>
         <file>CSU_IPC.obj</file>
         <name>CSU_IPC.obj</name>
      </input_file>
      <input_file id="fl-5">
         <path>.\Dev\</path>
         <kind>object</kind>
         <file>DevEthernet.obj</file>
         <name>DevEthernet.obj</name>
      </input_file>
      <input_file id="fl-6">
         <path>.\Dev\</path>
         <kind>object</kind>
         <file>DevIPC.obj</file>
         <name>DevIPC.obj</name>
      </input_file>
      <input_file id="fl-7">
         <path>.\Dev\</path>
         <kind>object</kind>
         <file>DevTimer.obj</file>
         <name>DevTimer.obj</name>
      </input_file>
      <input_file id="fl-8">
         <path>.\SDK\driverlib_cm\</path>
         <kind>object</kind>
         <file>aes.obj</file>
         <name>aes.obj</name>
      </input_file>
      <input_file id="fl-9">
         <path>.\SDK\driverlib_cm\</path>
         <kind>object</kind>
         <file>can.obj</file>
         <name>can.obj</name>
      </input_file>
      <input_file id="fl-a">
         <path>.\SDK\driverlib_cm\</path>
         <kind>object</kind>
         <file>cmmpu.obj</file>
         <name>cmmpu.obj</name>
      </input_file>
      <input_file id="fl-b">
         <path>.\SDK\driverlib_cm\</path>
         <kind>object</kind>
         <file>cputimer.obj</file>
         <name>cputimer.obj</name>
      </input_file>
      <input_file id="fl-c">
         <path>.\SDK\driverlib_cm\</path>
         <kind>object</kind>
         <file>dcsm.obj</file>
         <name>dcsm.obj</name>
      </input_file>
      <input_file id="fl-d">
         <path>.\SDK\driverlib_cm\</path>
         <kind>object</kind>
         <file>escss.obj</file>
         <name>escss.obj</name>
      </input_file>
      <input_file id="fl-e">
         <path>.\SDK\driverlib_cm\</path>
         <kind>object</kind>
         <file>ethernet.obj</file>
         <name>ethernet.obj</name>
      </input_file>
      <input_file id="fl-f">
         <path>.\SDK\driverlib_cm\</path>
         <kind>object</kind>
         <file>flash.obj</file>
         <name>flash.obj</name>
      </input_file>
      <input_file id="fl-10">
         <path>.\SDK\driverlib_cm\</path>
         <kind>object</kind>
         <file>gcrc.obj</file>
         <name>gcrc.obj</name>
      </input_file>
      <input_file id="fl-11">
         <path>.\SDK\driverlib_cm\</path>
         <kind>object</kind>
         <file>gpio.obj</file>
         <name>gpio.obj</name>
      </input_file>
      <input_file id="fl-12">
         <path>.\SDK\driverlib_cm\</path>
         <kind>object</kind>
         <file>i2c.obj</file>
         <name>i2c.obj</name>
      </input_file>
      <input_file id="fl-13">
         <path>.\SDK\driverlib_cm\</path>
         <kind>object</kind>
         <file>interrupt.obj</file>
         <name>interrupt.obj</name>
      </input_file>
      <input_file id="fl-14">
         <path>.\SDK\driverlib_cm\</path>
         <kind>object</kind>
         <file>ipc.obj</file>
         <name>ipc.obj</name>
      </input_file>
      <input_file id="fl-15">
         <path>.\SDK\driverlib_cm\</path>
         <kind>object</kind>
         <file>mcan.obj</file>
         <name>mcan.obj</name>
      </input_file>
      <input_file id="fl-16">
         <path>.\SDK\driverlib_cm\</path>
         <kind>object</kind>
         <file>memcfg.obj</file>
         <name>memcfg.obj</name>
      </input_file>
      <input_file id="fl-17">
         <path>.\SDK\driverlib_cm\</path>
         <kind>object</kind>
         <file>mpu.obj</file>
         <name>mpu.obj</name>
      </input_file>
      <input_file id="fl-18">
         <path>.\SDK\driverlib_cm\</path>
         <kind>object</kind>
         <file>platform_port.obj</file>
         <name>platform_port.obj</name>
      </input_file>
      <input_file id="fl-19">
         <path>.\SDK\driverlib_cm\</path>
         <kind>object</kind>
         <file>ssi.obj</file>
         <name>ssi.obj</name>
      </input_file>
      <input_file id="fl-1a">
         <path>.\SDK\driverlib_cm\</path>
         <kind>object</kind>
         <file>sysctl.obj</file>
         <name>sysctl.obj</name>
      </input_file>
      <input_file id="fl-1b">
         <path>.\SDK\driverlib_cm\</path>
         <kind>object</kind>
         <file>systick.obj</file>
         <name>systick.obj</name>
      </input_file>
      <input_file id="fl-1c">
         <path>.\SDK\driverlib_cm\</path>
         <kind>object</kind>
         <file>uart.obj</file>
         <name>uart.obj</name>
      </input_file>
      <input_file id="fl-1d">
         <path>.\SDK\driverlib_cm\</path>
         <kind>object</kind>
         <file>udma.obj</file>
         <name>udma.obj</name>
      </input_file>
      <input_file id="fl-1e">
         <path>.\SDK\driverlib_cm\</path>
         <kind>object</kind>
         <file>usb.obj</file>
         <name>usb.obj</name>
      </input_file>
      <input_file id="fl-1f">
         <path>.\SDK\source\</path>
         <kind>object</kind>
         <file>cm.obj</file>
         <name>cm.obj</name>
      </input_file>
      <input_file id="fl-20">
         <path>.\SDK\source\</path>
         <kind>object</kind>
         <file>startup_cm.obj</file>
         <name>startup_cm.obj</name>
      </input_file>
      <input_file id="fl-27">
         <kind>object</kind>
         <file>&lt;internal&gt;</file>
         <name>&lt;internal&gt;</name>
      </input_file>
      <input_file id="fl-dd">
         <path>C:\ti\ti-cgt-arm_20.2.7.LTS\lib\</path>
         <kind>archive</kind>
         <file>rtsv7M4_T_le_eabi.lib</file>
         <name>fs_add_t2.asm.obj</name>
      </input_file>
      <input_file id="fl-de">
         <path>C:\ti\ti-cgt-arm_20.2.7.LTS\lib\</path>
         <kind>archive</kind>
         <file>rtsv7M4_T_le_eabi.lib</file>
         <name>fs_cmp_t2.asm.obj</name>
      </input_file>
      <input_file id="fl-df">
         <path>C:\ti\ti-cgt-arm_20.2.7.LTS\lib\</path>
         <kind>archive</kind>
         <file>rtsv7M4_T_le_eabi.lib</file>
         <name>fs_div_t2.asm.obj</name>
      </input_file>
      <input_file id="fl-e0">
         <path>C:\ti\ti-cgt-arm_20.2.7.LTS\lib\</path>
         <kind>archive</kind>
         <file>rtsv7M4_T_le_eabi.lib</file>
         <name>fs_mul_t2.asm.obj</name>
      </input_file>
      <input_file id="fl-e1">
         <path>C:\ti\ti-cgt-arm_20.2.7.LTS\lib\</path>
         <kind>archive</kind>
         <file>rtsv7M4_T_le_eabi.lib</file>
         <name>fs_toi_t2.asm.obj</name>
      </input_file>
      <input_file id="fl-e2">
         <path>C:\ti\ti-cgt-arm_20.2.7.LTS\lib\</path>
         <kind>archive</kind>
         <file>rtsv7M4_T_le_eabi.lib</file>
         <name>fs_tou_t2.asm.obj</name>
      </input_file>
      <input_file id="fl-e3">
         <path>C:\ti\ti-cgt-arm_20.2.7.LTS\lib\</path>
         <kind>archive</kind>
         <file>rtsv7M4_T_le_eabi.lib</file>
         <name>i_tofs_t2.asm.obj</name>
      </input_file>
      <input_file id="fl-e4">
         <path>C:\ti\ti-cgt-arm_20.2.7.LTS\lib\</path>
         <kind>archive</kind>
         <file>rtsv7M4_T_le_eabi.lib</file>
         <name>memcpy_t2.asm.obj</name>
      </input_file>
      <input_file id="fl-e5">
         <path>C:\ti\ti-cgt-arm_20.2.7.LTS\lib\</path>
         <kind>archive</kind>
         <file>rtsv7M4_T_le_eabi.lib</file>
         <name>u_tofs_t2.asm.obj</name>
      </input_file>
      <input_file id="fl-e6">
         <path>C:\ti\ti-cgt-arm_20.2.7.LTS\lib\</path>
         <kind>archive</kind>
         <file>rtsv7M4_T_le_eabi.lib</file>
         <name>memset_t2.asm.obj</name>
      </input_file>
      <input_file id="fl-e7">
         <path>C:\ti\ti-cgt-arm_20.2.7.LTS\lib\</path>
         <kind>archive</kind>
         <file>rtsv7M4_T_le_eabi.lib</file>
         <name>copy_zero_init.c.obj</name>
      </input_file>
      <input_file id="fl-e8">
         <path>C:\ti\ti-cgt-arm_20.2.7.LTS\lib\</path>
         <kind>archive</kind>
         <file>rtsv7M4_T_le_eabi.lib</file>
         <name>copy_decompress_none.c.obj</name>
      </input_file>
      <input_file id="fl-e9">
         <path>C:\ti\ti-cgt-arm_20.2.7.LTS\lib\</path>
         <kind>archive</kind>
         <file>rtsv7M4_T_le_eabi.lib</file>
         <name>copy_decompress_lzss.c.obj</name>
      </input_file>
      <input_file id="fl-ea">
         <path>C:\ti\ti-cgt-arm_20.2.7.LTS\lib\</path>
         <kind>archive</kind>
         <file>rtsv7M4_T_le_eabi.lib</file>
         <name>boot_cortex_m.c.obj</name>
      </input_file>
      <input_file id="fl-eb">
         <path>C:\ti\ti-cgt-arm_20.2.7.LTS\lib\</path>
         <kind>archive</kind>
         <file>rtsv7M4_T_le_eabi.lib</file>
         <name>autoinit.c.obj</name>
      </input_file>
      <input_file id="fl-ec">
         <path>C:\ti\ti-cgt-arm_20.2.7.LTS\lib\</path>
         <kind>archive</kind>
         <file>rtsv7M4_T_le_eabi.lib</file>
         <name>pre_init.c.obj</name>
      </input_file>
      <input_file id="fl-ed">
         <path>C:\ti\ti-cgt-arm_20.2.7.LTS\lib\</path>
         <kind>archive</kind>
         <file>rtsv7M4_T_le_eabi.lib</file>
         <name>cpy_tbl.c.obj</name>
      </input_file>
      <input_file id="fl-ee">
         <path>C:\ti\ti-cgt-arm_20.2.7.LTS\lib\</path>
         <kind>archive</kind>
         <file>rtsv7M4_T_le_eabi.lib</file>
         <name>exit.c.obj</name>
      </input_file>
      <input_file id="fl-ef">
         <path>C:\ti\ti-cgt-arm_20.2.7.LTS\lib\</path>
         <kind>archive</kind>
         <file>rtsv7M4_T_le_eabi.lib</file>
         <name>_lock.c.obj</name>
      </input_file>
      <input_file id="fl-f0">
         <path>C:\ti\ti-cgt-arm_20.2.7.LTS\lib\</path>
         <kind>archive</kind>
         <file>rtsv7M4_T_le_eabi.lib</file>
         <name>args_main.c.obj</name>
      </input_file>
   </input_file_list>
   <object_component_list>
      <object_component id="oc-51">
         <name>.resetisr:resetISR</name>
         <load_address>0x200000</load_address>
         <run_address>0x200000</run_address>
         <size>0x6</size>
         <input_file_ref idref="fl-20"/>
      </object_component>
      <object_component id="oc-4e">
         <name>.vftable:retain</name>
         <load_address>0x200400</load_address>
         <run_address>0x200400</run_address>
         <size>0x140</size>
         <input_file_ref idref="fl-20"/>
      </object_component>
      <object_component id="oc-28b">
         <name>.vtable</name>
         <uninitialized>true</uninitialized>
         <run_address>0x20000800</run_address>
         <size>0x140</size>
         <input_file_ref idref="fl-13"/>
      </object_component>
      <object_component id="oc-95">
         <name>.text:IPC_readCommand</name>
         <load_address>0x200340</load_address>
         <run_address>0x200340</run_address>
         <size>0xc0</size>
         <input_file_ref idref="fl-14"/>
      </object_component>
      <object_component id="oc-48">
         <name>.text:Ethernet_genericISR</name>
         <load_address>0x200540</load_address>
         <run_address>0x200540</run_address>
         <size>0x4f4</size>
         <input_file_ref idref="fl-e"/>
      </object_component>
      <object_component id="oc-193">
         <name>.text:Ethernet_addPacketsIntoTxQueue</name>
         <load_address>0x200a34</load_address>
         <run_address>0x200a34</run_address>
         <size>0x31c</size>
         <input_file_ref idref="fl-e"/>
      </object_component>
      <object_component id="oc-1b9">
         <name>.text:Ethernet_retrieveRxPacket</name>
         <load_address>0x200d50</load_address>
         <run_address>0x200d50</run_address>
         <size>0x218</size>
         <input_file_ref idref="fl-e"/>
      </object_component>
      <object_component id="oc-bf">
         <name>.text:Ethernet_removePacketsFromTxQueue</name>
         <load_address>0x200f68</load_address>
         <run_address>0x200f68</run_address>
         <size>0x17c</size>
         <input_file_ref idref="fl-e"/>
      </object_component>
      <object_component id="oc-d2">
         <name>.text:Ethernet_removePacketsFromRxQueue</name>
         <load_address>0x2010e4</load_address>
         <run_address>0x2010e4</run_address>
         <size>0xe8</size>
         <input_file_ref idref="fl-e"/>
      </object_component>
      <object_component id="oc-3e9">
         <name>.text:IPC_sendCommand</name>
         <load_address>0x2011cc</load_address>
         <run_address>0x2011cc</run_address>
         <size>0xdc</size>
         <input_file_ref idref="fl-14"/>
      </object_component>
      <object_component id="oc-1fd">
         <name>.text:Initial_TIMER</name>
         <load_address>0x2012a8</load_address>
         <run_address>0x2012a8</run_address>
         <size>0xd4</size>
         <input_file_ref idref="fl-7"/>
      </object_component>
      <object_component id="oc-2e4">
         <name>.text:CPUTimer_startTimer</name>
         <load_address>0x20137c</load_address>
         <run_address>0x20137c</run_address>
         <size>0xa9</size>
         <input_file_ref idref="fl-7"/>
      </object_component>
      <object_component id="oc-21b">
         <name>.text:Cycle_1000ms</name>
         <load_address>0x201426</load_address>
         <run_address>0x201426</run_address>
         <size>0x2</size>
         <input_file_ref idref="fl-2"/>
      </object_component>
      <object_component id="oc-d9">
         <name>.text:Ethernet_addPacketsIntoRxQueue</name>
         <load_address>0x201428</load_address>
         <run_address>0x201428</run_address>
         <size>0xa8</size>
         <input_file_ref idref="fl-e"/>
      </object_component>
      <object_component id="oc-17b">
         <name>.text:Interrupt_enable</name>
         <load_address>0x2014d0</load_address>
         <run_address>0x2014d0</run_address>
         <size>0xa8</size>
         <input_file_ref idref="fl-13"/>
      </object_component>
      <object_component id="oc-2cc">
         <name>.text:CPUTimer_setPreScaler</name>
         <load_address>0x201578</load_address>
         <run_address>0x201578</run_address>
         <size>0xa1</size>
         <input_file_ref idref="fl-7"/>
      </object_component>
      <object_component id="oc-215">
         <name>.text:Cycle_100ms</name>
         <load_address>0x20161a</load_address>
         <run_address>0x20161a</run_address>
         <size>0x2</size>
         <input_file_ref idref="fl-2"/>
      </object_component>
      <object_component id="oc-175">
         <name>.text:Interrupt_registerHandler</name>
         <load_address>0x20161c</load_address>
         <run_address>0x20161c</run_address>
         <size>0xa0</size>
         <input_file_ref idref="fl-13"/>
      </object_component>
      <object_component id="oc-305">
         <name>.text:GPIO_togglePin</name>
         <load_address>0x2016bc</load_address>
         <run_address>0x2016bc</run_address>
         <size>0x9c</size>
         <input_file_ref idref="fl-2"/>
      </object_component>
      <object_component id="oc-65">
         <name>.text</name>
         <load_address>0x201758</load_address>
         <run_address>0x201758</run_address>
         <size>0x9c</size>
         <input_file_ref idref="fl-e4"/>
      </object_component>
      <object_component id="oc-2de">
         <name>.text:CPUTimer_enableInterrupt</name>
         <load_address>0x2017f4</load_address>
         <run_address>0x2017f4</run_address>
         <size>0x99</size>
         <input_file_ref idref="fl-7"/>
      </object_component>
      <object_component id="oc-1f7">
         <name>.text:Initial_Ethernet</name>
         <load_address>0x20188e</load_address>
         <run_address>0x20188e</run_address>
         <size>0x2</size>
         <input_file_ref idref="fl-5"/>
      </object_component>
      <object_component id="oc-2d8">
         <name>.text:CPUTimer_reloadTimerCounter</name>
         <load_address>0x201890</load_address>
         <run_address>0x201890</run_address>
         <size>0x99</size>
         <input_file_ref idref="fl-7"/>
      </object_component>
      <object_component id="oc-11c">
         <name>.text:defaultISR</name>
         <load_address>0x20192a</load_address>
         <run_address>0x20192a</run_address>
         <size>0x2</size>
         <input_file_ref idref="fl-20"/>
      </object_component>
      <object_component id="oc-2d2">
         <name>.text:CPUTimer_stopTimer</name>
         <load_address>0x20192c</load_address>
         <run_address>0x20192c</run_address>
         <size>0x99</size>
         <input_file_ref idref="fl-7"/>
      </object_component>
      <object_component id="oc-109">
         <name>.text:Ethernet_writePHYRegister</name>
         <load_address>0x2019c6</load_address>
         <run_address>0x2019c6</run_address>
         <size>0x96</size>
         <input_file_ref idref="fl-e"/>
      </object_component>
      <object_component id="oc-2c6">
         <name>.text:CPUTimer_setPeriod</name>
         <load_address>0x201a5c</load_address>
         <run_address>0x201a5c</run_address>
         <size>0x85</size>
         <input_file_ref idref="fl-7"/>
      </object_component>
      <object_component id="oc-116">
         <name>.text:faultISR</name>
         <load_address>0x201ae2</load_address>
         <run_address>0x201ae2</run_address>
         <size>0x2</size>
         <input_file_ref idref="fl-20"/>
      </object_component>
      <object_component id="oc-fd">
         <name>.text:Ethernet_getOneStepTransmitTimestampPTP</name>
         <load_address>0x201ae4</load_address>
         <run_address>0x201ae4</run_address>
         <size>0x80</size>
         <input_file_ref idref="fl-e"/>
      </object_component>
      <object_component id="oc-1bf">
         <name>.text:Ethernet_submitRxPacket</name>
         <load_address>0x201b64</load_address>
         <run_address>0x201b64</run_address>
         <size>0x80</size>
         <input_file_ref idref="fl-e"/>
      </object_component>
      <object_component id="oc-110">
         <name>.text:nmiISR</name>
         <load_address>0x201be4</load_address>
         <run_address>0x201be4</run_address>
         <size>0x80</size>
         <input_file_ref idref="fl-20"/>
      </object_component>
      <object_component id="oc-165">
         <name>.text:sendEthernetLoopbackPacket</name>
         <load_address>0x201c64</load_address>
         <run_address>0x201c64</run_address>
         <size>0x7c</size>
         <input_file_ref idref="fl-3"/>
      </object_component>
      <object_component id="oc-13d">
         <name>.text</name>
         <load_address>0x201ce0</load_address>
         <run_address>0x201ce0</run_address>
         <size>0x7a</size>
         <input_file_ref idref="fl-e6"/>
      </object_component>
      <object_component id="oc-2ea">
         <name>.text:isr_CpuTimer0</name>
         <load_address>0x201d5a</load_address>
         <run_address>0x201d5a</run_address>
         <size>0x2</size>
         <input_file_ref idref="fl-7"/>
      </object_component>
      <object_component id="oc-149">
         <name>.text:main</name>
         <load_address>0x201d5c</load_address>
         <run_address>0x201d5c</run_address>
         <size>0x78</size>
         <input_file_ref idref="fl-2"/>
      </object_component>
      <object_component id="oc-2b8">
         <name>.text:CM_enableAllPeripherals</name>
         <load_address>0x201dd4</load_address>
         <run_address>0x201dd4</run_address>
         <size>0x76</size>
         <input_file_ref idref="fl-1f"/>
      </object_component>
      <object_component id="oc-103">
         <name>.text:Ethernet_readPHYRegister</name>
         <load_address>0x201e4a</load_address>
         <run_address>0x201e4a</run_address>
         <size>0x72</size>
         <input_file_ref idref="fl-e"/>
      </object_component>
      <object_component id="oc-42">
         <name>.text:Ethernet_receiveISR</name>
         <load_address>0x201ebc</load_address>
         <run_address>0x201ebc</run_address>
         <size>0x70</size>
         <input_file_ref idref="fl-e"/>
      </object_component>
      <object_component id="oc-3c">
         <name>.text:Ethernet_transmitISR</name>
         <load_address>0x201f2c</load_address>
         <run_address>0x201f2c</run_address>
         <size>0x70</size>
         <input_file_ref idref="fl-e"/>
      </object_component>
      <object_component id="oc-1c">
         <name>.text:decompress:lzss:__TI_decompress_lzss</name>
         <load_address>0x201f9c</load_address>
         <run_address>0x201f9c</run_address>
         <size>0x68</size>
         <input_file_ref idref="fl-e9"/>
      </object_component>
      <object_component id="oc-ad">
         <name>.text:IPC_registerInterrupt</name>
         <load_address>0x202004</load_address>
         <run_address>0x202004</run_address>
         <size>0x64</size>
         <input_file_ref idref="fl-14"/>
      </object_component>
      <object_component id="oc-3a3">
         <name>.text:SysCtl_enablePeripheral</name>
         <load_address>0x202068</load_address>
         <run_address>0x202068</run_address>
         <size>0x48</size>
         <input_file_ref idref="fl-1a"/>
      </object_component>
      <object_component id="oc-27a">
         <name>.text:processReceivedEthernetPacket</name>
         <load_address>0x2020b0</load_address>
         <run_address>0x2020b0</run_address>
         <size>0x48</size>
         <input_file_ref idref="fl-3"/>
      </object_component>
      <object_component id="oc-237">
         <name>.text:__TI_auto_init_nobinit_nopinit:__TI_auto_init_nobinit_nopinit</name>
         <load_address>0x2020f8</load_address>
         <run_address>0x2020f8</run_address>
         <size>0x44</size>
         <input_file_ref idref="fl-eb"/>
      </object_component>
      <object_component id="oc-1f1">
         <name>.text:CM_init</name>
         <load_address>0x20213c</load_address>
         <run_address>0x20213c</run_address>
         <size>0x40</size>
         <input_file_ref idref="fl-1f"/>
      </object_component>
      <object_component id="oc-458">
         <name>.tramp.Flash_initModule.1</name>
         <load_address>0x20217c</load_address>
         <run_address>0x20217c</run_address>
         <size>0x8</size>
         <input_file_ref idref="fl-f"/>
      </object_component>
      <object_component id="oc-365">
         <name>.text:Flash_unlockCtrlRegisters</name>
         <load_address>0x202184</load_address>
         <run_address>0x202184</run_address>
         <size>0x40</size>
         <input_file_ref idref="fl-f"/>
      </object_component>
      <object_component id="oc-1cc">
         <name>.text:Ethernet_performPushOnPacketQueue</name>
         <load_address>0x2021c4</load_address>
         <run_address>0x2021c4</run_address>
         <size>0x3c</size>
         <input_file_ref idref="fl-e"/>
      </object_component>
      <object_component id="oc-36b">
         <name>.text:Flash_unlockECCRegisters</name>
         <load_address>0x202200</load_address>
         <run_address>0x202200</run_address>
         <size>0x3c</size>
         <input_file_ref idref="fl-f"/>
      </object_component>
      <object_component id="oc-30">
         <name>.text:isrIpcFromCPU1</name>
         <load_address>0x20223c</load_address>
         <run_address>0x20223c</run_address>
         <size>0x3c</size>
         <input_file_ref idref="fl-6"/>
      </object_component>
      <object_component id="oc-3ab">
         <name>.text:CPUTimer_isBaseValid</name>
         <load_address>0x202278</load_address>
         <run_address>0x202278</run_address>
         <size>0x34</size>
         <input_file_ref idref="fl-7"/>
      </object_component>
      <object_component id="oc-3e3">
         <name>.text:IPC_isFlagBusyLtoR</name>
         <load_address>0x2022ac</load_address>
         <run_address>0x2022ac</run_address>
         <size>0x34</size>
         <input_file_ref idref="fl-6"/>
      </object_component>
      <object_component id="oc-2f0">
         <name>.text:isr_CpuTimer1</name>
         <load_address>0x2022e0</load_address>
         <run_address>0x2022e0</run_address>
         <size>0x34</size>
         <input_file_ref idref="fl-7"/>
      </object_component>
      <object_component id="oc-9b">
         <name>.text:recvIpcCpu1Message</name>
         <load_address>0x202314</load_address>
         <run_address>0x202314</run_address>
         <size>0x34</size>
         <input_file_ref idref="fl-4"/>
      </object_component>
      <object_component id="oc-e5">
         <name>.text:Ethernet_configureEEEClockGatingControl</name>
         <load_address>0x202348</load_address>
         <run_address>0x202348</run_address>
         <size>0x30</size>
         <input_file_ref idref="fl-e"/>
      </object_component>
      <object_component id="oc-1b3">
         <name>.text:Ethernet_nextDescAvailable</name>
         <load_address>0x202378</load_address>
         <run_address>0x202378</run_address>
         <size>0x30</size>
         <input_file_ref idref="fl-e"/>
      </object_component>
      <object_component id="oc-341">
         <name>.text:sendIpcMessageToCPU1</name>
         <load_address>0x2023a8</load_address>
         <run_address>0x2023a8</run_address>
         <size>0x30</size>
         <input_file_ref idref="fl-6"/>
      </object_component>
      <object_component id="oc-f1">
         <name>.text:Ethernet_isTimestampIntActive</name>
         <load_address>0x2023d8</load_address>
         <run_address>0x2023d8</run_address>
         <size>0x2c</size>
         <input_file_ref idref="fl-e"/>
      </object_component>
      <object_component id="oc-f7">
         <name>.text:Ethernet_isTransmitTimestampStatusSet</name>
         <load_address>0x202404</load_address>
         <run_address>0x202404</run_address>
         <size>0x2c</size>
         <input_file_ref idref="fl-e"/>
      </object_component>
      <object_component id="oc-2a1">
         <name>.text:Ethernet_getRxERICount</name>
         <load_address>0x202430</load_address>
         <run_address>0x202430</run_address>
         <size>0x26</size>
         <input_file_ref idref="fl-e"/>
      </object_component>
      <object_component id="oc-18d">
         <name>.text:Ethernet_performPopOnPacketQueue</name>
         <load_address>0x202456</load_address>
         <run_address>0x202456</run_address>
         <size>0x26</size>
         <input_file_ref idref="fl-e"/>
      </object_component>
      <object_component id="oc-20f">
         <name>.text:Cycle_10ms</name>
         <load_address>0x20247c</load_address>
         <run_address>0x20247c</run_address>
         <size>0x24</size>
         <input_file_ref idref="fl-2"/>
      </object_component>
      <object_component id="oc-1c5">
         <name>.text:Ethernet_enableDmaInterrupt</name>
         <load_address>0x2024a0</load_address>
         <run_address>0x2024a0</run_address>
         <size>0x24</size>
         <input_file_ref idref="fl-e"/>
      </object_component>
      <object_component id="oc-a1">
         <name>.text:IPC_ackFlagRtoL</name>
         <load_address>0x2024c4</load_address>
         <run_address>0x2024c4</run_address>
         <size>0x24</size>
         <input_file_ref idref="fl-6"/>
      </object_component>
      <object_component id="oc-a7">
         <name>.text:IPC_clearFlagLtoR</name>
         <load_address>0x2024e8</load_address>
         <run_address>0x2024e8</run_address>
         <size>0x24</size>
         <input_file_ref idref="fl-6"/>
      </object_component>
      <object_component id="oc-83">
         <name>.text:_c_int00_noargs:_c_int00_noargs</name>
         <load_address>0x20250c</load_address>
         <run_address>0x20250c</run_address>
         <size>0x24</size>
         <input_file_ref idref="fl-ea"/>
      </object_component>
      <object_component id="oc-359">
         <name>.text:Flash_isCtrlBaseValid</name>
         <load_address>0x202530</load_address>
         <run_address>0x202530</run_address>
         <size>0x20</size>
         <input_file_ref idref="fl-f"/>
      </object_component>
      <object_component id="oc-35f">
         <name>.text:Flash_isECCBaseValid</name>
         <load_address>0x202550</load_address>
         <run_address>0x202550</run_address>
         <size>0x20</size>
         <input_file_ref idref="fl-f"/>
      </object_component>
      <object_component id="oc-c5">
         <name>.text:Ethernet_clearDMAChannelInterrupt</name>
         <load_address>0x202570</load_address>
         <run_address>0x202570</run_address>
         <size>0x1e</size>
         <input_file_ref idref="fl-e"/>
      </object_component>
      <object_component id="oc-1d9">
         <name>.text:Ethernet_getPHYMode</name>
         <load_address>0x20258e</load_address>
         <run_address>0x20258e</run_address>
         <size>0x1e</size>
         <input_file_ref idref="fl-e"/>
      </object_component>
      <object_component id="oc-df">
         <name>.text:Ethernet_writeRxDescTailPointer</name>
         <load_address>0x2025ac</load_address>
         <run_address>0x2025ac</run_address>
         <size>0x1e</size>
         <input_file_ref idref="fl-e"/>
      </object_component>
      <object_component id="oc-293">
         <name>.text:Ethernet_writeTxDescTailPointer</name>
         <load_address>0x2025ca</load_address>
         <run_address>0x2025ca</run_address>
         <size>0x1e</size>
         <input_file_ref idref="fl-e"/>
      </object_component>
      <object_component id="oc-34">
         <name>.text:Initial_IPC</name>
         <load_address>0x2025e8</load_address>
         <run_address>0x2025e8</run_address>
         <size>0x1c</size>
         <input_file_ref idref="fl-6"/>
      </object_component>
      <object_component id="oc-71">
         <name>.text:decompress:ZI:__TI_zero_init_nomemset:__TI_zero_init_nomemset</name>
         <load_address>0x202604</load_address>
         <run_address>0x202604</run_address>
         <size>0x1c</size>
         <input_file_ref idref="fl-e7"/>
      </object_component>
      <object_component id="oc-3bb">
         <name>.text:GPIO_isPinValid</name>
         <load_address>0x202620</load_address>
         <run_address>0x202620</run_address>
         <size>0x1a</size>
         <input_file_ref idref="fl-2"/>
      </object_component>
      <object_component id="oc-203">
         <name>.text:Interrupt_enableInProcessor</name>
         <load_address>0x20263a</load_address>
         <run_address>0x20263a</run_address>
         <size>0x18</size>
         <input_file_ref idref="fl-2"/>
      </object_component>
      <object_component id="oc-221">
         <name>.text:updateEthernetTask</name>
         <load_address>0x202652</load_address>
         <run_address>0x202652</run_address>
         <size>0x2</size>
         <input_file_ref idref="fl-5"/>
      </object_component>
      <object_component id="oc-2f6">
         <name>.text:isr_CpuTimer2</name>
         <load_address>0x202654</load_address>
         <run_address>0x202654</run_address>
         <size>0x18</size>
         <input_file_ref idref="fl-7"/>
      </object_component>
      <object_component id="oc-187">
         <name>.text:Ethernet_HW_descQueueGetCount</name>
         <load_address>0x20266c</load_address>
         <run_address>0x20266c</run_address>
         <size>0x16</size>
         <input_file_ref idref="fl-e"/>
      </object_component>
      <object_component id="oc-eb">
         <name>.text:Ethernet_disableTxEEEMode</name>
         <load_address>0x202682</load_address>
         <run_address>0x202682</run_address>
         <size>0x16</size>
         <input_file_ref idref="fl-e"/>
      </object_component>
      <object_component id="oc-2be">
         <name>.text:Interrupt_setVectorTableOffset</name>
         <load_address>0x202698</load_address>
         <run_address>0x202698</run_address>
         <size>0x14</size>
         <input_file_ref idref="fl-1f"/>
      </object_component>
      <object_component id="oc-209">
         <name>.text:Cycle_1ms</name>
         <load_address>0x2026ac</load_address>
         <run_address>0x2026ac</run_address>
         <size>0x10</size>
         <input_file_ref idref="fl-2"/>
      </object_component>
      <object_component id="oc-2ac">
         <name>.text:SysCtl_disableWatchdog</name>
         <load_address>0x2026bc</load_address>
         <run_address>0x2026bc</run_address>
         <size>0x10</size>
         <input_file_ref idref="fl-1f"/>
      </object_component>
      <object_component id="oc-29b">
         <name>.text:Ethernet_returnTopOfPacketQueue</name>
         <load_address>0x2026cc</load_address>
         <run_address>0x2026cc</run_address>
         <size>0xe</size>
         <input_file_ref idref="fl-e"/>
      </object_component>
      <object_component id="oc-16f">
         <name>.text:__error__</name>
         <load_address>0x2026da</load_address>
         <run_address>0x2026da</run_address>
         <size>0xe</size>
         <input_file_ref idref="fl-1f"/>
      </object_component>
      <object_component id="oc-22">
         <name>.text:decompress:none:__TI_decompress_none</name>
         <load_address>0x2026e8</load_address>
         <run_address>0x2026e8</run_address>
         <size>0xe</size>
         <input_file_ref idref="fl-e8"/>
      </object_component>
      <object_component id="oc-2fd">
         <name>.text:CPU_clearPRIMASK</name>
         <load_address>0x2026f6</load_address>
         <run_address>0x2026f6</run_address>
         <size>0x8</size>
         <input_file_ref idref="fl-2"/>
      </object_component>
      <object_component id="oc-143">
         <name>.text:_system_pre_init</name>
         <load_address>0x2026fe</load_address>
         <run_address>0x2026fe</run_address>
         <size>0x4</size>
         <input_file_ref idref="fl-ec"/>
      </object_component>
      <object_component id="oc-22b">
         <name>.text:abort:abort</name>
         <load_address>0x202702</load_address>
         <run_address>0x202702</run_address>
         <size>0x4</size>
         <input_file_ref idref="fl-ee"/>
      </object_component>
      <object_component id="oc-44d">
         <name>.cinit..vftable.load</name>
         <load_address>0x2027a0</load_address>
         <run_address>0x2027a0</run_address>
         <size>0x24</size>
      </object_component>
      <object_component id="oc-44b">
         <name>__TI_handler_table</name>
         <load_address>0x2027c4</load_address>
         <run_address>0x2027c4</run_address>
         <size>0xc</size>
      </object_component>
      <object_component id="oc-450">
         <name>.cinit..bss.load</name>
         <load_address>0x2027d0</load_address>
         <run_address>0x2027d0</run_address>
         <size>0x8</size>
      </object_component>
      <object_component id="oc-44f">
         <name>.cinit..data.load</name>
         <load_address>0x2027d8</load_address>
         <run_address>0x2027d8</run_address>
         <size>0x8</size>
      </object_component>
      <object_component id="oc-44e">
         <name>.cinit..vtable.load</name>
         <load_address>0x2027e0</load_address>
         <run_address>0x2027e0</run_address>
         <size>0x8</size>
      </object_component>
      <object_component id="oc-44c">
         <name>__TI_cinit_table</name>
         <load_address>0x2027e8</load_address>
         <run_address>0x2027e8</run_address>
         <size>0x20</size>
      </object_component>
      <object_component id="oc-57">
         <name>.stack</name>
         <uninitialized>true</uninitialized>
         <run_address>0x1fffc000</run_address>
         <size>0x4</size>
         <input_file_ref idref="fl-ea"/>
      </object_component>
      <object_component id="oc-452">
         <name>.stack</name>
         <uninitialized>true</uninitialized>
         <run_address>0x1fffc000</run_address>
         <size>0x0</size>
      </object_component>
      <object_component id="oc-30b">
         <name>.data</name>
         <load_address>0x2000c2cc</load_address>
         <run_address>0x2000c2cc</run_address>
         <size>0x2</size>
         <input_file_ref idref="fl-2"/>
      </object_component>
      <object_component id="oc-ce">
         <name>.data</name>
         <load_address>0x2000c270</load_address>
         <run_address>0x2000c270</run_address>
         <size>0x5c</size>
         <input_file_ref idref="fl-e"/>
      </object_component>
      <object_component id="oc-227">
         <name>.common:xTimer</name>
         <uninitialized>true</uninitialized>
         <run_address>0x2000c264</run_address>
         <size>0xc</size>
      </object_component>
      <object_component id="oc-cb">
         <name>.common:Ethernet_device_struct</name>
         <uninitialized>true</uninitialized>
         <run_address>0x2000c000</run_address>
         <size>0x264</size>
      </object_component>
      <object_component id="oc-15b">
         <name>.const:IPC_Instance</name>
         <load_address>0x202710</load_address>
         <run_address>0x202710</run_address>
         <size>0x88</size>
         <input_file_ref idref="fl-14"/>
      </object_component>
      <object_component id="oc-269">
         <name>MSGRAM_CM_TO_CPU1</name>
         <uninitialized>true</uninitialized>
         <run_address>0x20082000</run_address>
         <size>0x110</size>
         <input_file_ref idref="fl-14"/>
      </object_component>
      <object_component id="oc-26f">
         <name>MSGRAM_CM_TO_CPU2</name>
         <uninitialized>true</uninitialized>
         <run_address>0x20086000</run_address>
         <size>0x110</size>
         <input_file_ref idref="fl-14"/>
      </object_component>
      <object_component id="oc-26c">
         <name>MSGRAM_CPU1_TO_CM</name>
         <uninitialized>true</uninitialized>
         <run_address>0x20080000</run_address>
         <size>0x110</size>
         <input_file_ref idref="fl-14"/>
      </object_component>
      <object_component id="oc-272">
         <name>MSGRAM_CPU2_TO_CM</name>
         <uninitialized>true</uninitialized>
         <run_address>0x20084000</run_address>
         <size>0x110</size>
         <input_file_ref idref="fl-14"/>
      </object_component>
      <object_component id="oc-2b2">
         <name>.TI.ramfunc:Flash_initModule</name>
         <load_address>0x200010</load_address>
         <run_address>0x1fffe000</run_address>
         <size>0xbc</size>
         <input_file_ref idref="fl-f"/>
      </object_component>
      <object_component id="oc-453">
         <name>.tramp.Flash_isCtrlBaseValid.1</name>
         <load_address>0x2000cc</load_address>
         <run_address>0x1fffe0bc</run_address>
         <size>0x8</size>
         <input_file_ref idref="fl-f"/>
      </object_component>
      <object_component id="oc-454">
         <name>.tramp.__error__.1</name>
         <load_address>0x2000d4</load_address>
         <run_address>0x1fffe0c4</run_address>
         <size>0x8</size>
         <input_file_ref idref="fl-1f"/>
      </object_component>
      <object_component id="oc-455">
         <name>.tramp.Flash_isECCBaseValid.1</name>
         <load_address>0x2000dc</load_address>
         <run_address>0x1fffe0cc</run_address>
         <size>0x8</size>
         <input_file_ref idref="fl-f"/>
      </object_component>
      <object_component id="oc-456">
         <name>.tramp.Flash_unlockCtrlRegisters.1</name>
         <load_address>0x2000e4</load_address>
         <run_address>0x1fffe0d4</run_address>
         <size>0x8</size>
         <input_file_ref idref="fl-f"/>
      </object_component>
      <object_component id="oc-457">
         <name>.tramp.Flash_unlockECCRegisters.1</name>
         <load_address>0x2000ec</load_address>
         <run_address>0x1fffe0dc</run_address>
         <size>0x8</size>
         <input_file_ref idref="fl-f"/>
      </object_component>
      <object_component id="oc-371">
         <name>.TI.ramfunc:Flash_setBankPowerMode</name>
         <load_address>0x2000f4</load_address>
         <run_address>0x1fffe0e4</run_address>
         <size>0x60</size>
         <input_file_ref idref="fl-f"/>
      </object_component>
      <object_component id="oc-377">
         <name>.TI.ramfunc:Flash_setPumpPowerMode</name>
         <load_address>0x200154</load_address>
         <run_address>0x1fffe144</run_address>
         <size>0x4c</size>
         <input_file_ref idref="fl-f"/>
      </object_component>
      <object_component id="oc-389">
         <name>.TI.ramfunc:Flash_setWaitstates</name>
         <load_address>0x2001a0</load_address>
         <run_address>0x1fffe190</run_address>
         <size>0x4c</size>
         <input_file_ref idref="fl-f"/>
      </object_component>
      <object_component id="oc-37d">
         <name>.TI.ramfunc:Flash_disableDataCache</name>
         <load_address>0x2001ec</load_address>
         <run_address>0x1fffe1dc</run_address>
         <size>0x44</size>
         <input_file_ref idref="fl-f"/>
      </object_component>
      <object_component id="oc-383">
         <name>.TI.ramfunc:Flash_disableProgramCache</name>
         <load_address>0x200230</load_address>
         <run_address>0x1fffe220</run_address>
         <size>0x44</size>
         <input_file_ref idref="fl-f"/>
      </object_component>
      <object_component id="oc-38f">
         <name>.TI.ramfunc:Flash_enableDataCache</name>
         <load_address>0x200274</load_address>
         <run_address>0x1fffe264</run_address>
         <size>0x44</size>
         <input_file_ref idref="fl-f"/>
      </object_component>
      <object_component id="oc-39b">
         <name>.TI.ramfunc:Flash_enableECC</name>
         <load_address>0x2002b8</load_address>
         <run_address>0x1fffe2a8</run_address>
         <size>0x44</size>
         <input_file_ref idref="fl-f"/>
      </object_component>
      <object_component id="oc-395">
         <name>.TI.ramfunc:Flash_enableProgramCache</name>
         <load_address>0x2002fc</load_address>
         <run_address>0x1fffe2ec</run_address>
         <size>0x44</size>
         <input_file_ref idref="fl-f"/>
      </object_component>
      <object_component id="oc-279">
         <name>.debug_info</name>
         <load_address>0x0</load_address>
         <run_address>0x0</run_address>
         <size>0x42e</size>
         <input_file_ref idref="fl-2"/>
      </object_component>
      <object_component id="oc-2fe">
         <name>.debug_info</name>
         <load_address>0x42e</load_address>
         <run_address>0x42e</run_address>
         <size>0x1da</size>
         <input_file_ref idref="fl-2"/>
      </object_component>
      <object_component id="oc-204">
         <name>.debug_info</name>
         <load_address>0x608</load_address>
         <run_address>0x608</run_address>
         <size>0x213</size>
         <input_file_ref idref="fl-2"/>
      </object_component>
      <object_component id="oc-3bd">
         <name>.debug_info</name>
         <load_address>0x81b</load_address>
         <run_address>0x81b</run_address>
         <size>0x1f9</size>
         <input_file_ref idref="fl-2"/>
      </object_component>
      <object_component id="oc-307">
         <name>.debug_info</name>
         <load_address>0xa14</load_address>
         <run_address>0xa14</run_address>
         <size>0x23c</size>
         <input_file_ref idref="fl-2"/>
      </object_component>
      <object_component id="oc-14a">
         <name>.debug_info</name>
         <load_address>0xc50</load_address>
         <run_address>0xc50</run_address>
         <size>0x1dd</size>
         <input_file_ref idref="fl-2"/>
      </object_component>
      <object_component id="oc-20b">
         <name>.debug_info</name>
         <load_address>0xe2d</load_address>
         <run_address>0xe2d</run_address>
         <size>0x11c</size>
         <input_file_ref idref="fl-2"/>
      </object_component>
      <object_component id="oc-211">
         <name>.debug_info</name>
         <load_address>0xf49</load_address>
         <run_address>0xf49</run_address>
         <size>0x15a</size>
         <input_file_ref idref="fl-2"/>
      </object_component>
      <object_component id="oc-217">
         <name>.debug_info</name>
         <load_address>0x10a3</load_address>
         <run_address>0x10a3</run_address>
         <size>0x120</size>
         <input_file_ref idref="fl-2"/>
      </object_component>
      <object_component id="oc-21c">
         <name>.debug_info</name>
         <load_address>0x11c3</load_address>
         <run_address>0x11c3</run_address>
         <size>0x122</size>
         <input_file_ref idref="fl-2"/>
      </object_component>
      <object_component id="oc-19a">
         <name>.debug_info</name>
         <load_address>0x12e5</load_address>
         <run_address>0x12e5</run_address>
         <size>0x224f</size>
         <input_file_ref idref="fl-2"/>
      </object_component>
      <object_component id="oc-34c">
         <name>.debug_info</name>
         <load_address>0x3534</load_address>
         <run_address>0x3534</run_address>
         <size>0x297</size>
         <input_file_ref idref="fl-2"/>
      </object_component>
      <object_component id="oc-160">
         <name>.debug_info</name>
         <load_address>0x37cb</load_address>
         <run_address>0x37cb</run_address>
         <size>0x4e1</size>
         <input_file_ref idref="fl-2"/>
      </object_component>
      <object_component id="oc-3f5">
         <name>.debug_info</name>
         <load_address>0x3cac</load_address>
         <run_address>0x3cac</run_address>
         <size>0x147</size>
         <input_file_ref idref="fl-2"/>
      </object_component>
      <object_component id="oc-312">
         <name>.debug_info</name>
         <load_address>0x3df3</load_address>
         <run_address>0x3df3</run_address>
         <size>0xae</size>
         <input_file_ref idref="fl-2"/>
      </object_component>
      <object_component id="oc-1a2">
         <name>.debug_info</name>
         <load_address>0x3ea1</load_address>
         <run_address>0x3ea1</run_address>
         <size>0x26b</size>
         <input_file_ref idref="fl-2"/>
      </object_component>
      <object_component id="oc-284">
         <name>.debug_info</name>
         <load_address>0x410c</load_address>
         <run_address>0x410c</run_address>
         <size>0xda</size>
         <input_file_ref idref="fl-2"/>
      </object_component>
      <object_component id="oc-ba">
         <name>.debug_info</name>
         <load_address>0x41e6</load_address>
         <run_address>0x41e6</run_address>
         <size>0x8b</size>
         <input_file_ref idref="fl-2"/>
      </object_component>
      <object_component id="oc-182">
         <name>.debug_info</name>
         <load_address>0x4271</load_address>
         <run_address>0x4271</run_address>
         <size>0x2a4</size>
         <input_file_ref idref="fl-2"/>
      </object_component>
      <object_component id="oc-b5">
         <name>.debug_info</name>
         <load_address>0x4515</load_address>
         <run_address>0x4515</run_address>
         <size>0xbb</size>
         <input_file_ref idref="fl-2"/>
      </object_component>
      <object_component id="oc-1ac">
         <name>.debug_info</name>
         <load_address>0x45d0</load_address>
         <run_address>0x45d0</run_address>
         <size>0x2c</size>
         <input_file_ref idref="fl-2"/>
      </object_component>
      <object_component id="oc-1a7">
         <name>.debug_info</name>
         <load_address>0x45fc</load_address>
         <run_address>0x45fc</run_address>
         <size>0x35</size>
         <input_file_ref idref="fl-2"/>
      </object_component>
      <object_component id="oc-281">
         <name>.debug_info</name>
         <load_address>0x4631</load_address>
         <run_address>0x4631</run_address>
         <size>0x3a5</size>
         <input_file_ref idref="fl-3"/>
      </object_component>
      <object_component id="oc-167">
         <name>.debug_info</name>
         <load_address>0x49d6</load_address>
         <run_address>0x49d6</run_address>
         <size>0x1d8</size>
         <input_file_ref idref="fl-3"/>
      </object_component>
      <object_component id="oc-27b">
         <name>.debug_info</name>
         <load_address>0x4bae</load_address>
         <run_address>0x4bae</run_address>
         <size>0x1f8</size>
         <input_file_ref idref="fl-3"/>
      </object_component>
      <object_component id="oc-16c">
         <name>.debug_info</name>
         <load_address>0x4da6</load_address>
         <run_address>0x4da6</run_address>
         <size>0x3d4</size>
         <input_file_ref idref="fl-4"/>
      </object_component>
      <object_component id="oc-9d">
         <name>.debug_info</name>
         <load_address>0x517a</load_address>
         <run_address>0x517a</run_address>
         <size>0x202</size>
         <input_file_ref idref="fl-4"/>
      </object_component>
      <object_component id="oc-1f8">
         <name>.debug_info</name>
         <load_address>0x537c</load_address>
         <run_address>0x537c</run_address>
         <size>0x14c</size>
         <input_file_ref idref="fl-5"/>
      </object_component>
      <object_component id="oc-222">
         <name>.debug_info</name>
         <load_address>0x54c8</load_address>
         <run_address>0x54c8</run_address>
         <size>0x150</size>
         <input_file_ref idref="fl-5"/>
      </object_component>
      <object_component id="oc-ab">
         <name>.debug_info</name>
         <load_address>0x5618</load_address>
         <run_address>0x5618</run_address>
         <size>0x237</size>
         <input_file_ref idref="fl-6"/>
      </object_component>
      <object_component id="oc-a5">
         <name>.debug_info</name>
         <load_address>0x584f</load_address>
         <run_address>0x584f</run_address>
         <size>0x233</size>
         <input_file_ref idref="fl-6"/>
      </object_component>
      <object_component id="oc-3e7">
         <name>.debug_info</name>
         <load_address>0x5a82</load_address>
         <run_address>0x5a82</run_address>
         <size>0x23d</size>
         <input_file_ref idref="fl-6"/>
      </object_component>
      <object_component id="oc-38">
         <name>.debug_info</name>
         <load_address>0x5cbf</load_address>
         <run_address>0x5cbf</run_address>
         <size>0x167</size>
         <input_file_ref idref="fl-6"/>
      </object_component>
      <object_component id="oc-3a">
         <name>.debug_info</name>
         <load_address>0x5e26</load_address>
         <run_address>0x5e26</run_address>
         <size>0x1d0</size>
         <input_file_ref idref="fl-6"/>
      </object_component>
      <object_component id="oc-345">
         <name>.debug_info</name>
         <load_address>0x5ff6</load_address>
         <run_address>0x5ff6</run_address>
         <size>0x1e9</size>
         <input_file_ref idref="fl-6"/>
      </object_component>
      <object_component id="oc-228">
         <name>.debug_info</name>
         <load_address>0x61df</load_address>
         <run_address>0x61df</run_address>
         <size>0x434</size>
         <input_file_ref idref="fl-7"/>
      </object_component>
      <object_component id="oc-3ae">
         <name>.debug_info</name>
         <load_address>0x6613</load_address>
         <run_address>0x6613</run_address>
         <size>0x217</size>
         <input_file_ref idref="fl-7"/>
      </object_component>
      <object_component id="oc-2e1">
         <name>.debug_info</name>
         <load_address>0x682a</load_address>
         <run_address>0x682a</run_address>
         <size>0x260</size>
         <input_file_ref idref="fl-7"/>
      </object_component>
      <object_component id="oc-2db">
         <name>.debug_info</name>
         <load_address>0x6a8a</load_address>
         <run_address>0x6a8a</run_address>
         <size>0x266</size>
         <input_file_ref idref="fl-7"/>
      </object_component>
      <object_component id="oc-2d5">
         <name>.debug_info</name>
         <load_address>0x6cf0</load_address>
         <run_address>0x6cf0</run_address>
         <size>0x254</size>
         <input_file_ref idref="fl-7"/>
      </object_component>
      <object_component id="oc-2e7">
         <name>.debug_info</name>
         <load_address>0x6f44</load_address>
         <run_address>0x6f44</run_address>
         <size>0x259</size>
         <input_file_ref idref="fl-7"/>
      </object_component>
      <object_component id="oc-2c9">
         <name>.debug_info</name>
         <load_address>0x719d</load_address>
         <run_address>0x719d</run_address>
         <size>0x27c</size>
         <input_file_ref idref="fl-7"/>
      </object_component>
      <object_component id="oc-2cf">
         <name>.debug_info</name>
         <load_address>0x7419</load_address>
         <run_address>0x7419</run_address>
         <size>0x27a</size>
         <input_file_ref idref="fl-7"/>
      </object_component>
      <object_component id="oc-200">
         <name>.debug_info</name>
         <load_address>0x7693</load_address>
         <run_address>0x7693</run_address>
         <size>0x3ea</size>
         <input_file_ref idref="fl-7"/>
      </object_component>
      <object_component id="oc-2ed">
         <name>.debug_info</name>
         <load_address>0x7a7d</load_address>
         <run_address>0x7a7d</run_address>
         <size>0x13d</size>
         <input_file_ref idref="fl-7"/>
      </object_component>
      <object_component id="oc-2f3">
         <name>.debug_info</name>
         <load_address>0x7bba</load_address>
         <run_address>0x7bba</run_address>
         <size>0x13d</size>
         <input_file_ref idref="fl-7"/>
      </object_component>
      <object_component id="oc-2f9">
         <name>.debug_info</name>
         <load_address>0x7cf7</load_address>
         <run_address>0x7cf7</run_address>
         <size>0x13d</size>
         <input_file_ref idref="fl-7"/>
      </object_component>
      <object_component id="oc-60">
         <name>.debug_info</name>
         <load_address>0x7e34</load_address>
         <run_address>0x7e34</run_address>
         <size>0x84</size>
         <input_file_ref idref="fl-a"/>
      </object_component>
      <object_component id="oc-cc">
         <name>.debug_info</name>
         <load_address>0x7eb8</load_address>
         <run_address>0x7eb8</run_address>
         <size>0x433</size>
         <input_file_ref idref="fl-e"/>
      </object_component>
      <object_component id="oc-cf">
         <name>.debug_info</name>
         <load_address>0x82eb</load_address>
         <run_address>0x82eb</run_address>
         <size>0x7a4</size>
         <input_file_ref idref="fl-e"/>
      </object_component>
      <object_component id="oc-3d">
         <name>.debug_info</name>
         <load_address>0x8a8f</load_address>
         <run_address>0x8a8f</run_address>
         <size>0x22c</size>
         <input_file_ref idref="fl-e"/>
      </object_component>
      <object_component id="oc-43">
         <name>.debug_info</name>
         <load_address>0x8cbb</load_address>
         <run_address>0x8cbb</run_address>
         <size>0x22a</size>
         <input_file_ref idref="fl-e"/>
      </object_component>
      <object_component id="oc-49">
         <name>.debug_info</name>
         <load_address>0x8ee5</load_address>
         <run_address>0x8ee5</run_address>
         <size>0x739</size>
         <input_file_ref idref="fl-e"/>
      </object_component>
      <object_component id="oc-f2">
         <name>.debug_info</name>
         <load_address>0x961e</load_address>
         <run_address>0x961e</run_address>
         <size>0x1a1</size>
         <input_file_ref idref="fl-e"/>
      </object_component>
      <object_component id="oc-f8">
         <name>.debug_info</name>
         <load_address>0x97bf</load_address>
         <run_address>0x97bf</run_address>
         <size>0x1b1</size>
         <input_file_ref idref="fl-e"/>
      </object_component>
      <object_component id="oc-194">
         <name>.debug_info</name>
         <load_address>0x9970</load_address>
         <run_address>0x9970</run_address>
         <size>0x2a5</size>
         <input_file_ref idref="fl-e"/>
      </object_component>
      <object_component id="oc-c0">
         <name>.debug_info</name>
         <load_address>0x9c15</load_address>
         <run_address>0x9c15</run_address>
         <size>0x35b</size>
         <input_file_ref idref="fl-e"/>
      </object_component>
      <object_component id="oc-da">
         <name>.debug_info</name>
         <load_address>0x9f70</load_address>
         <run_address>0x9f70</run_address>
         <size>0x24d</size>
         <input_file_ref idref="fl-e"/>
      </object_component>
      <object_component id="oc-1ba">
         <name>.debug_info</name>
         <load_address>0xa1bd</load_address>
         <run_address>0xa1bd</run_address>
         <size>0x339</size>
         <input_file_ref idref="fl-e"/>
      </object_component>
      <object_component id="oc-1c0">
         <name>.debug_info</name>
         <load_address>0xa4f6</load_address>
         <run_address>0xa4f6</run_address>
         <size>0x25d</size>
         <input_file_ref idref="fl-e"/>
      </object_component>
      <object_component id="oc-d3">
         <name>.debug_info</name>
         <load_address>0xa753</load_address>
         <run_address>0xa753</run_address>
         <size>0x3b7</size>
         <input_file_ref idref="fl-e"/>
      </object_component>
      <object_component id="oc-1c6">
         <name>.debug_info</name>
         <load_address>0xab0a</load_address>
         <run_address>0xab0a</run_address>
         <size>0x208</size>
         <input_file_ref idref="fl-e"/>
      </object_component>
      <object_component id="oc-c6">
         <name>.debug_info</name>
         <load_address>0xad12</load_address>
         <run_address>0xad12</run_address>
         <size>0x214</size>
         <input_file_ref idref="fl-e"/>
      </object_component>
      <object_component id="oc-294">
         <name>.debug_info</name>
         <load_address>0xaf26</load_address>
         <run_address>0xaf26</run_address>
         <size>0x224</size>
         <input_file_ref idref="fl-e"/>
      </object_component>
      <object_component id="oc-e0">
         <name>.debug_info</name>
         <load_address>0xb14a</load_address>
         <run_address>0xb14a</run_address>
         <size>0x224</size>
         <input_file_ref idref="fl-e"/>
      </object_component>
      <object_component id="oc-2a2">
         <name>.debug_info</name>
         <load_address>0xb36e</load_address>
         <run_address>0xb36e</run_address>
         <size>0x20b</size>
         <input_file_ref idref="fl-e"/>
      </object_component>
      <object_component id="oc-18e">
         <name>.debug_info</name>
         <load_address>0xb579</load_address>
         <run_address>0xb579</run_address>
         <size>0x1f4</size>
         <input_file_ref idref="fl-e"/>
      </object_component>
      <object_component id="oc-29c">
         <name>.debug_info</name>
         <load_address>0xb76d</load_address>
         <run_address>0xb76d</run_address>
         <size>0x1cd</size>
         <input_file_ref idref="fl-e"/>
      </object_component>
      <object_component id="oc-1cd">
         <name>.debug_info</name>
         <load_address>0xb93a</load_address>
         <run_address>0xb93a</run_address>
         <size>0x215</size>
         <input_file_ref idref="fl-e"/>
      </object_component>
      <object_component id="oc-fe">
         <name>.debug_info</name>
         <load_address>0xbb4f</load_address>
         <run_address>0xbb4f</run_address>
         <size>0x260</size>
         <input_file_ref idref="fl-e"/>
      </object_component>
      <object_component id="oc-1da">
         <name>.debug_info</name>
         <load_address>0xbdaf</load_address>
         <run_address>0xbdaf</run_address>
         <size>0x1c0</size>
         <input_file_ref idref="fl-e"/>
      </object_component>
      <object_component id="oc-104">
         <name>.debug_info</name>
         <load_address>0xbf6f</load_address>
         <run_address>0xbf6f</run_address>
         <size>0x1f9</size>
         <input_file_ref idref="fl-e"/>
      </object_component>
      <object_component id="oc-10a">
         <name>.debug_info</name>
         <load_address>0xc168</load_address>
         <run_address>0xc168</run_address>
         <size>0x22e</size>
         <input_file_ref idref="fl-e"/>
      </object_component>
      <object_component id="oc-ec">
         <name>.debug_info</name>
         <load_address>0xc396</load_address>
         <run_address>0xc396</run_address>
         <size>0x1a2</size>
         <input_file_ref idref="fl-e"/>
      </object_component>
      <object_component id="oc-e6">
         <name>.debug_info</name>
         <load_address>0xc538</load_address>
         <run_address>0xc538</run_address>
         <size>0x205</size>
         <input_file_ref idref="fl-e"/>
      </object_component>
      <object_component id="oc-188">
         <name>.debug_info</name>
         <load_address>0xc73d</load_address>
         <run_address>0xc73d</run_address>
         <size>0x1ea</size>
         <input_file_ref idref="fl-e"/>
      </object_component>
      <object_component id="oc-1b4">
         <name>.debug_info</name>
         <load_address>0xc927</load_address>
         <run_address>0xc927</run_address>
         <size>0x200</size>
         <input_file_ref idref="fl-e"/>
      </object_component>
      <object_component id="oc-3a2">
         <name>.debug_info</name>
         <load_address>0xcb27</load_address>
         <run_address>0xcb27</run_address>
         <size>0x218</size>
         <input_file_ref idref="fl-f"/>
      </object_component>
      <object_component id="oc-35a">
         <name>.debug_info</name>
         <load_address>0xcd3f</load_address>
         <run_address>0xcd3f</run_address>
         <size>0x1a1</size>
         <input_file_ref idref="fl-f"/>
      </object_component>
      <object_component id="oc-361">
         <name>.debug_info</name>
         <load_address>0xcee0</load_address>
         <run_address>0xcee0</run_address>
         <size>0x19b</size>
         <input_file_ref idref="fl-f"/>
      </object_component>
      <object_component id="oc-38b">
         <name>.debug_info</name>
         <load_address>0xd07b</load_address>
         <run_address>0xd07b</run_address>
         <size>0x213</size>
         <input_file_ref idref="fl-f"/>
      </object_component>
      <object_component id="oc-372">
         <name>.debug_info</name>
         <load_address>0xd28e</load_address>
         <run_address>0xd28e</run_address>
         <size>0x228</size>
         <input_file_ref idref="fl-f"/>
      </object_component>
      <object_component id="oc-378">
         <name>.debug_info</name>
         <load_address>0xd4b6</load_address>
         <run_address>0xd4b6</run_address>
         <size>0x205</size>
         <input_file_ref idref="fl-f"/>
      </object_component>
      <object_component id="oc-397">
         <name>.debug_info</name>
         <load_address>0xd6bb</load_address>
         <run_address>0xd6bb</run_address>
         <size>0x1d2</size>
         <input_file_ref idref="fl-f"/>
      </object_component>
      <object_component id="oc-384">
         <name>.debug_info</name>
         <load_address>0xd88d</load_address>
         <run_address>0xd88d</run_address>
         <size>0x1d4</size>
         <input_file_ref idref="fl-f"/>
      </object_component>
      <object_component id="oc-392">
         <name>.debug_info</name>
         <load_address>0xda61</load_address>
         <run_address>0xda61</run_address>
         <size>0x1cc</size>
         <input_file_ref idref="fl-f"/>
      </object_component>
      <object_component id="oc-37e">
         <name>.debug_info</name>
         <load_address>0xdc2d</load_address>
         <run_address>0xdc2d</run_address>
         <size>0x1ce</size>
         <input_file_ref idref="fl-f"/>
      </object_component>
      <object_component id="oc-39c">
         <name>.debug_info</name>
         <load_address>0xddfb</load_address>
         <run_address>0xddfb</run_address>
         <size>0x1bb</size>
         <input_file_ref idref="fl-f"/>
      </object_component>
      <object_component id="oc-366">
         <name>.debug_info</name>
         <load_address>0xdfb6</load_address>
         <run_address>0xdfb6</run_address>
         <size>0x1d4</size>
         <input_file_ref idref="fl-f"/>
      </object_component>
      <object_component id="oc-36d">
         <name>.debug_info</name>
         <load_address>0xe18a</load_address>
         <run_address>0xe18a</run_address>
         <size>0x1cd</size>
         <input_file_ref idref="fl-f"/>
      </object_component>
      <object_component id="oc-2b4">
         <name>.debug_info</name>
         <load_address>0xe357</load_address>
         <run_address>0xe357</run_address>
         <size>0x39a</size>
         <input_file_ref idref="fl-f"/>
      </object_component>
      <object_component id="oc-28f">
         <name>.debug_info</name>
         <load_address>0xe6f1</load_address>
         <run_address>0xe6f1</run_address>
         <size>0x1b5</size>
         <input_file_ref idref="fl-13"/>
      </object_component>
      <object_component id="oc-28c">
         <name>.debug_info</name>
         <load_address>0xe8a6</load_address>
         <run_address>0xe8a6</run_address>
         <size>0x113</size>
         <input_file_ref idref="fl-13"/>
      </object_component>
      <object_component id="oc-17c">
         <name>.debug_info</name>
         <load_address>0xe9b9</load_address>
         <run_address>0xe9b9</run_address>
         <size>0x1c0</size>
         <input_file_ref idref="fl-13"/>
      </object_component>
      <object_component id="oc-176">
         <name>.debug_info</name>
         <load_address>0xeb79</load_address>
         <run_address>0xeb79</run_address>
         <size>0x248</size>
         <input_file_ref idref="fl-13"/>
      </object_component>
      <object_component id="oc-15f">
         <name>.debug_info</name>
         <load_address>0xedc1</load_address>
         <run_address>0xedc1</run_address>
         <size>0x326</size>
         <input_file_ref idref="fl-14"/>
      </object_component>
      <object_component id="oc-26a">
         <name>.debug_info</name>
         <load_address>0xf0e7</load_address>
         <run_address>0xf0e7</run_address>
         <size>0x121</size>
         <input_file_ref idref="fl-14"/>
      </object_component>
      <object_component id="oc-26d">
         <name>.debug_info</name>
         <load_address>0xf208</load_address>
         <run_address>0xf208</run_address>
         <size>0x121</size>
         <input_file_ref idref="fl-14"/>
      </object_component>
      <object_component id="oc-270">
         <name>.debug_info</name>
         <load_address>0xf329</load_address>
         <run_address>0xf329</run_address>
         <size>0x121</size>
         <input_file_ref idref="fl-14"/>
      </object_component>
      <object_component id="oc-273">
         <name>.debug_info</name>
         <load_address>0xf44a</load_address>
         <run_address>0xf44a</run_address>
         <size>0x121</size>
         <input_file_ref idref="fl-14"/>
      </object_component>
      <object_component id="oc-15c">
         <name>.debug_info</name>
         <load_address>0xf56b</load_address>
         <run_address>0xf56b</run_address>
         <size>0x109</size>
         <input_file_ref idref="fl-14"/>
      </object_component>
      <object_component id="oc-3ea">
         <name>.debug_info</name>
         <load_address>0xf674</load_address>
         <run_address>0xf674</run_address>
         <size>0x261</size>
         <input_file_ref idref="fl-14"/>
      </object_component>
      <object_component id="oc-96">
         <name>.debug_info</name>
         <load_address>0xf8d5</load_address>
         <run_address>0xf8d5</run_address>
         <size>0x279</size>
         <input_file_ref idref="fl-14"/>
      </object_component>
      <object_component id="oc-af">
         <name>.debug_info</name>
         <load_address>0xfb4e</load_address>
         <run_address>0xfb4e</run_address>
         <size>0x257</size>
         <input_file_ref idref="fl-14"/>
      </object_component>
      <object_component id="oc-3a5">
         <name>.debug_info</name>
         <load_address>0xfda5</load_address>
         <run_address>0xfda5</run_address>
         <size>0x1e1</size>
         <input_file_ref idref="fl-1a"/>
      </object_component>
      <object_component id="oc-28a">
         <name>.debug_info</name>
         <load_address>0xff86</load_address>
         <run_address>0xff86</run_address>
         <size>0x461</size>
         <input_file_ref idref="fl-1f"/>
      </object_component>
      <object_component id="oc-2c0">
         <name>.debug_info</name>
         <load_address>0x103e7</load_address>
         <run_address>0x103e7</run_address>
         <size>0x22a</size>
         <input_file_ref idref="fl-1f"/>
      </object_component>
      <object_component id="oc-2ad">
         <name>.debug_info</name>
         <load_address>0x10611</load_address>
         <run_address>0x10611</run_address>
         <size>0x1f4</size>
         <input_file_ref idref="fl-1f"/>
      </object_component>
      <object_component id="oc-1f2">
         <name>.debug_info</name>
         <load_address>0x10805</load_address>
         <run_address>0x10805</run_address>
         <size>0x1b8</size>
         <input_file_ref idref="fl-1f"/>
      </object_component>
      <object_component id="oc-2b9">
         <name>.debug_info</name>
         <load_address>0x109bd</load_address>
         <run_address>0x109bd</run_address>
         <size>0x316</size>
         <input_file_ref idref="fl-1f"/>
      </object_component>
      <object_component id="oc-170">
         <name>.debug_info</name>
         <load_address>0x10cd3</load_address>
         <run_address>0x10cd3</run_address>
         <size>0x18e</size>
         <input_file_ref idref="fl-1f"/>
      </object_component>
      <object_component id="oc-124">
         <name>.debug_info</name>
         <load_address>0x10e61</load_address>
         <run_address>0x10e61</run_address>
         <size>0x350</size>
         <input_file_ref idref="fl-20"/>
      </object_component>
      <object_component id="oc-4f">
         <name>.debug_info</name>
         <load_address>0x111b1</load_address>
         <run_address>0x111b1</run_address>
         <size>0x112</size>
         <input_file_ref idref="fl-20"/>
      </object_component>
      <object_component id="oc-53">
         <name>.debug_info</name>
         <load_address>0x112c3</load_address>
         <run_address>0x112c3</run_address>
         <size>0x14d</size>
         <input_file_ref idref="fl-20"/>
      </object_component>
      <object_component id="oc-111">
         <name>.debug_info</name>
         <load_address>0x11410</load_address>
         <run_address>0x11410</run_address>
         <size>0x149</size>
         <input_file_ref idref="fl-20"/>
      </object_component>
      <object_component id="oc-117">
         <name>.debug_info</name>
         <load_address>0x11559</load_address>
         <run_address>0x11559</run_address>
         <size>0x143</size>
         <input_file_ref idref="fl-20"/>
      </object_component>
      <object_component id="oc-11d">
         <name>.debug_info</name>
         <load_address>0x1169c</load_address>
         <run_address>0x1169c</run_address>
         <size>0x149</size>
         <input_file_ref idref="fl-20"/>
      </object_component>
      <object_component id="oc-68">
         <name>.debug_info</name>
         <load_address>0x117e5</load_address>
         <run_address>0x117e5</run_address>
         <size>0x119</size>
         <input_file_ref idref="fl-e4"/>
      </object_component>
      <object_component id="oc-140">
         <name>.debug_info</name>
         <load_address>0x118fe</load_address>
         <run_address>0x118fe</run_address>
         <size>0x147</size>
         <input_file_ref idref="fl-e6"/>
      </object_component>
      <object_component id="oc-13c">
         <name>.debug_info</name>
         <load_address>0x11a45</load_address>
         <run_address>0x11a45</run_address>
         <size>0x1a6</size>
         <input_file_ref idref="fl-e7"/>
      </object_component>
      <object_component id="oc-73">
         <name>.debug_info</name>
         <load_address>0x11beb</load_address>
         <run_address>0x11beb</run_address>
         <size>0x1d2</size>
         <input_file_ref idref="fl-e7"/>
      </object_component>
      <object_component id="oc-137">
         <name>.debug_info</name>
         <load_address>0x11dbd</load_address>
         <run_address>0x11dbd</run_address>
         <size>0x46</size>
         <input_file_ref idref="fl-e7"/>
      </object_component>
      <object_component id="oc-70">
         <name>.debug_info</name>
         <load_address>0x11e03</load_address>
         <run_address>0x11e03</run_address>
         <size>0x17a</size>
         <input_file_ref idref="fl-e8"/>
      </object_component>
      <object_component id="oc-23">
         <name>.debug_info</name>
         <load_address>0x11f7d</load_address>
         <run_address>0x11f7d</run_address>
         <size>0x1ea</size>
         <input_file_ref idref="fl-e8"/>
      </object_component>
      <object_component id="oc-6b">
         <name>.debug_info</name>
         <load_address>0x12167</load_address>
         <run_address>0x12167</run_address>
         <size>0x46</size>
         <input_file_ref idref="fl-e8"/>
      </object_component>
      <object_component id="oc-12f">
         <name>.debug_info</name>
         <load_address>0x121ad</load_address>
         <run_address>0x121ad</run_address>
         <size>0x2c</size>
         <input_file_ref idref="fl-e8"/>
      </object_component>
      <object_component id="oc-12d">
         <name>.debug_info</name>
         <load_address>0x121d9</load_address>
         <run_address>0x121d9</run_address>
         <size>0x170</size>
         <input_file_ref idref="fl-e9"/>
      </object_component>
      <object_component id="oc-1e">
         <name>.debug_info</name>
         <load_address>0x12349</load_address>
         <run_address>0x12349</run_address>
         <size>0x250</size>
         <input_file_ref idref="fl-e9"/>
      </object_component>
      <object_component id="oc-5b">
         <name>.debug_info</name>
         <load_address>0x12599</load_address>
         <run_address>0x12599</run_address>
         <size>0x60</size>
         <input_file_ref idref="fl-e9"/>
      </object_component>
      <object_component id="oc-1e6">
         <name>.debug_info</name>
         <load_address>0x125f9</load_address>
         <run_address>0x125f9</run_address>
         <size>0x46</size>
         <input_file_ref idref="fl-e9"/>
      </object_component>
      <object_component id="oc-128">
         <name>.debug_info</name>
         <load_address>0x1263f</load_address>
         <run_address>0x1263f</run_address>
         <size>0x39</size>
         <input_file_ref idref="fl-e9"/>
      </object_component>
      <object_component id="oc-58">
         <name>.debug_info</name>
         <load_address>0x12678</load_address>
         <run_address>0x12678</run_address>
         <size>0x10b</size>
         <input_file_ref idref="fl-ea"/>
      </object_component>
      <object_component id="oc-86">
         <name>.debug_info</name>
         <load_address>0x12783</load_address>
         <run_address>0x12783</run_address>
         <size>0x1a9</size>
         <input_file_ref idref="fl-ea"/>
      </object_component>
      <object_component id="oc-322">
         <name>.debug_info</name>
         <load_address>0x1292c</load_address>
         <run_address>0x1292c</run_address>
         <size>0x385</size>
         <input_file_ref idref="fl-eb"/>
      </object_component>
      <object_component id="oc-238">
         <name>.debug_info</name>
         <load_address>0x12cb1</load_address>
         <run_address>0x12cb1</run_address>
         <size>0x1a6</size>
         <input_file_ref idref="fl-eb"/>
      </object_component>
      <object_component id="oc-3d2">
         <name>.debug_info</name>
         <load_address>0x12e57</load_address>
         <run_address>0x12e57</run_address>
         <size>0x39</size>
         <input_file_ref idref="fl-eb"/>
      </object_component>
      <object_component id="oc-409">
         <name>.debug_info</name>
         <load_address>0x12e90</load_address>
         <run_address>0x12e90</run_address>
         <size>0x39</size>
         <input_file_ref idref="fl-eb"/>
      </object_component>
      <object_component id="oc-3d7">
         <name>.debug_info</name>
         <load_address>0x12ec9</load_address>
         <run_address>0x12ec9</run_address>
         <size>0x39</size>
         <input_file_ref idref="fl-eb"/>
      </object_component>
      <object_component id="oc-3dc">
         <name>.debug_info</name>
         <load_address>0x12f02</load_address>
         <run_address>0x12f02</run_address>
         <size>0xcd</size>
         <input_file_ref idref="fl-eb"/>
      </object_component>
      <object_component id="oc-144">
         <name>.debug_info</name>
         <load_address>0x12fcf</load_address>
         <run_address>0x12fcf</run_address>
         <size>0x153</size>
         <input_file_ref idref="fl-ec"/>
      </object_component>
      <object_component id="oc-22f">
         <name>.debug_info</name>
         <load_address>0x13122</load_address>
         <run_address>0x13122</run_address>
         <size>0x122</size>
         <input_file_ref idref="fl-ee"/>
      </object_component>
      <object_component id="oc-45c">
         <name>.debug_info</name>
         <load_address>0x13244</load_address>
         <run_address>0x13244</run_address>
         <size>0x2bb</size>
      </object_component>
      <object_component id="oc-340">
         <name>.debug_line</name>
         <load_address>0x0</load_address>
         <run_address>0x0</run_address>
         <size>0x1f4</size>
         <input_file_ref idref="fl-2"/>
      </object_component>
      <object_component id="oc-301">
         <name>.debug_line</name>
         <load_address>0x1f4</load_address>
         <run_address>0x1f4</run_address>
         <size>0x9b</size>
         <input_file_ref idref="fl-2"/>
      </object_component>
      <object_component id="oc-207">
         <name>.debug_line</name>
         <load_address>0x28f</load_address>
         <run_address>0x28f</run_address>
         <size>0xa1</size>
         <input_file_ref idref="fl-2"/>
      </object_component>
      <object_component id="oc-3bc">
         <name>.debug_line</name>
         <load_address>0x330</load_address>
         <run_address>0x330</run_address>
         <size>0x9c</size>
         <input_file_ref idref="fl-2"/>
      </object_component>
      <object_component id="oc-306">
         <name>.debug_line</name>
         <load_address>0x3cc</load_address>
         <run_address>0x3cc</run_address>
         <size>0x9e</size>
[...]
         <trampoline_address>0x1fffe0dc</trampoline_address>
         <caller_list>
            <trampoline_call_site>
               <caller_address>0x1fffe046</caller_address>
               <caller_object_component_ref idref="oc-2b2-493fed18"/>
            </trampoline_call_site>
         </caller_list>
      </far_call_trampoline>
   </far_call_trampoline_list>
   <trampoline_count>0x6</trampoline_count>
   <trampoline_call_count>0x19</trampoline_call_count>
   <symbol_table>
      <symbol id="sm-1">
         <name>RamfuncsLoadStart</name>
         <value>0x200010</value>
      </symbol>
      <symbol id="sm-2">
         <name>RamfuncsLoadSize</name>
         <value>0x330</value>
      </symbol>
      <symbol id="sm-3">
         <name>RamfuncsLoadEnd</name>
         <value>0x200340</value>
      </symbol>
      <symbol id="sm-4">
         <name>RamfuncsRunStart</name>
         <value>0x1fffe000</value>
      </symbol>
      <symbol id="sm-5">
         <name>RamfuncsRunSize</name>
         <value>0x330</value>
      </symbol>
      <symbol id="sm-6">
         <name>RamfuncsRunEnd</name>
         <value>0x1fffe330</value>
      </symbol>
      <symbol id="sm-7">
         <name>__start___llvm_prf_cnts</name>
         <value>0x2000c000</value>
      </symbol>
      <symbol id="sm-8">
         <name>__stop___llvm_prf_cnts</name>
         <value>0x2000c000</value>
      </symbol>
      <symbol id="sm-9">
         <name>__TI_CINIT_Base</name>
         <value>0x2027e8</value>
      </symbol>
      <symbol id="sm-a">
         <name>__TI_CINIT_Limit</name>
         <value>0x202808</value>
      </symbol>
      <symbol id="sm-b">
         <name>__TI_Handler_Table_Base</name>
         <value>0x2027c4</value>
      </symbol>
      <symbol id="sm-c">
         <name>__TI_Handler_Table_Limit</name>
         <value>0x2027d0</value>
      </symbol>
      <symbol id="sm-d">
         <name>binit</name>
         <value>0xffffffff</value>
      </symbol>
      <symbol id="sm-e">
         <name>__binit__</name>
         <value>0xffffffff</value>
      </symbol>
      <symbol id="sm-f">
         <name>__STACK_SIZE</name>
         <value>0x200</value>
      </symbol>
      <symbol id="sm-10">
         <name>__STACK_END</name>
         <value>0x1fffc200</value>
      </symbol>
      <symbol id="sm-11">
         <name>__c_args__</name>
         <value>0xffffffff</value>
      </symbol>
      <symbol id="sm-12">
         <name>__TI_pprof_out_hndl</name>
         <value>0xffffffff</value>
      </symbol>
      <symbol id="sm-13">
         <name>__TI_prof_data_start</name>
         <value>0xffffffff</value>
      </symbol>
      <symbol id="sm-14">
         <name>__TI_prof_data_size</name>
         <value>0xffffffff</value>
      </symbol>
      <symbol id="sm-e3">
         <name>main</name>
         <value>0x201d5d</value>
         <object_component_ref idref="oc-149"/>
      </symbol>
      <symbol id="sm-fa">
         <name>sendEthernetLoopbackPacket</name>
         <value>0x201c65</value>
         <object_component_ref idref="oc-165"/>
      </symbol>
      <symbol id="sm-fb">
         <name>processReceivedEthernetPacket</name>
         <value>0x2020b1</value>
         <object_component_ref idref="oc-27a"/>
      </symbol>
      <symbol id="sm-10a">
         <name>recvIpcCpu1Message</name>
         <value>0x202315</value>
         <object_component_ref idref="oc-9b"/>
      </symbol>
      <symbol id="sm-11c">
         <name>updateEthernetTask</name>
         <value>0x202653</value>
         <object_component_ref idref="oc-221"/>
      </symbol>
      <symbol id="sm-11d">
         <name>Initial_Ethernet</name>
         <value>0x20188f</value>
         <object_component_ref idref="oc-1f7"/>
      </symbol>
      <symbol id="sm-15f">
         <name>Initial_IPC</name>
         <value>0x2025e9</value>
         <object_component_ref idref="oc-34"/>
      </symbol>
      <symbol id="sm-160">
         <name>sendIpcMessageToCPU1</name>
         <value>0x2023a9</value>
         <object_component_ref idref="oc-341"/>
      </symbol>
      <symbol id="sm-1ef">
         <name>xTimer</name>
         <value>0x2000c264</value>
      </symbol>
      <symbol id="sm-1f0">
         <name>Initial_TIMER</name>
         <value>0x2012a9</value>
         <object_component_ref idref="oc-1fd"/>
      </symbol>
      <symbol id="sm-1f1">
         <name>isr_CpuTimer2</name>
         <value>0x202655</value>
         <object_component_ref idref="oc-2f6"/>
      </symbol>
      <symbol id="sm-1f2">
         <name>isr_CpuTimer0</name>
         <value>0x201d5b</value>
         <object_component_ref idref="oc-2ea"/>
      </symbol>
      <symbol id="sm-1f3">
         <name>isr_CpuTimer1</name>
         <value>0x2022e1</value>
         <object_component_ref idref="oc-2f0"/>
      </symbol>
      <symbol id="sm-3b7">
         <name>Ethernet_device_struct</name>
         <value>0x2000c000</value>
      </symbol>
      <symbol id="sm-3b8">
         <name>Ethernet_retrieveRxPacket</name>
         <value>0x200d51</value>
         <object_component_ref idref="oc-1b9"/>
      </symbol>
      <symbol id="sm-3b9">
         <name>Ethernet_rxChan0BufUnavail</name>
         <value>0x2000c2c0</value>
         <object_component_ref idref="oc-ce"/>
      </symbol>
      <symbol id="sm-3ba">
         <name>Ethernet_rxChan1BufUnavail</name>
         <value>0x2000c2c8</value>
         <object_component_ref idref="oc-ce"/>
      </symbol>
      <symbol id="sm-3bb">
         <name>Ethernet_numTxPktFreeCallback</name>
         <value>0x2000c270</value>
         <object_component_ref idref="oc-ce"/>
      </symbol>
      <symbol id="sm-3bc">
         <name>Ethernet_getPHYMode</name>
         <value>0x20258f</value>
         <object_component_ref idref="oc-1d9"/>
      </symbol>
      <symbol id="sm-3bd">
         <name>Ethernet_writeTxDescTailPointer</name>
         <value>0x2025cb</value>
         <object_component_ref idref="oc-293"/>
      </symbol>
      <symbol id="sm-3be">
         <name>Ethernet_transmitISR</name>
         <value>0x201f2d</value>
         <object_component_ref idref="oc-3c"/>
      </symbol>
      <symbol id="sm-3bf">
         <name>Ethernet_performPushOnPacketQueue</name>
         <value>0x2021c5</value>
         <object_component_ref idref="oc-1cc"/>
      </symbol>
      <symbol id="sm-3c0">
         <name>Ethernet_writePHYRegister</name>
         <value>0x2019c7</value>
         <object_component_ref idref="oc-109"/>
      </symbol>
      <symbol id="sm-3c1">
         <name>Ethernet_removePacketsFromTxQueue</name>
         <value>0x200f69</value>
         <object_component_ref idref="oc-bf"/>
      </symbol>
      <symbol id="sm-3c2">
         <name>Ethernet_performPopOnPacketQueue</name>
         <value>0x202457</value>
         <object_component_ref idref="oc-18d"/>
      </symbol>
      <symbol id="sm-3c3">
         <name>Ethernet_rwakeupPktReceivedCount</name>
         <value>0x2000c2b8</value>
         <object_component_ref idref="oc-ce"/>
      </symbol>
      <symbol id="sm-3c4">
         <name>Ethernet_isTimestampIntActive</name>
         <value>0x2023d9</value>
         <object_component_ref idref="oc-f1"/>
      </symbol>
      <symbol id="sm-3c5">
         <name>Ethernet_genericRxCompletionInterruptCount</name>
         <value>0x2000c294</value>
         <object_component_ref idref="oc-ce"/>
      </symbol>
      <symbol id="sm-3c6">
         <name>Ethernet_numGetPacketBufferCallback</name>
         <value>0x2000c278</value>
         <object_component_ref idref="oc-ce"/>
      </symbol>
      <symbol id="sm-3c7">
         <name>Ethernet_receiveISR</name>
         <value>0x201ebd</value>
         <object_component_ref idref="oc-42"/>
      </symbol>
      <symbol id="sm-3c8">
         <name>Ethernet_isTransmitTimestampStatusSet</name>
         <value>0x202405</value>
         <object_component_ref idref="oc-f7"/>
      </symbol>
      <symbol id="sm-3c9">
         <name>Ethernet_rxReplacementFailedCount</name>
         <value>0x2000c29c</value>
         <object_component_ref idref="oc-ce"/>
      </symbol>
      <symbol id="sm-3ca">
         <name>Ethernet_readPHYRegister</name>
         <value>0x201e4b</value>
         <object_component_ref idref="oc-103"/>
      </symbol>
      <symbol id="sm-3cb">
         <name>Ethernet_addPacketsIntoRxQueue</name>
         <value>0x201429</value>
         <object_component_ref idref="oc-d9"/>
      </symbol>
      <symbol id="sm-3cc">
         <name>Ethernet_HW_descQueueGetCount</name>
         <value>0x20266d</value>
         <object_component_ref idref="oc-187"/>
      </symbol>
      <symbol id="sm-3cd">
         <name>Ethernet_genericISR</name>
         <value>0x200541</value>
         <object_component_ref idref="oc-48"/>
      </symbol>
      <symbol id="sm-3ce">
         <name>Ethernet_clearDMAChannelInterrupt</name>
         <value>0x202571</value>
         <object_component_ref idref="oc-c5"/>
      </symbol>
      <symbol id="sm-3cf">
         <name>Ethernet_genericInterruptCount</name>
         <value>0x2000c288</value>
         <object_component_ref idref="oc-ce"/>
      </symbol>
      <symbol id="sm-3d0">
         <name>Ethernet_eeeTxLPIEntryCount</name>
         <value>0x2000c2a0</value>
         <object_component_ref idref="oc-ce"/>
      </symbol>
      <symbol id="sm-3d1">
         <name>Ethernet_eeeRxLPIEntryCount</name>
         <value>0x2000c2a8</value>
         <object_component_ref idref="oc-ce"/>
      </symbol>
      <symbol id="sm-3d2">
         <name>Ethernet_phyLinkStatusChangeInterruptCount</name>
         <value>0x2000c298</value>
         <object_component_ref idref="oc-ce"/>
      </symbol>
      <symbol id="sm-3d3">
         <name>Ethernet_rxInterruptCount</name>
         <value>0x2000c280</value>
         <object_component_ref idref="oc-ce"/>
      </symbol>
      <symbol id="sm-3d4">
         <name>Ethernet_removePacketsFromRxQueue</name>
         <value>0x2010e5</value>
         <object_component_ref idref="oc-d2"/>
      </symbol>
      <symbol id="sm-3d5">
         <name>Ethernet_configureEEEClockGatingControl</name>
         <value>0x202349</value>
         <object_component_ref idref="oc-e5"/>
      </symbol>
      <symbol id="sm-3d6">
         <name>Ethernet_addPacketsIntoTxQueue</name>
         <value>0x200a35</value>
         <object_component_ref idref="oc-193"/>
      </symbol>
      <symbol id="sm-3d7">
         <name>Ethernet_enableDmaInterrupt</name>
         <value>0x2024a1</value>
         <object_component_ref idref="oc-1c5"/>
      </symbol>
      <symbol id="sm-3d8">
         <name>Ethernet_txChan0BufUnavail</name>
         <value>0x2000c2bc</value>
         <object_component_ref idref="oc-ce"/>
      </symbol>
      <symbol id="sm-3d9">
         <name>Ethernet_earlyTxInterruptCount</name>
         <value>0x2000c290</value>
         <object_component_ref idref="oc-ce"/>
      </symbol>
      <symbol id="sm-3da">
         <name>Ethernet_txChan1BufUnavail</name>
         <value>0x2000c2c4</value>
         <object_component_ref idref="oc-ce"/>
      </symbol>
      <symbol id="sm-3db">
         <name>Ethernet_magicPktReceivedCount</name>
         <value>0x2000c2b4</value>
         <object_component_ref idref="oc-ce"/>
      </symbol>
      <symbol id="sm-3dc">
         <name>Ethernet_rxContextTimeStamp</name>
         <value>0x2000c284</value>
         <object_component_ref idref="oc-ce"/>
      </symbol>
      <symbol id="sm-3dd">
         <name>Ethernet_getOneStepTransmitTimestampPTP</name>
         <value>0x201ae5</value>
         <object_component_ref idref="oc-fd"/>
      </symbol>
      <symbol id="sm-3de">
         <name>Ethernet_numRxCallback</name>
         <value>0x2000c274</value>
         <object_component_ref idref="oc-ce"/>
      </symbol>
      <symbol id="sm-3df">
         <name>Ethernet_pmtInterruptCount</name>
         <value>0x2000c2b0</value>
         <object_component_ref idref="oc-ce"/>
      </symbol>
      <symbol id="sm-3e0">
         <name>Ethernet_getRxERICount</name>
         <value>0x202431</value>
         <object_component_ref idref="oc-2a1"/>
      </symbol>
      <symbol id="sm-3e1">
         <name>Ethernet_earlyRxInterruptCount</name>
         <value>0x2000c28c</value>
         <object_component_ref idref="oc-ce"/>
      </symbol>
      <symbol id="sm-3e2">
         <name>Ethernet_nextDescAvailable</name>
         <value>0x202379</value>
         <object_component_ref idref="oc-1b3"/>
      </symbol>
      <symbol id="sm-3e3">
         <name>Ethernet_writeRxDescTailPointer</name>
         <value>0x2025ad</value>
         <object_component_ref idref="oc-df"/>
      </symbol>
      <symbol id="sm-3e4">
         <name>Ethernet_eeeRxLPIExitCount</name>
         <value>0x2000c2ac</value>
         <object_component_ref idref="oc-ce"/>
      </symbol>
      <symbol id="sm-3e5">
         <name>Ethernet_txInterruptCount</name>
         <value>0x2000c27c</value>
         <object_component_ref idref="oc-ce"/>
      </symbol>
      <symbol id="sm-3e6">
         <name>Ethernet_disableTxEEEMode</name>
         <value>0x202683</value>
         <object_component_ref idref="oc-eb"/>
      </symbol>
      <symbol id="sm-3e7">
         <name>Ethernet_submitRxPacket</name>
         <value>0x201b65</value>
         <object_component_ref idref="oc-1bf"/>
      </symbol>
      <symbol id="sm-3e8">
         <name>Ethernet_eeeTxLPIExitCount</name>
         <value>0x2000c2a4</value>
         <object_component_ref idref="oc-ce"/>
      </symbol>
      <symbol id="sm-48f">
         <name>Flash_initModule</name>
         <value>0x1fffe001</value>
         <object_component_ref idref="oc-2b2"/>
      </symbol>
      <symbol id="sm-4d1">
         <name>vectorTableRAM</name>
         <value>0x20000800</value>
         <object_component_ref idref="oc-28b"/>
      </symbol>
      <symbol id="sm-4d2">
         <name>Interrupt_enable</name>
         <value>0x2014d1</value>
         <object_component_ref idref="oc-17b"/>
      </symbol>
      <symbol id="sm-4d3">
         <name>Interrupt_registerHandler</name>
         <value>0x20161d</value>
         <object_component_ref idref="oc-175"/>
      </symbol>
      <symbol id="sm-51f">
         <name>IPC_sendCommand</name>
         <value>0x2011cd</value>
         <object_component_ref idref="oc-3e9"/>
      </symbol>
      <symbol id="sm-520">
         <name>IPC_CM_To_CPU2_PutBuffer</name>
         <value>0x20086000</value>
         <object_component_ref idref="oc-26f"/>
      </symbol>
      <symbol id="sm-521">
         <name>IPC_registerInterrupt</name>
         <value>0x202005</value>
         <object_component_ref idref="oc-ad"/>
      </symbol>
      <symbol id="sm-522">
         <name>IPC_CM_To_CPU1_PutBuffer</name>
         <value>0x20082000</value>
         <object_component_ref idref="oc-269"/>
      </symbol>
      <symbol id="sm-523">
         <name>IPC_Instance</name>
         <value>0x202710</value>
         <object_component_ref idref="oc-15b"/>
      </symbol>
      <symbol id="sm-524">
         <name>IPC_CM_To_CPU2_GetBuffer</name>
         <value>0x20084000</value>
         <object_component_ref idref="oc-272"/>
      </symbol>
      <symbol id="sm-525">
         <name>IPC_CM_To_CPU1_GetBuffer</name>
         <value>0x20080000</value>
         <object_component_ref idref="oc-26c"/>
      </symbol>
      <symbol id="sm-526">
         <name>IPC_readCommand</name>
         <value>0x200341</value>
         <object_component_ref idref="oc-95"/>
      </symbol>
      <symbol id="sm-538">
         <name>SysCtl_enablePeripheral</name>
         <value>0x202069</value>
         <object_component_ref idref="oc-3a3"/>
      </symbol>
      <symbol id="sm-576">
         <name>CM_enableAllPeripherals</name>
         <value>0x201dd5</value>
         <object_component_ref idref="oc-2b8"/>
      </symbol>
      <symbol id="sm-577">
         <name>__error__</name>
         <value>0x2026db</value>
         <object_component_ref idref="oc-16f"/>
      </symbol>
      <symbol id="sm-578">
         <name>CM_init</name>
         <value>0x20213d</value>
         <object_component_ref idref="oc-1f1"/>
      </symbol>
      <symbol id="sm-5bb">
         <name>vectorTableFlash</name>
         <value>0x200400</value>
         <object_component_ref idref="oc-4e"/>
      </symbol>
      <symbol id="sm-5dd">
         <name>memcpy</name>
         <value>0x201759</value>
         <object_component_ref idref="oc-65"/>
      </symbol>
      <symbol id="sm-5de">
         <name>__aeabi_memcpy</name>
         <value>0x201759</value>
         <object_component_ref idref="oc-65"/>
      </symbol>
      <symbol id="sm-5df">
         <name>__aeabi_memcpy8</name>
         <value>0x201759</value>
         <object_component_ref idref="oc-65"/>
      </symbol>
      <symbol id="sm-5e0">
         <name>__aeabi_memcpy4</name>
         <value>0x201759</value>
         <object_component_ref idref="oc-65"/>
      </symbol>
      <symbol id="sm-5f0">
         <name>__aeabi_memset</name>
         <value>0x201ce3</value>
         <object_component_ref idref="oc-13d"/>
      </symbol>
      <symbol id="sm-5f1">
         <name>memset</name>
         <value>0x201ce9</value>
         <object_component_ref idref="oc-13d"/>
      </symbol>
      <symbol id="sm-5f2">
         <name>__aeabi_memset8</name>
         <value>0x201ce3</value>
         <object_component_ref idref="oc-13d"/>
      </symbol>
      <symbol id="sm-5f3">
         <name>__aeabi_memset4</name>
         <value>0x201ce3</value>
         <object_component_ref idref="oc-13d"/>
      </symbol>
      <symbol id="sm-5f4">
         <name>__aeabi_memclr8</name>
         <value>0x201ce1</value>
         <object_component_ref idref="oc-13d"/>
      </symbol>
      <symbol id="sm-5f5">
         <name>__aeabi_memclr4</name>
         <value>0x201ce1</value>
         <object_component_ref idref="oc-13d"/>
      </symbol>
      <symbol id="sm-5f6">
         <name>__aeabi_memclr</name>
         <value>0x201ce1</value>
         <object_component_ref idref="oc-13d"/>
      </symbol>
      <symbol id="sm-60a">
         <name>__TI_zero_init_nomemset</name>
         <value>0x202605</value>
         <object_component_ref idref="oc-71"/>
      </symbol>
      <symbol id="sm-621">
         <name>__TI_decompress_none</name>
         <value>0x2026e9</value>
         <object_component_ref idref="oc-22"/>
      </symbol>
      <symbol id="sm-644">
         <name>__TI_decompress_lzss</name>
         <value>0x201f9d</value>
         <object_component_ref idref="oc-1c"/>
      </symbol>
      <symbol id="sm-656">
         <name>__stack</name>
         <value>0x1fffc000</value>
         <object_component_ref idref="oc-57"/>
      </symbol>
      <symbol id="sm-657">
         <name>_c_int00_noargs</name>
         <value>0x20250d</value>
         <object_component_ref idref="oc-83"/>
      </symbol>
      <symbol id="sm-67f">
         <name>__TI_auto_init_nobinit_nopinit</name>
         <value>0x2020f9</value>
         <object_component_ref idref="oc-237"/>
      </symbol>
      <symbol id="sm-689">
         <name>_system_pre_init</name>
         <value>0x2026ff</value>
         <object_component_ref idref="oc-143"/>
      </symbol>
      <symbol id="sm-695">
         <name>C$$EXIT</name>
         <value>0x202703</value>
         <object_component_ref idref="oc-22b"/>
      </symbol>
      <symbol id="sm-696">
         <name>abort</name>
         <value>0x202703</value>
         <object_component_ref idref="oc-22b"/>
      </symbol>
      <symbol id="sm-699">
         <name>__TI_static_base__</name>
         <value>0x2027a0</value>
      </symbol>
      <symbol id="sm-69f">
         <name>__mpu_init</name>
         <value>0x0</value>
      </symbol>
      <symbol id="sm-6a0">
         <name>_system_post_cinit</name>
         <value>0x0</value>
      </symbol>
   </symbol_table>
   <title>Link successful</title>
</link_info>
